Archive member included to satisfy reference by file (symbol)

c:/altera/15.0/nios2eds/bin/gnu/h-x86_64-mingw32/bin/../lib/gcc/nios2-elf/4.9.1/../../../../../H-x86_64-mingw32/nios2-elf/lib/mno-hw-mul\libsmallc.a(lib_a-puts.o)
                              obj/default/hello_world.o (puts)
c:/altera/15.0/nios2eds/bin/gnu/h-x86_64-mingw32/bin/../lib/gcc/nios2-elf/4.9.1/../../../../../H-x86_64-mingw32/nios2-elf/lib/mno-hw-mul\libsmallc.a(lib_a-strlen.o)
                              c:/altera/15.0/nios2eds/bin/gnu/h-x86_64-mingw32/bin/../lib/gcc/nios2-elf/4.9.1/../../../../../H-x86_64-mingw32/nios2-elf/lib/mno-hw-mul\libsmallc.a(lib_a-puts.o) (strlen)
c:/altera/15.0/nios2eds/bin/gnu/h-x86_64-mingw32/bin/../lib/gcc/nios2-elf/4.9.1/../../../../../H-x86_64-mingw32/nios2-elf/lib/mno-hw-mul\libsmallc.a(lib_a-fvwrite_small_dev.o)
                              c:/altera/15.0/nios2eds/bin/gnu/h-x86_64-mingw32/bin/../lib/gcc/nios2-elf/4.9.1/../../../../../H-x86_64-mingw32/nios2-elf/lib/mno-hw-mul\libsmallc.a(lib_a-puts.o) (__sfvwrite_small_dev)
c:/altera/15.0/nios2eds/bin/gnu/h-x86_64-mingw32/bin/../lib/gcc/nios2-elf/4.9.1/../../../../../H-x86_64-mingw32/nios2-elf/lib/mno-hw-mul\libsmallc.a(lib_a-impure.o)
                              c:/altera/15.0/nios2eds/bin/gnu/h-x86_64-mingw32/bin/../lib/gcc/nios2-elf/4.9.1/../../../../../H-x86_64-mingw32/nios2-elf/lib/mno-hw-mul\libsmallc.a(lib_a-puts.o) (_impure_ptr)
c:/altera/15.0/nios2eds/bin/gnu/h-x86_64-mingw32/bin/../lib/gcc/nios2-elf/4.9.1/../../../../../H-x86_64-mingw32/nios2-elf/lib/mno-hw-mul\libsmallc.a(lib_a-writer.o)
                              c:/altera/15.0/nios2eds/bin/gnu/h-x86_64-mingw32/bin/../lib/gcc/nios2-elf/4.9.1/../../../../../H-x86_64-mingw32/nios2-elf/lib/mno-hw-mul\libsmallc.a(lib_a-fvwrite_small_dev.o) (_write_r)
c:/altera/15.0/nios2eds/bin/gnu/h-x86_64-mingw32/bin/../lib/gcc/nios2-elf/4.9.1/../../../../../H-x86_64-mingw32/nios2-elf/lib/mno-hw-mul\libsmallc.a(lib_a-int_errno.o)
                              c:/altera/15.0/nios2eds/bin/gnu/h-x86_64-mingw32/bin/../lib/gcc/nios2-elf/4.9.1/../../../../../H-x86_64-mingw32/nios2-elf/lib/mno-hw-mul\libsmallc.a(lib_a-writer.o) (errno)
../qbert_game_6_cubes_bsp/\libhal_bsp.a(alt_load.o)
                              ../qbert_game_6_cubes_bsp//obj/HAL/src/crt0.o (alt_load)
../qbert_game_6_cubes_bsp/\libhal_bsp.a(alt_main.o)
                              ../qbert_game_6_cubes_bsp//obj/HAL/src/crt0.o (alt_main)
../qbert_game_6_cubes_bsp/\libhal_bsp.a(alt_write.o)
                              c:/altera/15.0/nios2eds/bin/gnu/h-x86_64-mingw32/bin/../lib/gcc/nios2-elf/4.9.1/../../../../../H-x86_64-mingw32/nios2-elf/lib/mno-hw-mul\libsmallc.a(lib_a-writer.o) (write)
../qbert_game_6_cubes_bsp/\libhal_bsp.a(alt_sys_init.o)
                              ../qbert_game_6_cubes_bsp/\libhal_bsp.a(alt_main.o) (alt_irq_init)
../qbert_game_6_cubes_bsp/\libhal_bsp.a(altera_avalon_jtag_uart_fd.o)
                              ../qbert_game_6_cubes_bsp/\libhal_bsp.a(alt_sys_init.o) (altera_avalon_jtag_uart_read_fd)
../qbert_game_6_cubes_bsp/\libhal_bsp.a(altera_avalon_jtag_uart_read.o)
                              ../qbert_game_6_cubes_bsp/\libhal_bsp.a(altera_avalon_jtag_uart_fd.o) (altera_avalon_jtag_uart_read)
../qbert_game_6_cubes_bsp/\libhal_bsp.a(altera_avalon_jtag_uart_write.o)
                              ../qbert_game_6_cubes_bsp/\libhal_bsp.a(altera_avalon_jtag_uart_fd.o) (altera_avalon_jtag_uart_write)
../qbert_game_6_cubes_bsp/\libhal_bsp.a(altera_avalon_timer_vars.o)
                              ../qbert_game_6_cubes_bsp/\libhal_bsp.a(alt_sys_init.o) (altera_avalon_timer_ts_base)
../qbert_game_6_cubes_bsp/\libhal_bsp.a(alt_close.o)
                              ../qbert_game_6_cubes_bsp/\libhal_bsp.a(alt_main.o) (close)
../qbert_game_6_cubes_bsp/\libhal_bsp.a(alt_dcache_flush_all.o)
                              ../qbert_game_6_cubes_bsp/\libhal_bsp.a(alt_load.o) (alt_dcache_flush_all)
../qbert_game_6_cubes_bsp/\libhal_bsp.a(alt_dev.o)
                              ../qbert_game_6_cubes_bsp/\libhal_bsp.a(alt_sys_init.o) (alt_dev_list)
../qbert_game_6_cubes_bsp/\libhal_bsp.a(alt_dev_llist_insert.o)
                              ../qbert_game_6_cubes_bsp/\libhal_bsp.a(alt_sys_init.o) (alt_dev_llist_insert)
../qbert_game_6_cubes_bsp/\libhal_bsp.a(alt_do_ctors.o)
                              ../qbert_game_6_cubes_bsp/\libhal_bsp.a(alt_main.o) (_do_ctors)
../qbert_game_6_cubes_bsp/\libhal_bsp.a(alt_do_dtors.o)
                              ../qbert_game_6_cubes_bsp/\libhal_bsp.a(alt_main.o) (_do_dtors)
../qbert_game_6_cubes_bsp/\libhal_bsp.a(alt_errno.o)
                              ../qbert_game_6_cubes_bsp/\libhal_bsp.a(alt_write.o) (alt_errno)
../qbert_game_6_cubes_bsp/\libhal_bsp.a(alt_icache_flush_all.o)
                              ../qbert_game_6_cubes_bsp/\libhal_bsp.a(alt_load.o) (alt_icache_flush_all)
../qbert_game_6_cubes_bsp/\libhal_bsp.a(alt_io_redirect.o)
                              ../qbert_game_6_cubes_bsp/\libhal_bsp.a(alt_main.o) (alt_io_redirect)
../qbert_game_6_cubes_bsp/\libhal_bsp.a(alt_open.o)
                              ../qbert_game_6_cubes_bsp/\libhal_bsp.a(alt_io_redirect.o) (open)
../qbert_game_6_cubes_bsp/\libhal_bsp.a(alt_release_fd.o)
                              ../qbert_game_6_cubes_bsp/\libhal_bsp.a(alt_close.o) (alt_release_fd)
../qbert_game_6_cubes_bsp/\libhal_bsp.a(altera_nios2_gen2_irq.o)
                              ../qbert_game_6_cubes_bsp/\libhal_bsp.a(alt_sys_init.o) (altera_nios2_gen2_irq_init)
../qbert_game_6_cubes_bsp/\libhal_bsp.a(alt_find_dev.o)
                              ../qbert_game_6_cubes_bsp/\libhal_bsp.a(alt_open.o) (alt_find_dev)
../qbert_game_6_cubes_bsp/\libhal_bsp.a(alt_find_file.o)
                              ../qbert_game_6_cubes_bsp/\libhal_bsp.a(alt_open.o) (alt_find_file)
../qbert_game_6_cubes_bsp/\libhal_bsp.a(alt_get_fd.o)
                              ../qbert_game_6_cubes_bsp/\libhal_bsp.a(alt_open.o) (alt_get_fd)
c:/altera/15.0/nios2eds/bin/gnu/h-x86_64-mingw32/bin/../lib/gcc/nios2-elf/4.9.1/../../../../../H-x86_64-mingw32/nios2-elf/lib/mno-hw-mul\libsmallc.a(lib_a-atexit.o)
                              ../qbert_game_6_cubes_bsp/\libhal_bsp.a(alt_main.o) (atexit)
c:/altera/15.0/nios2eds/bin/gnu/h-x86_64-mingw32/bin/../lib/gcc/nios2-elf/4.9.1/../../../../../H-x86_64-mingw32/nios2-elf/lib/mno-hw-mul\libsmallc.a(lib_a-exit.o)
                              ../qbert_game_6_cubes_bsp/\libhal_bsp.a(alt_main.o) (exit)
c:/altera/15.0/nios2eds/bin/gnu/h-x86_64-mingw32/bin/../lib/gcc/nios2-elf/4.9.1/../../../../../H-x86_64-mingw32/nios2-elf/lib/mno-hw-mul\libsmallc.a(lib_a-memcmp.o)
                              ../qbert_game_6_cubes_bsp/\libhal_bsp.a(alt_find_dev.o) (memcmp)
c:/altera/15.0/nios2eds/bin/gnu/h-x86_64-mingw32/bin/../lib/gcc/nios2-elf/4.9.1/../../../../../H-x86_64-mingw32/nios2-elf/lib/mno-hw-mul\libsmallc.a(lib_a-__atexit.o)
                              c:/altera/15.0/nios2eds/bin/gnu/h-x86_64-mingw32/bin/../lib/gcc/nios2-elf/4.9.1/../../../../../H-x86_64-mingw32/nios2-elf/lib/mno-hw-mul\libsmallc.a(lib_a-atexit.o) (__register_exitproc)
c:/altera/15.0/nios2eds/bin/gnu/h-x86_64-mingw32/bin/../lib/gcc/nios2-elf/4.9.1/../../../../../H-x86_64-mingw32/nios2-elf/lib/mno-hw-mul\libsmallc.a(lib_a-__call_atexit.o)
                              c:/altera/15.0/nios2eds/bin/gnu/h-x86_64-mingw32/bin/../lib/gcc/nios2-elf/4.9.1/../../../../../H-x86_64-mingw32/nios2-elf/lib/mno-hw-mul\libsmallc.a(lib_a-exit.o) (__call_exitprocs)
c:/altera/15.0/nios2eds/bin/gnu/h-x86_64-mingw32/bin/../lib/gcc/nios2-elf/4.9.1/mno-hw-mul\libgcc.a(lib2-mul.o)
                              ../qbert_game_6_cubes_bsp/\libhal_bsp.a(alt_write.o) (__mulsi3)
../qbert_game_6_cubes_bsp/\libhal_bsp.a(alt_exit.o)
                              c:/altera/15.0/nios2eds/bin/gnu/h-x86_64-mingw32/bin/../lib/gcc/nios2-elf/4.9.1/../../../../../H-x86_64-mingw32/nios2-elf/lib/mno-hw-mul\libsmallc.a(lib_a-exit.o) (_exit)

Allocating common symbols
Common symbol       size              file

errno               0x4               c:/altera/15.0/nios2eds/bin/gnu/h-x86_64-mingw32/bin/../lib/gcc/nios2-elf/4.9.1/../../../../../H-x86_64-mingw32/nios2-elf/lib/mno-hw-mul\libsmallc.a(lib_a-int_errno.o)

Memory Configuration

Name             Origin             Length             Attributes
reset            0x0000000000008000 0x0000000000000020
onchip_mem       0x0000000000008020 0x0000000000004e00
*default*        0x0000000000000000 0xffffffffffffffff

Linker script and memory map

LOAD ../qbert_game_6_cubes_bsp//obj/HAL/src/crt0.o
LOAD obj/default/hello_world.o
LOAD c:/altera/15.0/nios2eds/bin/gnu/h-x86_64-mingw32/bin/../lib/gcc/nios2-elf/4.9.1/../../../../../H-x86_64-mingw32/nios2-elf/lib/mno-hw-mul\libstdc++.a
LOAD c:/altera/15.0/nios2eds/bin/gnu/h-x86_64-mingw32/bin/../lib/gcc/nios2-elf/4.9.1/../../../../../H-x86_64-mingw32/nios2-elf/lib/mno-hw-mul\libm.a
LOAD c:/altera/15.0/nios2eds/bin/gnu/h-x86_64-mingw32/bin/../lib/gcc/nios2-elf/4.9.1/mno-hw-mul\libgcc.a
START GROUP
LOAD c:/altera/15.0/nios2eds/bin/gnu/h-x86_64-mingw32/bin/../lib/gcc/nios2-elf/4.9.1/../../../../../H-x86_64-mingw32/nios2-elf/lib/mno-hw-mul\libsmallc.a
LOAD c:/altera/15.0/nios2eds/bin/gnu/h-x86_64-mingw32/bin/../lib/gcc/nios2-elf/4.9.1/mno-hw-mul\libgcc.a
LOAD ../qbert_game_6_cubes_bsp/\libhal_bsp.a
LOAD c:/altera/15.0/nios2eds/bin/gnu/h-x86_64-mingw32/bin/../lib/gcc/nios2-elf/4.9.1/../../../../../H-x86_64-mingw32/nios2-elf/lib/mno-hw-mul\libm.a
END GROUP
LOAD c:/altera/15.0/nios2eds/bin/gnu/h-x86_64-mingw32/bin/../lib/gcc/nios2-elf/4.9.1/mno-hw-mul\libgcc.a
                0x0000000000008000                __alt_mem_onchip_mem = 0x8000

.entry          0x0000000000008000       0x20
 *(.entry)
 .entry         0x0000000000008000       0x20 ../qbert_game_6_cubes_bsp//obj/HAL/src/crt0.o
                0x0000000000008000                __reset

.exceptions     0x0000000000008020        0x0
                0x0000000000008020                PROVIDE (__ram_exceptions_start, ABSOLUTE (.))
                0x0000000000008020                . = ALIGN (0x20)
 *(.irq)
 *(.exceptions.entry.label)
 *(.exceptions.entry.user)
 *(.exceptions.entry.ecc_fatal)
 *(.exceptions.entry)
 *(.exceptions.irqtest.user)
 *(.exceptions.irqtest)
 *(.exceptions.irqhandler.user)
 *(.exceptions.irqhandler)
 *(.exceptions.irqreturn.user)
 *(.exceptions.irqreturn)
 *(.exceptions.notirq.label)
 *(.exceptions.notirq.user)
 *(.exceptions.notirq)
 *(.exceptions.soft.user)
 *(.exceptions.soft)
 *(.exceptions.unknown.user)
 *(.exceptions.unknown)
 *(.exceptions.exit.label)
 *(.exceptions.exit.user)
 *(.exceptions.exit)
 *(.exceptions)
                0x0000000000008020                PROVIDE (__ram_exceptions_end, ABSOLUTE (.))
                0x0000000000008020                PROVIDE (__flash_exceptions_start, LOADADDR (.exceptions))

.text           0x0000000000008020     0x1698
                0x0000000000008020                PROVIDE (stext, ABSOLUTE (.))
 *(.interp)
 *(.hash)
 *(.dynsym)
 *(.dynstr)
 *(.gnu.version)
 *(.gnu.version_d)
 *(.gnu.version_r)
 *(.rel.init)
 *(.rela.init)
 *(.rel.text .rel.text.* .rel.gnu.linkonce.t.*)
 *(.rela.text .rela.text.* .rela.gnu.linkonce.t.*)
 *(.rel.fini)
 *(.rela.fini)
 *(.rel.rodata .rel.rodata.* .rel.gnu.linkonce.r.*)
 *(.rela.rodata .rela.rodata.* .rela.gnu.linkonce.r.*)
 *(.rel.data .rel.data.* .rel.gnu.linkonce.d.*)
 *(.rela.data .rela.data.* .rela.gnu.linkonce.d.*)
 *(.rel.tdata .rel.tdata.* .rel.gnu.linkonce.td.*)
 *(.rela.tdata .rela.tdata.* .rela.gnu.linkonce.td.*)
 *(.rel.tbss .rel.tbss.* .rel.gnu.linkonce.tb.*)
 *(.rela.tbss .rela.tbss.* .rela.gnu.linkonce.tb.*)
 *(.rel.ctors)
 *(.rela.ctors)
 *(.rel.dtors)
 *(.rela.dtors)
 *(.rel.got)
 *(.rela.got)
 *(.rel.sdata .rel.sdata.* .rel.gnu.linkonce.s.*)
 *(.rela.sdata .rela.sdata.* .rela.gnu.linkonce.s.*)
 *(.rel.sbss .rel.sbss.* .rel.gnu.linkonce.sb.*)
 *(.rela.sbss .rela.sbss.* .rela.gnu.linkonce.sb.*)
 *(.rel.sdata2 .rel.sdata2.* .rel.gnu.linkonce.s2.*)
 *(.rela.sdata2 .rela.sdata2.* .rela.gnu.linkonce.s2.*)
 *(.rel.sbss2 .rel.sbss2.* .rel.gnu.linkonce.sb2.*)
 *(.rela.sbss2 .rela.sbss2.* .rela.gnu.linkonce.sb2.*)
 *(.rel.bss .rel.bss.* .rel.gnu.linkonce.b.*)
 *(.rela.bss .rela.bss.* .rela.gnu.linkonce.b.*)
 *(.rel.plt)
 *(.rela.plt)
 *(.rel.dyn)
 *(.init)
 *(.plt)
 *(.text .stub .text.* .gnu.linkonce.t.*)
 .text          0x0000000000008020       0x3c ../qbert_game_6_cubes_bsp//obj/HAL/src/crt0.o
                0x0000000000008020                _start
 .text          0x000000000000805c      0x110 obj/default/hello_world.o
                0x000000000000805c                main
 .text          0x000000000000816c       0x94 c:/altera/15.0/nios2eds/bin/gnu/h-x86_64-mingw32/bin/../lib/gcc/nios2-elf/4.9.1/../../../../../H-x86_64-mingw32/nios2-elf/lib/mno-hw-mul\libsmallc.a(lib_a-puts.o)
                0x000000000000816c                _puts_r
                0x00000000000081ec                puts
 .text          0x0000000000008200       0x1c c:/altera/15.0/nios2eds/bin/gnu/h-x86_64-mingw32/bin/../lib/gcc/nios2-elf/4.9.1/../../../../../H-x86_64-mingw32/nios2-elf/lib/mno-hw-mul\libsmallc.a(lib_a-strlen.o)
                0x0000000000008200                strlen
 .text          0x000000000000821c       0xac c:/altera/15.0/nios2eds/bin/gnu/h-x86_64-mingw32/bin/../lib/gcc/nios2-elf/4.9.1/../../../../../H-x86_64-mingw32/nios2-elf/lib/mno-hw-mul\libsmallc.a(lib_a-fvwrite_small_dev.o)
                0x000000000000821c                __sfvwrite_small_dev
 .text          0x00000000000082c8        0x0 c:/altera/15.0/nios2eds/bin/gnu/h-x86_64-mingw32/bin/../lib/gcc/nios2-elf/4.9.1/../../../../../H-x86_64-mingw32/nios2-elf/lib/mno-hw-mul\libsmallc.a(lib_a-impure.o)
 .text          0x00000000000082c8       0x58 c:/altera/15.0/nios2eds/bin/gnu/h-x86_64-mingw32/bin/../lib/gcc/nios2-elf/4.9.1/../../../../../H-x86_64-mingw32/nios2-elf/lib/mno-hw-mul\libsmallc.a(lib_a-writer.o)
                0x00000000000082c8                _write_r
 .text          0x0000000000008320        0x0 c:/altera/15.0/nios2eds/bin/gnu/h-x86_64-mingw32/bin/../lib/gcc/nios2-elf/4.9.1/../../../../../H-x86_64-mingw32/nios2-elf/lib/mno-hw-mul\libsmallc.a(lib_a-int_errno.o)
 .text          0x0000000000008320       0xe4 ../qbert_game_6_cubes_bsp/\libhal_bsp.a(alt_load.o)
                0x0000000000008384                alt_load
 .text          0x0000000000008404       0x78 ../qbert_game_6_cubes_bsp/\libhal_bsp.a(alt_main.o)
                0x0000000000008404                alt_main
 .text          0x000000000000847c      0x150 ../qbert_game_6_cubes_bsp/\libhal_bsp.a(alt_write.o)
                0x00000000000084cc                write
 .text          0x00000000000085cc       0xc8 ../qbert_game_6_cubes_bsp/\libhal_bsp.a(alt_sys_init.o)
                0x0000000000008604                alt_irq_init
                0x0000000000008638                alt_sys_init
 .text          0x0000000000008694       0xc0 ../qbert_game_6_cubes_bsp/\libhal_bsp.a(altera_avalon_jtag_uart_fd.o)
                0x0000000000008694                altera_avalon_jtag_uart_read_fd
                0x00000000000086f4                altera_avalon_jtag_uart_write_fd
 .text          0x0000000000008754       0xe4 ../qbert_game_6_cubes_bsp/\libhal_bsp.a(altera_avalon_jtag_uart_read.o)
                0x0000000000008754                altera_avalon_jtag_uart_read
 .text          0x0000000000008838       0x94 ../qbert_game_6_cubes_bsp/\libhal_bsp.a(altera_avalon_jtag_uart_write.o)
                0x0000000000008838                altera_avalon_jtag_uart_write
 .text          0x00000000000088cc        0x0 ../qbert_game_6_cubes_bsp/\libhal_bsp.a(altera_avalon_timer_vars.o)
 .text          0x00000000000088cc      0x128 ../qbert_game_6_cubes_bsp/\libhal_bsp.a(alt_close.o)
                0x000000000000891c                close
 .text          0x00000000000089f4       0x1c ../qbert_game_6_cubes_bsp/\libhal_bsp.a(alt_dcache_flush_all.o)
                0x00000000000089f4                alt_dcache_flush_all
 .text          0x0000000000008a10       0x2c ../qbert_game_6_cubes_bsp/\libhal_bsp.a(alt_dev.o)
 .text          0x0000000000008a3c       0xf4 ../qbert_game_6_cubes_bsp/\libhal_bsp.a(alt_dev_llist_insert.o)
                0x0000000000008a8c                alt_dev_llist_insert
 .text          0x0000000000008b30       0x5c ../qbert_game_6_cubes_bsp/\libhal_bsp.a(alt_do_ctors.o)
                0x0000000000008b30                _do_ctors
 .text          0x0000000000008b8c       0x5c ../qbert_game_6_cubes_bsp/\libhal_bsp.a(alt_do_dtors.o)
                0x0000000000008b8c                _do_dtors
 .text          0x0000000000008be8        0x0 ../qbert_game_6_cubes_bsp/\libhal_bsp.a(alt_errno.o)
 .text          0x0000000000008be8       0x1c ../qbert_game_6_cubes_bsp/\libhal_bsp.a(alt_icache_flush_all.o)
                0x0000000000008be8                alt_icache_flush_all
 .text          0x0000000000008c04      0x158 ../qbert_game_6_cubes_bsp/\libhal_bsp.a(alt_io_redirect.o)
                0x0000000000008ce4                alt_io_redirect
 .text          0x0000000000008d5c      0x2a4 ../qbert_game_6_cubes_bsp/\libhal_bsp.a(alt_open.o)
                0x0000000000008ea0                open
 .text          0x0000000000009000       0x80 ../qbert_game_6_cubes_bsp/\libhal_bsp.a(alt_release_fd.o)
                0x0000000000009000                alt_release_fd
 .text          0x0000000000009080       0x20 ../qbert_game_6_cubes_bsp/\libhal_bsp.a(altera_nios2_gen2_irq.o)
                0x0000000000009080                altera_nios2_gen2_irq_init
 .text          0x00000000000090a0       0x90 ../qbert_game_6_cubes_bsp/\libhal_bsp.a(alt_find_dev.o)
                0x00000000000090a0                alt_find_dev
 .text          0x0000000000009130      0x114 ../qbert_game_6_cubes_bsp/\libhal_bsp.a(alt_find_file.o)
                0x0000000000009130                alt_find_file
 .text          0x0000000000009244       0xd4 ../qbert_game_6_cubes_bsp/\libhal_bsp.a(alt_get_fd.o)
                0x0000000000009244                alt_get_fd
 .text          0x0000000000009318       0x14 c:/altera/15.0/nios2eds/bin/gnu/h-x86_64-mingw32/bin/../lib/gcc/nios2-elf/4.9.1/../../../../../H-x86_64-mingw32/nios2-elf/lib/mno-hw-mul\libsmallc.a(lib_a-atexit.o)
                0x0000000000009318                atexit
 .text          0x000000000000932c       0x20 c:/altera/15.0/nios2eds/bin/gnu/h-x86_64-mingw32/bin/../lib/gcc/nios2-elf/4.9.1/../../../../../H-x86_64-mingw32/nios2-elf/lib/mno-hw-mul\libsmallc.a(lib_a-exit.o)
                0x000000000000932c                exit
 .text          0x000000000000934c       0x30 c:/altera/15.0/nios2eds/bin/gnu/h-x86_64-mingw32/bin/../lib/gcc/nios2-elf/4.9.1/../../../../../H-x86_64-mingw32/nios2-elf/lib/mno-hw-mul\libsmallc.a(lib_a-memcmp.o)
                0x000000000000934c                memcmp
 .text          0x000000000000937c      0x144 c:/altera/15.0/nios2eds/bin/gnu/h-x86_64-mingw32/bin/../lib/gcc/nios2-elf/4.9.1/../../../../../H-x86_64-mingw32/nios2-elf/lib/mno-hw-mul\libsmallc.a(lib_a-__atexit.o)
                0x000000000000937c                __register_exitproc
 .text          0x00000000000094c0      0x19c c:/altera/15.0/nios2eds/bin/gnu/h-x86_64-mingw32/bin/../lib/gcc/nios2-elf/4.9.1/../../../../../H-x86_64-mingw32/nios2-elf/lib/mno-hw-mul\libsmallc.a(lib_a-__call_atexit.o)
                0x00000000000094c0                __call_exitprocs
 .text          0x000000000000965c       0x28 c:/altera/15.0/nios2eds/bin/gnu/h-x86_64-mingw32/bin/../lib/gcc/nios2-elf/4.9.1/mno-hw-mul\libgcc.a(lib2-mul.o)
                0x000000000000965c                __mulsi3
 .text          0x0000000000009684       0x34 ../qbert_game_6_cubes_bsp/\libhal_bsp.a(alt_exit.o)
                0x0000000000009684                _exit
 *(.gnu.warning.*)
 *(.fini)
                0x00000000000096b8                PROVIDE (__etext, ABSOLUTE (.))
                0x00000000000096b8                PROVIDE (_etext, ABSOLUTE (.))
                0x00000000000096b8                PROVIDE (etext, ABSOLUTE (.))
 *(.eh_frame_hdr)
                0x00000000000096b8                . = ALIGN (0x4)
                0x00000000000096b8                PROVIDE (__preinit_array_start, ABSOLUTE (.))
 *(.preinit_array)
                0x00000000000096b8                PROVIDE (__preinit_array_end, ABSOLUTE (.))
                0x00000000000096b8                PROVIDE (__init_array_start, ABSOLUTE (.))
 *(.init_array)
                0x00000000000096b8                PROVIDE (__init_array_end, ABSOLUTE (.))
                0x00000000000096b8                PROVIDE (__fini_array_start, ABSOLUTE (.))
 *(.fini_array)
                0x00000000000096b8                PROVIDE (__fini_array_end, ABSOLUTE (.))
 *(.eh_frame)
 *(.gcc_except_table .gcc_except_table.*)
 *(.dynamic)
                0x00000000000096b8                PROVIDE (__CTOR_LIST__, ABSOLUTE (.))
 *(.ctors)
 *(SORT(.ctors.*))
                0x00000000000096b8                PROVIDE (__CTOR_END__, ABSOLUTE (.))
                0x00000000000096b8                PROVIDE (__DTOR_LIST__, ABSOLUTE (.))
 *(.dtors)
 *(SORT(.dtors.*))
                0x00000000000096b8                PROVIDE (__DTOR_END__, ABSOLUTE (.))
 *(.jcr)
                0x00000000000096b8                . = ALIGN (0x4)

.rodata         0x00000000000096b8       0x48
                0x00000000000096b8                PROVIDE (__ram_rodata_start, ABSOLUTE (.))
                0x00000000000096b8                . = ALIGN (0x4)
 *(.rodata .rodata.* .gnu.linkonce.r.*)
 .rodata        0x00000000000096b8       0x10 obj/default/hello_world.o
 .rodata.str1.4
                0x00000000000096c8        0x4 c:/altera/15.0/nios2eds/bin/gnu/h-x86_64-mingw32/bin/../lib/gcc/nios2-elf/4.9.1/../../../../../H-x86_64-mingw32/nios2-elf/lib/mno-hw-mul\libsmallc.a(lib_a-puts.o)
 .rodata        0x00000000000096cc       0x14 ../qbert_game_6_cubes_bsp/\libhal_bsp.a(alt_main.o)
 .rodata        0x00000000000096e0       0x14 ../qbert_game_6_cubes_bsp/\libhal_bsp.a(alt_sys_init.o)
 .rodata        0x00000000000096f4        0xc ../qbert_game_6_cubes_bsp/\libhal_bsp.a(alt_dev.o)
 *(.rodata1)
                0x0000000000009700                . = ALIGN (0x4)
                0x0000000000009700                PROVIDE (__ram_rodata_end, ABSOLUTE (.))
                0x00000000000096b8                PROVIDE (__flash_rodata_start, LOADADDR (.rodata))

.rwdata         0x0000000000009700      0x2d4 load address 0x00000000000099d4
                0x0000000000009700                PROVIDE (__ram_rwdata_start, ABSOLUTE (.))
                0x0000000000009700                . = ALIGN (0x4)
 *(.got.plt)
 *(.got)
 *(.data1)
 *(.data .data.* .gnu.linkonce.d.*)
 .data          0x0000000000009700        0x0 ../qbert_game_6_cubes_bsp//obj/HAL/src/crt0.o
 .data          0x0000000000009700        0x0 obj/default/hello_world.o
 .data          0x0000000000009700        0x0 c:/altera/15.0/nios2eds/bin/gnu/h-x86_64-mingw32/bin/../lib/gcc/nios2-elf/4.9.1/../../../../../H-x86_64-mingw32/nios2-elf/lib/mno-hw-mul\libsmallc.a(lib_a-puts.o)
 .data          0x0000000000009700        0x0 c:/altera/15.0/nios2eds/bin/gnu/h-x86_64-mingw32/bin/../lib/gcc/nios2-elf/4.9.1/../../../../../H-x86_64-mingw32/nios2-elf/lib/mno-hw-mul\libsmallc.a(lib_a-strlen.o)
 .data          0x0000000000009700        0x0 c:/altera/15.0/nios2eds/bin/gnu/h-x86_64-mingw32/bin/../lib/gcc/nios2-elf/4.9.1/../../../../../H-x86_64-mingw32/nios2-elf/lib/mno-hw-mul\libsmallc.a(lib_a-fvwrite_small_dev.o)
 .data          0x0000000000009700       0xe0 c:/altera/15.0/nios2eds/bin/gnu/h-x86_64-mingw32/bin/../lib/gcc/nios2-elf/4.9.1/../../../../../H-x86_64-mingw32/nios2-elf/lib/mno-hw-mul\libsmallc.a(lib_a-impure.o)
 .data          0x00000000000097e0        0x0 c:/altera/15.0/nios2eds/bin/gnu/h-x86_64-mingw32/bin/../lib/gcc/nios2-elf/4.9.1/../../../../../H-x86_64-mingw32/nios2-elf/lib/mno-hw-mul\libsmallc.a(lib_a-writer.o)
 .data          0x00000000000097e0        0x0 c:/altera/15.0/nios2eds/bin/gnu/h-x86_64-mingw32/bin/../lib/gcc/nios2-elf/4.9.1/../../../../../H-x86_64-mingw32/nios2-elf/lib/mno-hw-mul\libsmallc.a(lib_a-int_errno.o)
 .data          0x00000000000097e0        0x0 ../qbert_game_6_cubes_bsp/\libhal_bsp.a(alt_load.o)
 .data          0x00000000000097e0        0x0 ../qbert_game_6_cubes_bsp/\libhal_bsp.a(alt_main.o)
 .data          0x00000000000097e0        0x0 ../qbert_game_6_cubes_bsp/\libhal_bsp.a(alt_write.o)
 .data          0x00000000000097e0       0x2c ../qbert_game_6_cubes_bsp/\libhal_bsp.a(alt_sys_init.o)
 .data          0x000000000000980c        0x0 ../qbert_game_6_cubes_bsp/\libhal_bsp.a(altera_avalon_jtag_uart_fd.o)
 .data          0x000000000000980c        0x0 ../qbert_game_6_cubes_bsp/\libhal_bsp.a(altera_avalon_jtag_uart_read.o)
 .data          0x000000000000980c        0x0 ../qbert_game_6_cubes_bsp/\libhal_bsp.a(altera_avalon_jtag_uart_write.o)
 .data          0x000000000000980c        0x0 ../qbert_game_6_cubes_bsp/\libhal_bsp.a(altera_avalon_timer_vars.o)
 .data          0x000000000000980c        0x0 ../qbert_game_6_cubes_bsp/\libhal_bsp.a(alt_close.o)
 .data          0x000000000000980c        0x0 ../qbert_game_6_cubes_bsp/\libhal_bsp.a(alt_dcache_flush_all.o)
 .data          0x000000000000980c      0x1a8 ../qbert_game_6_cubes_bsp/\libhal_bsp.a(alt_dev.o)
                0x000000000000980c                alt_dev_null
                0x0000000000009834                alt_fd_list
 .data          0x00000000000099b4        0x0 ../qbert_game_6_cubes_bsp/\libhal_bsp.a(alt_dev_llist_insert.o)
 .data          0x00000000000099b4        0x0 ../qbert_game_6_cubes_bsp/\libhal_bsp.a(alt_do_ctors.o)
 .data          0x00000000000099b4        0x0 ../qbert_game_6_cubes_bsp/\libhal_bsp.a(alt_do_dtors.o)
 .data          0x00000000000099b4        0x0 ../qbert_game_6_cubes_bsp/\libhal_bsp.a(alt_errno.o)
 .data          0x00000000000099b4        0x0 ../qbert_game_6_cubes_bsp/\libhal_bsp.a(alt_icache_flush_all.o)
 .data          0x00000000000099b4        0x0 ../qbert_game_6_cubes_bsp/\libhal_bsp.a(alt_io_redirect.o)
 .data          0x00000000000099b4        0x0 ../qbert_game_6_cubes_bsp/\libhal_bsp.a(alt_open.o)
 .data          0x00000000000099b4        0x0 ../qbert_game_6_cubes_bsp/\libhal_bsp.a(alt_release_fd.o)
 .data          0x00000000000099b4        0x0 ../qbert_game_6_cubes_bsp/\libhal_bsp.a(altera_nios2_gen2_irq.o)
 .data          0x00000000000099b4        0x0 ../qbert_game_6_cubes_bsp/\libhal_bsp.a(alt_find_dev.o)
 .data          0x00000000000099b4        0x0 ../qbert_game_6_cubes_bsp/\libhal_bsp.a(alt_find_file.o)
 .data          0x00000000000099b4        0x0 ../qbert_game_6_cubes_bsp/\libhal_bsp.a(alt_get_fd.o)
 .data          0x00000000000099b4        0x0 c:/altera/15.0/nios2eds/bin/gnu/h-x86_64-mingw32/bin/../lib/gcc/nios2-elf/4.9.1/../../../../../H-x86_64-mingw32/nios2-elf/lib/mno-hw-mul\libsmallc.a(lib_a-atexit.o)
 .data          0x00000000000099b4        0x0 c:/altera/15.0/nios2eds/bin/gnu/h-x86_64-mingw32/bin/../lib/gcc/nios2-elf/4.9.1/../../../../../H-x86_64-mingw32/nios2-elf/lib/mno-hw-mul\libsmallc.a(lib_a-exit.o)
 .data          0x00000000000099b4        0x0 c:/altera/15.0/nios2eds/bin/gnu/h-x86_64-mingw32/bin/../lib/gcc/nios2-elf/4.9.1/../../../../../H-x86_64-mingw32/nios2-elf/lib/mno-hw-mul\libsmallc.a(lib_a-memcmp.o)
 .data          0x00000000000099b4        0x0 c:/altera/15.0/nios2eds/bin/gnu/h-x86_64-mingw32/bin/../lib/gcc/nios2-elf/4.9.1/../../../../../H-x86_64-mingw32/nios2-elf/lib/mno-hw-mul\libsmallc.a(lib_a-__atexit.o)
 .data          0x00000000000099b4        0x0 c:/altera/15.0/nios2eds/bin/gnu/h-x86_64-mingw32/bin/../lib/gcc/nios2-elf/4.9.1/../../../../../H-x86_64-mingw32/nios2-elf/lib/mno-hw-mul\libsmallc.a(lib_a-__call_atexit.o)
 .data          0x00000000000099b4        0x0 c:/altera/15.0/nios2eds/bin/gnu/h-x86_64-mingw32/bin/../lib/gcc/nios2-elf/4.9.1/mno-hw-mul\libgcc.a(lib2-mul.o)
 .data          0x00000000000099b4        0x0 ../qbert_game_6_cubes_bsp/\libhal_bsp.a(alt_exit.o)
                0x00000000000119b4                _gp = ABSOLUTE ((. + 0x8000))
                0x00000000000119b4                PROVIDE (gp, _gp)
 *(.rwdata .rwdata.*)
 *(.sdata .sdata.* .gnu.linkonce.s.*)
 .sdata         0x00000000000099b4        0x8 c:/altera/15.0/nios2eds/bin/gnu/h-x86_64-mingw32/bin/../lib/gcc/nios2-elf/4.9.1/../../../../../H-x86_64-mingw32/nios2-elf/lib/mno-hw-mul\libsmallc.a(lib_a-impure.o)
                0x00000000000099b4                _global_impure_ptr
                0x00000000000099b8                _impure_ptr
 .sdata         0x00000000000099bc       0x14 ../qbert_game_6_cubes_bsp/\libhal_bsp.a(alt_dev.o)
                0x00000000000099bc                alt_fs_list
                0x00000000000099c4                alt_dev_list
                0x00000000000099cc                alt_max_fd
 .sdata         0x00000000000099d0        0x4 ../qbert_game_6_cubes_bsp/\libhal_bsp.a(alt_errno.o)
                0x00000000000099d0                alt_errno
 *(.sdata2 .sdata2.* .gnu.linkonce.s2.*)
                0x00000000000099d4                . = ALIGN (0x4)
                0x00000000000099d4                _edata = ABSOLUTE (.)
                0x00000000000099d4                PROVIDE (edata, ABSOLUTE (.))
                0x00000000000099d4                PROVIDE (__ram_rwdata_end, ABSOLUTE (.))
                0x00000000000099d4                PROVIDE (__flash_rwdata_start, LOADADDR (.rwdata))

.bss            0x0000000000009ca8       0x18
                0x0000000000009ca8                __bss_start = ABSOLUTE (.)
                0x0000000000009ca8                PROVIDE (__sbss_start, ABSOLUTE (.))
                0x0000000000009ca8                PROVIDE (___sbss_start, ABSOLUTE (.))
 *(.dynsbss)
 *(.sbss .sbss.* .gnu.linkonce.sb.*)
 .sbss          0x0000000000009ca8        0x4 c:/altera/15.0/nios2eds/bin/gnu/h-x86_64-mingw32/bin/../lib/gcc/nios2-elf/4.9.1/../../../../../H-x86_64-mingw32/nios2-elf/lib/mno-hw-mul\libsmallc.a(lib_a-int_errno.o)
                0x0000000000009ca8                errno
 .sbss          0x0000000000009cac        0xc ../qbert_game_6_cubes_bsp/\libhal_bsp.a(alt_main.o)
                0x0000000000009cac                alt_argc
                0x0000000000009cb0                alt_argv
                0x0000000000009cb4                alt_envp
 .sbss          0x0000000000009cb8        0x8 ../qbert_game_6_cubes_bsp/\libhal_bsp.a(altera_avalon_timer_vars.o)
                0x0000000000009cb8                altera_avalon_timer_ts_base
                0x0000000000009cbc                altera_avalon_timer_ts_freq
 *(.sbss2 .sbss2.* .gnu.linkonce.sb2.*)
 *(.scommon)
                0x0000000000009cc0                PROVIDE (__sbss_end, ABSOLUTE (.))
                0x0000000000009cc0                PROVIDE (___sbss_end, ABSOLUTE (.))
 *(.dynbss)
 *(.bss .bss.* .gnu.linkonce.b.*)
 .bss           0x0000000000009cc0        0x0 ../qbert_game_6_cubes_bsp//obj/HAL/src/crt0.o
 .bss           0x0000000000009cc0        0x0 obj/default/hello_world.o
 .bss           0x0000000000009cc0        0x0 c:/altera/15.0/nios2eds/bin/gnu/h-x86_64-mingw32/bin/../lib/gcc/nios2-elf/4.9.1/../../../../../H-x86_64-mingw32/nios2-elf/lib/mno-hw-mul\libsmallc.a(lib_a-puts.o)
 .bss           0x0000000000009cc0        0x0 c:/altera/15.0/nios2eds/bin/gnu/h-x86_64-mingw32/bin/../lib/gcc/nios2-elf/4.9.1/../../../../../H-x86_64-mingw32/nios2-elf/lib/mno-hw-mul\libsmallc.a(lib_a-strlen.o)
 .bss           0x0000000000009cc0        0x0 c:/altera/15.0/nios2eds/bin/gnu/h-x86_64-mingw32/bin/../lib/gcc/nios2-elf/4.9.1/../../../../../H-x86_64-mingw32/nios2-elf/lib/mno-hw-mul\libsmallc.a(lib_a-fvwrite_small_dev.o)
 .bss           0x0000000000009cc0        0x0 c:/altera/15.0/nios2eds/bin/gnu/h-x86_64-mingw32/bin/../lib/gcc/nios2-elf/4.9.1/../../../../../H-x86_64-mingw32/nios2-elf/lib/mno-hw-mul\libsmallc.a(lib_a-impure.o)
 .bss           0x0000000000009cc0        0x0 c:/altera/15.0/nios2eds/bin/gnu/h-x86_64-mingw32/bin/../lib/gcc/nios2-elf/4.9.1/../../../../../H-x86_64-mingw32/nios2-elf/lib/mno-hw-mul\libsmallc.a(lib_a-writer.o)
 .bss           0x0000000000009cc0        0x0 c:/altera/15.0/nios2eds/bin/gnu/h-x86_64-mingw32/bin/../lib/gcc/nios2-elf/4.9.1/../../../../../H-x86_64-mingw32/nios2-elf/lib/mno-hw-mul\libsmallc.a(lib_a-int_errno.o)
 .bss           0x0000000000009cc0        0x0 ../qbert_game_6_cubes_bsp/\libhal_bsp.a(alt_load.o)
 .bss           0x0000000000009cc0        0x0 ../qbert_game_6_cubes_bsp/\libhal_bsp.a(alt_main.o)
 .bss           0x0000000000009cc0        0x0 ../qbert_game_6_cubes_bsp/\libhal_bsp.a(alt_write.o)
 .bss           0x0000000000009cc0        0x0 ../qbert_game_6_cubes_bsp/\libhal_bsp.a(alt_sys_init.o)
 .bss           0x0000000000009cc0        0x0 ../qbert_game_6_cubes_bsp/\libhal_bsp.a(altera_avalon_jtag_uart_fd.o)
 .bss           0x0000000000009cc0        0x0 ../qbert_game_6_cubes_bsp/\libhal_bsp.a(altera_avalon_jtag_uart_read.o)
 .bss           0x0000000000009cc0        0x0 ../qbert_game_6_cubes_bsp/\libhal_bsp.a(altera_avalon_jtag_uart_write.o)
 .bss           0x0000000000009cc0        0x0 ../qbert_game_6_cubes_bsp/\libhal_bsp.a(altera_avalon_timer_vars.o)
 .bss           0x0000000000009cc0        0x0 ../qbert_game_6_cubes_bsp/\libhal_bsp.a(alt_close.o)
 .bss           0x0000000000009cc0        0x0 ../qbert_game_6_cubes_bsp/\libhal_bsp.a(alt_dcache_flush_all.o)
 .bss           0x0000000000009cc0        0x0 ../qbert_game_6_cubes_bsp/\libhal_bsp.a(alt_dev.o)
 .bss           0x0000000000009cc0        0x0 ../qbert_game_6_cubes_bsp/\libhal_bsp.a(alt_dev_llist_insert.o)
 .bss           0x0000000000009cc0        0x0 ../qbert_game_6_cubes_bsp/\libhal_bsp.a(alt_do_ctors.o)
 .bss           0x0000000000009cc0        0x0 ../qbert_game_6_cubes_bsp/\libhal_bsp.a(alt_do_dtors.o)
 .bss           0x0000000000009cc0        0x0 ../qbert_game_6_cubes_bsp/\libhal_bsp.a(alt_errno.o)
 .bss           0x0000000000009cc0        0x0 ../qbert_game_6_cubes_bsp/\libhal_bsp.a(alt_icache_flush_all.o)
 .bss           0x0000000000009cc0        0x0 ../qbert_game_6_cubes_bsp/\libhal_bsp.a(alt_io_redirect.o)
 .bss           0x0000000000009cc0        0x0 ../qbert_game_6_cubes_bsp/\libhal_bsp.a(alt_open.o)
 .bss           0x0000000000009cc0        0x0 ../qbert_game_6_cubes_bsp/\libhal_bsp.a(alt_release_fd.o)
 .bss           0x0000000000009cc0        0x0 ../qbert_game_6_cubes_bsp/\libhal_bsp.a(altera_nios2_gen2_irq.o)
 .bss           0x0000000000009cc0        0x0 ../qbert_game_6_cubes_bsp/\libhal_bsp.a(alt_find_dev.o)
 .bss           0x0000000000009cc0        0x0 ../qbert_game_6_cubes_bsp/\libhal_bsp.a(alt_find_file.o)
 .bss           0x0000000000009cc0        0x0 ../qbert_game_6_cubes_bsp/\libhal_bsp.a(alt_get_fd.o)
 .bss           0x0000000000009cc0        0x0 c:/altera/15.0/nios2eds/bin/gnu/h-x86_64-mingw32/bin/../lib/gcc/nios2-elf/4.9.1/../../../../../H-x86_64-mingw32/nios2-elf/lib/mno-hw-mul\libsmallc.a(lib_a-atexit.o)
 .bss           0x0000000000009cc0        0x0 c:/altera/15.0/nios2eds/bin/gnu/h-x86_64-mingw32/bin/../lib/gcc/nios2-elf/4.9.1/../../../../../H-x86_64-mingw32/nios2-elf/lib/mno-hw-mul\libsmallc.a(lib_a-exit.o)
 .bss           0x0000000000009cc0        0x0 c:/altera/15.0/nios2eds/bin/gnu/h-x86_64-mingw32/bin/../lib/gcc/nios2-elf/4.9.1/../../../../../H-x86_64-mingw32/nios2-elf/lib/mno-hw-mul\libsmallc.a(lib_a-memcmp.o)
 .bss           0x0000000000009cc0        0x0 c:/altera/15.0/nios2eds/bin/gnu/h-x86_64-mingw32/bin/../lib/gcc/nios2-elf/4.9.1/../../../../../H-x86_64-mingw32/nios2-elf/lib/mno-hw-mul\libsmallc.a(lib_a-__atexit.o)
 .bss           0x0000000000009cc0        0x0 c:/altera/15.0/nios2eds/bin/gnu/h-x86_64-mingw32/bin/../lib/gcc/nios2-elf/4.9.1/../../../../../H-x86_64-mingw32/nios2-elf/lib/mno-hw-mul\libsmallc.a(lib_a-__call_atexit.o)
 .bss           0x0000000000009cc0        0x0 c:/altera/15.0/nios2eds/bin/gnu/h-x86_64-mingw32/bin/../lib/gcc/nios2-elf/4.9.1/mno-hw-mul\libgcc.a(lib2-mul.o)
 .bss           0x0000000000009cc0        0x0 ../qbert_game_6_cubes_bsp/\libhal_bsp.a(alt_exit.o)
 *(COMMON)
                0x0000000000009cc0                . = ALIGN (0x4)
                0x0000000000009cc0                __bss_end = ABSOLUTE (.)

.onchip_mem     0x0000000000009cc0        0x0
                0x0000000000009cc0                PROVIDE (_alt_partition_onchip_mem_start, ABSOLUTE (.))
 *(.onchip_mem .onchip_mem. onchip_mem.*)
                0x0000000000009cc0                . = ALIGN (0x4)
                0x0000000000009cc0                PROVIDE (_alt_partition_onchip_mem_end, ABSOLUTE (.))
                0x0000000000009cc0                _end = ABSOLUTE (.)
                0x0000000000009cc0                end = ABSOLUTE (.)
                0x0000000000009cc0                __alt_stack_base = ABSOLUTE (.)
                0x0000000000009cc0                PROVIDE (_alt_partition_onchip_mem_load_addr, LOADADDR (.onchip_mem))

.stab
 *(.stab)

.stabstr
 *(.stabstr)

.stab.excl
 *(.stab.excl)

.stab.exclstr
 *(.stab.exclstr)

.stab.index
 *(.stab.index)

.stab.indexstr
 *(.stab.indexstr)

.comment        0x0000000000000000       0x23
 *(.comment)
 .comment       0x0000000000000000       0x23 obj/default/hello_world.o
                                         0x24 (size before relaxing)
 .comment       0x0000000000000000       0x24 c:/altera/15.0/nios2eds/bin/gnu/h-x86_64-mingw32/bin/../lib/gcc/nios2-elf/4.9.1/../../../../../H-x86_64-mingw32/nios2-elf/lib/mno-hw-mul\libsmallc.a(lib_a-puts.o)
 .comment       0x0000000000000000       0x24 c:/altera/15.0/nios2eds/bin/gnu/h-x86_64-mingw32/bin/../lib/gcc/nios2-elf/4.9.1/../../../../../H-x86_64-mingw32/nios2-elf/lib/mno-hw-mul\libsmallc.a(lib_a-strlen.o)
 .comment       0x0000000000000000       0x24 c:/altera/15.0/nios2eds/bin/gnu/h-x86_64-mingw32/bin/../lib/gcc/nios2-elf/4.9.1/../../../../../H-x86_64-mingw32/nios2-elf/lib/mno-hw-mul\libsmallc.a(lib_a-fvwrite_small_dev.o)
 .comment       0x0000000000000000       0x24 c:/altera/15.0/nios2eds/bin/gnu/h-x86_64-mingw32/bin/../lib/gcc/nios2-elf/4.9.1/../../../../../H-x86_64-mingw32/nios2-elf/lib/mno-hw-mul\libsmallc.a(lib_a-impure.o)
 .comment       0x0000000000000000       0x24 c:/altera/15.0/nios2eds/bin/gnu/h-x86_64-mingw32/bin/../lib/gcc/nios2-elf/4.9.1/../../../../../H-x86_64-mingw32/nios2-elf/lib/mno-hw-mul\libsmallc.a(lib_a-writer.o)
 .comment       0x0000000000000000       0x24 c:/altera/15.0/nios2eds/bin/gnu/h-x86_64-mingw32/bin/../lib/gcc/nios2-elf/4.9.1/../../../../../H-x86_64-mingw32/nios2-elf/lib/mno-hw-mul\libsmallc.a(lib_a-int_errno.o)
 .comment       0x0000000000000000       0x24 ../qbert_game_6_cubes_bsp/\libhal_bsp.a(alt_load.o)
 .comment       0x0000000000000000       0x24 ../qbert_game_6_cubes_bsp/\libhal_bsp.a(alt_main.o)
 .comment       0x0000000000000000       0x24 ../qbert_game_6_cubes_bsp/\libhal_bsp.a(alt_write.o)
 .comment       0x0000000000000000       0x24 ../qbert_game_6_cubes_bsp/\libhal_bsp.a(alt_sys_init.o)
 .comment       0x0000000000000000       0x24 ../qbert_game_6_cubes_bsp/\libhal_bsp.a(altera_avalon_jtag_uart_fd.o)
 .comment       0x0000000000000000       0x24 ../qbert_game_6_cubes_bsp/\libhal_bsp.a(altera_avalon_jtag_uart_read.o)
 .comment       0x0000000000000000       0x24 ../qbert_game_6_cubes_bsp/\libhal_bsp.a(altera_avalon_jtag_uart_write.o)
 .comment       0x0000000000000000       0x24 ../qbert_game_6_cubes_bsp/\libhal_bsp.a(altera_avalon_timer_vars.o)
 .comment       0x0000000000000000       0x24 ../qbert_game_6_cubes_bsp/\libhal_bsp.a(alt_close.o)
 .comment       0x0000000000000000       0x24 ../qbert_game_6_cubes_bsp/\libhal_bsp.a(alt_dcache_flush_all.o)
 .comment       0x0000000000000000       0x24 ../qbert_game_6_cubes_bsp/\libhal_bsp.a(alt_dev.o)
 .comment       0x0000000000000000       0x24 ../qbert_game_6_cubes_bsp/\libhal_bsp.a(alt_dev_llist_insert.o)
 .comment       0x0000000000000000       0x24 ../qbert_game_6_cubes_bsp/\libhal_bsp.a(alt_do_ctors.o)
 .comment       0x0000000000000000       0x24 ../qbert_game_6_cubes_bsp/\libhal_bsp.a(alt_do_dtors.o)
 .comment       0x0000000000000000       0x24 ../qbert_game_6_cubes_bsp/\libhal_bsp.a(alt_errno.o)
 .comment       0x0000000000000000       0x24 ../qbert_game_6_cubes_bsp/\libhal_bsp.a(alt_icache_flush_all.o)
 .comment       0x0000000000000000       0x24 ../qbert_game_6_cubes_bsp/\libhal_bsp.a(alt_io_redirect.o)
 .comment       0x0000000000000000       0x24 ../qbert_game_6_cubes_bsp/\libhal_bsp.a(alt_open.o)
 .comment       0x0000000000000000       0x24 ../qbert_game_6_cubes_bsp/\libhal_bsp.a(alt_release_fd.o)
 .comment       0x0000000000000000       0x24 ../qbert_game_6_cubes_bsp/\libhal_bsp.a(altera_nios2_gen2_irq.o)
 .comment       0x0000000000000000       0x24 ../qbert_game_6_cubes_bsp/\libhal_bsp.a(alt_find_dev.o)
 .comment       0x0000000000000000       0x24 ../qbert_game_6_cubes_bsp/\libhal_bsp.a(alt_find_file.o)
 .comment       0x0000000000000000       0x24 ../qbert_game_6_cubes_bsp/\libhal_bsp.a(alt_get_fd.o)
 .comment       0x0000000000000000       0x24 c:/altera/15.0/nios2eds/bin/gnu/h-x86_64-mingw32/bin/../lib/gcc/nios2-elf/4.9.1/../../../../../H-x86_64-mingw32/nios2-elf/lib/mno-hw-mul\libsmallc.a(lib_a-atexit.o)
 .comment       0x0000000000000000       0x24 c:/altera/15.0/nios2eds/bin/gnu/h-x86_64-mingw32/bin/../lib/gcc/nios2-elf/4.9.1/../../../../../H-x86_64-mingw32/nios2-elf/lib/mno-hw-mul\libsmallc.a(lib_a-exit.o)
 .comment       0x0000000000000000       0x24 c:/altera/15.0/nios2eds/bin/gnu/h-x86_64-mingw32/bin/../lib/gcc/nios2-elf/4.9.1/../../../../../H-x86_64-mingw32/nios2-elf/lib/mno-hw-mul\libsmallc.a(lib_a-memcmp.o)
 .comment       0x0000000000000000       0x24 c:/altera/15.0/nios2eds/bin/gnu/h-x86_64-mingw32/bin/../lib/gcc/nios2-elf/4.9.1/../../../../../H-x86_64-mingw32/nios2-elf/lib/mno-hw-mul\libsmallc.a(lib_a-__atexit.o)
 .comment       0x0000000000000000       0x24 c:/altera/15.0/nios2eds/bin/gnu/h-x86_64-mingw32/bin/../lib/gcc/nios2-elf/4.9.1/../../../../../H-x86_64-mingw32/nios2-elf/lib/mno-hw-mul\libsmallc.a(lib_a-__call_atexit.o)
 .comment       0x0000000000000000       0x24 c:/altera/15.0/nios2eds/bin/gnu/h-x86_64-mingw32/bin/../lib/gcc/nios2-elf/4.9.1/mno-hw-mul\libgcc.a(lib2-mul.o)
 .comment       0x0000000000000000       0x24 ../qbert_game_6_cubes_bsp/\libhal_bsp.a(alt_exit.o)

.debug
 *(.debug)

.line
 *(.line)

.debug_srcinfo
 *(.debug_srcinfo)

.debug_sfnames
 *(.debug_sfnames)

.debug_aranges  0x0000000000000000      0x4a8
 *(.debug_aranges)
 .debug_aranges
                0x0000000000000000       0x28 ../qbert_game_6_cubes_bsp//obj/HAL/src/crt0.o
 .debug_aranges
                0x0000000000000028       0x20 obj/default/hello_world.o
 .debug_aranges
                0x0000000000000048       0x20 c:/altera/15.0/nios2eds/bin/gnu/h-x86_64-mingw32/bin/../lib/gcc/nios2-elf/4.9.1/../../../../../H-x86_64-mingw32/nios2-elf/lib/mno-hw-mul\libsmallc.a(lib_a-puts.o)
 .debug_aranges
                0x0000000000000068       0x20 c:/altera/15.0/nios2eds/bin/gnu/h-x86_64-mingw32/bin/../lib/gcc/nios2-elf/4.9.1/../../../../../H-x86_64-mingw32/nios2-elf/lib/mno-hw-mul\libsmallc.a(lib_a-strlen.o)
 .debug_aranges
                0x0000000000000088       0x20 c:/altera/15.0/nios2eds/bin/gnu/h-x86_64-mingw32/bin/../lib/gcc/nios2-elf/4.9.1/../../../../../H-x86_64-mingw32/nios2-elf/lib/mno-hw-mul\libsmallc.a(lib_a-fvwrite_small_dev.o)
 .debug_aranges
                0x00000000000000a8       0x18 c:/altera/15.0/nios2eds/bin/gnu/h-x86_64-mingw32/bin/../lib/gcc/nios2-elf/4.9.1/../../../../../H-x86_64-mingw32/nios2-elf/lib/mno-hw-mul\libsmallc.a(lib_a-impure.o)
 .debug_aranges
                0x00000000000000c0       0x20 c:/altera/15.0/nios2eds/bin/gnu/h-x86_64-mingw32/bin/../lib/gcc/nios2-elf/4.9.1/../../../../../H-x86_64-mingw32/nios2-elf/lib/mno-hw-mul\libsmallc.a(lib_a-writer.o)
 .debug_aranges
                0x00000000000000e0       0x18 c:/altera/15.0/nios2eds/bin/gnu/h-x86_64-mingw32/bin/../lib/gcc/nios2-elf/4.9.1/../../../../../H-x86_64-mingw32/nios2-elf/lib/mno-hw-mul\libsmallc.a(lib_a-int_errno.o)
 .debug_aranges
                0x00000000000000f8       0x20 ../qbert_game_6_cubes_bsp/\libhal_bsp.a(alt_load.o)
 .debug_aranges
                0x0000000000000118       0x20 ../qbert_game_6_cubes_bsp/\libhal_bsp.a(alt_main.o)
 .debug_aranges
                0x0000000000000138       0x20 ../qbert_game_6_cubes_bsp/\libhal_bsp.a(alt_write.o)
 .debug_aranges
                0x0000000000000158       0x20 ../qbert_game_6_cubes_bsp/\libhal_bsp.a(alt_sys_init.o)
 .debug_aranges
                0x0000000000000178       0x20 ../qbert_game_6_cubes_bsp/\libhal_bsp.a(altera_avalon_jtag_uart_fd.o)
 .debug_aranges
                0x0000000000000198       0x20 ../qbert_game_6_cubes_bsp/\libhal_bsp.a(altera_avalon_jtag_uart_read.o)
 .debug_aranges
                0x00000000000001b8       0x20 ../qbert_game_6_cubes_bsp/\libhal_bsp.a(altera_avalon_jtag_uart_write.o)
 .debug_aranges
                0x00000000000001d8       0x18 ../qbert_game_6_cubes_bsp/\libhal_bsp.a(altera_avalon_timer_vars.o)
 .debug_aranges
                0x00000000000001f0       0x20 ../qbert_game_6_cubes_bsp/\libhal_bsp.a(alt_close.o)
 .debug_aranges
                0x0000000000000210       0x20 ../qbert_game_6_cubes_bsp/\libhal_bsp.a(alt_dcache_flush_all.o)
 .debug_aranges
                0x0000000000000230       0x20 ../qbert_game_6_cubes_bsp/\libhal_bsp.a(alt_dev.o)
 .debug_aranges
                0x0000000000000250       0x20 ../qbert_game_6_cubes_bsp/\libhal_bsp.a(alt_dev_llist_insert.o)
 .debug_aranges
                0x0000000000000270       0x20 ../qbert_game_6_cubes_bsp/\libhal_bsp.a(alt_do_ctors.o)
 .debug_aranges
                0x0000000000000290       0x20 ../qbert_game_6_cubes_bsp/\libhal_bsp.a(alt_do_dtors.o)
 .debug_aranges
                0x00000000000002b0       0x18 ../qbert_game_6_cubes_bsp/\libhal_bsp.a(alt_errno.o)
 .debug_aranges
                0x00000000000002c8       0x20 ../qbert_game_6_cubes_bsp/\libhal_bsp.a(alt_icache_flush_all.o)
 .debug_aranges
                0x00000000000002e8       0x20 ../qbert_game_6_cubes_bsp/\libhal_bsp.a(alt_io_redirect.o)
 .debug_aranges
                0x0000000000000308       0x20 ../qbert_game_6_cubes_bsp/\libhal_bsp.a(alt_open.o)
 .debug_aranges
                0x0000000000000328       0x20 ../qbert_game_6_cubes_bsp/\libhal_bsp.a(alt_release_fd.o)
 .debug_aranges
                0x0000000000000348       0x20 ../qbert_game_6_cubes_bsp/\libhal_bsp.a(altera_nios2_gen2_irq.o)
 .debug_aranges
                0x0000000000000368       0x20 ../qbert_game_6_cubes_bsp/\libhal_bsp.a(alt_find_dev.o)
 .debug_aranges
                0x0000000000000388       0x20 ../qbert_game_6_cubes_bsp/\libhal_bsp.a(alt_find_file.o)
 .debug_aranges
                0x00000000000003a8       0x20 ../qbert_game_6_cubes_bsp/\libhal_bsp.a(alt_get_fd.o)
 .debug_aranges
                0x00000000000003c8       0x20 c:/altera/15.0/nios2eds/bin/gnu/h-x86_64-mingw32/bin/../lib/gcc/nios2-elf/4.9.1/../../../../../H-x86_64-mingw32/nios2-elf/lib/mno-hw-mul\libsmallc.a(lib_a-atexit.o)
 .debug_aranges
                0x00000000000003e8       0x20 c:/altera/15.0/nios2eds/bin/gnu/h-x86_64-mingw32/bin/../lib/gcc/nios2-elf/4.9.1/../../../../../H-x86_64-mingw32/nios2-elf/lib/mno-hw-mul\libsmallc.a(lib_a-exit.o)
 .debug_aranges
                0x0000000000000408       0x20 c:/altera/15.0/nios2eds/bin/gnu/h-x86_64-mingw32/bin/../lib/gcc/nios2-elf/4.9.1/../../../../../H-x86_64-mingw32/nios2-elf/lib/mno-hw-mul\libsmallc.a(lib_a-memcmp.o)
 .debug_aranges
                0x0000000000000428       0x20 c:/altera/15.0/nios2eds/bin/gnu/h-x86_64-mingw32/bin/../lib/gcc/nios2-elf/4.9.1/../../../../../H-x86_64-mingw32/nios2-elf/lib/mno-hw-mul\libsmallc.a(lib_a-__atexit.o)
 .debug_aranges
                0x0000000000000448       0x20 c:/altera/15.0/nios2eds/bin/gnu/h-x86_64-mingw32/bin/../lib/gcc/nios2-elf/4.9.1/../../../../../H-x86_64-mingw32/nios2-elf/lib/mno-hw-mul\libsmallc.a(lib_a-__call_atexit.o)
 .debug_aranges
                0x0000000000000468       0x20 c:/altera/15.0/nios2eds/bin/gnu/h-x86_64-mingw32/bin/../lib/gcc/nios2-elf/4.9.1/mno-hw-mul\libgcc.a(lib2-mul.o)
 .debug_aranges
                0x0000000000000488       0x20 ../qbert_game_6_cubes_bsp/\libhal_bsp.a(alt_exit.o)

.debug_pubnames
 *(.debug_pubnames)

.debug_info     0x0000000000000000     0x6033
 *(.debug_info .gnu.linkonce.wi.*)
 .debug_info    0x0000000000000000       0x8d ../qbert_game_6_cubes_bsp//obj/HAL/src/crt0.o
 .debug_info    0x000000000000008d      0x143 obj/default/hello_world.o
 .debug_info    0x00000000000001d0      0x685 c:/altera/15.0/nios2eds/bin/gnu/h-x86_64-mingw32/bin/../lib/gcc/nios2-elf/4.9.1/../../../../../H-x86_64-mingw32/nios2-elf/lib/mno-hw-mul\libsmallc.a(lib_a-puts.o)
 .debug_info    0x0000000000000855       0xc2 c:/altera/15.0/nios2eds/bin/gnu/h-x86_64-mingw32/bin/../lib/gcc/nios2-elf/4.9.1/../../../../../H-x86_64-mingw32/nios2-elf/lib/mno-hw-mul\libsmallc.a(lib_a-strlen.o)
 .debug_info    0x0000000000000917      0x656 c:/altera/15.0/nios2eds/bin/gnu/h-x86_64-mingw32/bin/../lib/gcc/nios2-elf/4.9.1/../../../../../H-x86_64-mingw32/nios2-elf/lib/mno-hw-mul\libsmallc.a(lib_a-fvwrite_small_dev.o)
 .debug_info    0x0000000000000f6d      0x5a7 c:/altera/15.0/nios2eds/bin/gnu/h-x86_64-mingw32/bin/../lib/gcc/nios2-elf/4.9.1/../../../../../H-x86_64-mingw32/nios2-elf/lib/mno-hw-mul\libsmallc.a(lib_a-impure.o)
 .debug_info    0x0000000000001514      0x639 c:/altera/15.0/nios2eds/bin/gnu/h-x86_64-mingw32/bin/../lib/gcc/nios2-elf/4.9.1/../../../../../H-x86_64-mingw32/nios2-elf/lib/mno-hw-mul\libsmallc.a(lib_a-writer.o)
 .debug_info    0x0000000000001b4d       0x83 c:/altera/15.0/nios2eds/bin/gnu/h-x86_64-mingw32/bin/../lib/gcc/nios2-elf/4.9.1/../../../../../H-x86_64-mingw32/nios2-elf/lib/mno-hw-mul\libsmallc.a(lib_a-int_errno.o)
 .debug_info    0x0000000000001bd0      0x13e ../qbert_game_6_cubes_bsp/\libhal_bsp.a(alt_load.o)
 .debug_info    0x0000000000001d0e      0x12a ../qbert_game_6_cubes_bsp/\libhal_bsp.a(alt_main.o)
 .debug_info    0x0000000000001e38      0x4b0 ../qbert_game_6_cubes_bsp/\libhal_bsp.a(alt_write.o)
 .debug_info    0x00000000000022e8      0x3d8 ../qbert_game_6_cubes_bsp/\libhal_bsp.a(alt_sys_init.o)
 .debug_info    0x00000000000026c0      0x3a0 ../qbert_game_6_cubes_bsp/\libhal_bsp.a(altera_avalon_jtag_uart_fd.o)
 .debug_info    0x0000000000002a60      0x1af ../qbert_game_6_cubes_bsp/\libhal_bsp.a(altera_avalon_jtag_uart_read.o)
 .debug_info    0x0000000000002c0f      0x18e ../qbert_game_6_cubes_bsp/\libhal_bsp.a(altera_avalon_jtag_uart_write.o)
 .debug_info    0x0000000000002d9d       0xe2 ../qbert_game_6_cubes_bsp/\libhal_bsp.a(altera_avalon_timer_vars.o)
 .debug_info    0x0000000000002e7f      0x31a ../qbert_game_6_cubes_bsp/\libhal_bsp.a(alt_close.o)
 .debug_info    0x0000000000003199       0x8b ../qbert_game_6_cubes_bsp/\libhal_bsp.a(alt_dcache_flush_all.o)
 .debug_info    0x0000000000003224      0x495 ../qbert_game_6_cubes_bsp/\libhal_bsp.a(alt_dev.o)
 .debug_info    0x00000000000036b9      0x1a2 ../qbert_game_6_cubes_bsp/\libhal_bsp.a(alt_dev_llist_insert.o)
 .debug_info    0x000000000000385b       0x83 ../qbert_game_6_cubes_bsp/\libhal_bsp.a(alt_do_ctors.o)
 .debug_info    0x00000000000038de       0x83 ../qbert_game_6_cubes_bsp/\libhal_bsp.a(alt_do_dtors.o)
 .debug_info    0x0000000000003961       0x9f ../qbert_game_6_cubes_bsp/\libhal_bsp.a(alt_errno.o)
 .debug_info    0x0000000000003a00       0x8b ../qbert_game_6_cubes_bsp/\libhal_bsp.a(alt_icache_flush_all.o)
 .debug_info    0x0000000000003a8b      0x49e ../qbert_game_6_cubes_bsp/\libhal_bsp.a(alt_io_redirect.o)
 .debug_info    0x0000000000003f29      0x3b4 ../qbert_game_6_cubes_bsp/\libhal_bsp.a(alt_open.o)
 .debug_info    0x00000000000042dd      0x2b0 ../qbert_game_6_cubes_bsp/\libhal_bsp.a(alt_release_fd.o)
 .debug_info    0x000000000000458d       0x8b ../qbert_game_6_cubes_bsp/\libhal_bsp.a(altera_nios2_gen2_irq.o)
 .debug_info    0x0000000000004618      0x2e2 ../qbert_game_6_cubes_bsp/\libhal_bsp.a(alt_find_dev.o)
 .debug_info    0x00000000000048fa      0x2df ../qbert_game_6_cubes_bsp/\libhal_bsp.a(alt_find_file.o)
 .debug_info    0x0000000000004bd9      0x309 ../qbert_game_6_cubes_bsp/\libhal_bsp.a(alt_get_fd.o)
 .debug_info    0x0000000000004ee2      0x10a c:/altera/15.0/nios2eds/bin/gnu/h-x86_64-mingw32/bin/../lib/gcc/nios2-elf/4.9.1/../../../../../H-x86_64-mingw32/nios2-elf/lib/mno-hw-mul\libsmallc.a(lib_a-atexit.o)
 .debug_info    0x0000000000004fec       0xed c:/altera/15.0/nios2eds/bin/gnu/h-x86_64-mingw32/bin/../lib/gcc/nios2-elf/4.9.1/../../../../../H-x86_64-mingw32/nios2-elf/lib/mno-hw-mul\libsmallc.a(lib_a-exit.o)
 .debug_info    0x00000000000050d9       0xed c:/altera/15.0/nios2eds/bin/gnu/h-x86_64-mingw32/bin/../lib/gcc/nios2-elf/4.9.1/../../../../../H-x86_64-mingw32/nios2-elf/lib/mno-hw-mul\libsmallc.a(lib_a-memcmp.o)
 .debug_info    0x00000000000051c6      0x661 c:/altera/15.0/nios2eds/bin/gnu/h-x86_64-mingw32/bin/../lib/gcc/nios2-elf/4.9.1/../../../../../H-x86_64-mingw32/nios2-elf/lib/mno-hw-mul\libsmallc.a(lib_a-__atexit.o)
 .debug_info    0x0000000000005827      0x673 c:/altera/15.0/nios2eds/bin/gnu/h-x86_64-mingw32/bin/../lib/gcc/nios2-elf/4.9.1/../../../../../H-x86_64-mingw32/nios2-elf/lib/mno-hw-mul\libsmallc.a(lib_a-__call_atexit.o)
 .debug_info    0x0000000000005e9a       0xb4 c:/altera/15.0/nios2eds/bin/gnu/h-x86_64-mingw32/bin/../lib/gcc/nios2-elf/4.9.1/mno-hw-mul\libgcc.a(lib2-mul.o)
 .debug_info    0x0000000000005f4e       0xe5 ../qbert_game_6_cubes_bsp/\libhal_bsp.a(alt_exit.o)

.debug_abbrev   0x0000000000000000     0x20eb
 *(.debug_abbrev)
 .debug_abbrev  0x0000000000000000       0x12 ../qbert_game_6_cubes_bsp//obj/HAL/src/crt0.o
 .debug_abbrev  0x0000000000000012       0x60 obj/default/hello_world.o
 .debug_abbrev  0x0000000000000072      0x1ed c:/altera/15.0/nios2eds/bin/gnu/h-x86_64-mingw32/bin/../lib/gcc/nios2-elf/4.9.1/../../../../../H-x86_64-mingw32/nios2-elf/lib/mno-hw-mul\libsmallc.a(lib_a-puts.o)
 .debug_abbrev  0x000000000000025f       0x7f c:/altera/15.0/nios2eds/bin/gnu/h-x86_64-mingw32/bin/../lib/gcc/nios2-elf/4.9.1/../../../../../H-x86_64-mingw32/nios2-elf/lib/mno-hw-mul\libsmallc.a(lib_a-strlen.o)
 .debug_abbrev  0x00000000000002de      0x1c3 c:/altera/15.0/nios2eds/bin/gnu/h-x86_64-mingw32/bin/../lib/gcc/nios2-elf/4.9.1/../../../../../H-x86_64-mingw32/nios2-elf/lib/mno-hw-mul\libsmallc.a(lib_a-fvwrite_small_dev.o)
 .debug_abbrev  0x00000000000004a1      0x14a c:/altera/15.0/nios2eds/bin/gnu/h-x86_64-mingw32/bin/../lib/gcc/nios2-elf/4.9.1/../../../../../H-x86_64-mingw32/nios2-elf/lib/mno-hw-mul\libsmallc.a(lib_a-impure.o)
 .debug_abbrev  0x00000000000005eb      0x1a8 c:/altera/15.0/nios2eds/bin/gnu/h-x86_64-mingw32/bin/../lib/gcc/nios2-elf/4.9.1/../../../../../H-x86_64-mingw32/nios2-elf/lib/mno-hw-mul\libsmallc.a(lib_a-writer.o)
 .debug_abbrev  0x0000000000000793       0x37 c:/altera/15.0/nios2eds/bin/gnu/h-x86_64-mingw32/bin/../lib/gcc/nios2-elf/4.9.1/../../../../../H-x86_64-mingw32/nios2-elf/lib/mno-hw-mul\libsmallc.a(lib_a-int_errno.o)
 .debug_abbrev  0x00000000000007ca       0x9f ../qbert_game_6_cubes_bsp/\libhal_bsp.a(alt_load.o)
 .debug_abbrev  0x0000000000000869       0xba ../qbert_game_6_cubes_bsp/\libhal_bsp.a(alt_main.o)
 .debug_abbrev  0x0000000000000923      0x133 ../qbert_game_6_cubes_bsp/\libhal_bsp.a(alt_write.o)
 .debug_abbrev  0x0000000000000a56      0x157 ../qbert_game_6_cubes_bsp/\libhal_bsp.a(alt_sys_init.o)
 .debug_abbrev  0x0000000000000bad       0xf7 ../qbert_game_6_cubes_bsp/\libhal_bsp.a(altera_avalon_jtag_uart_fd.o)
 .debug_abbrev  0x0000000000000ca4       0xd7 ../qbert_game_6_cubes_bsp/\libhal_bsp.a(altera_avalon_jtag_uart_read.o)
 .debug_abbrev  0x0000000000000d7b       0xd5 ../qbert_game_6_cubes_bsp/\libhal_bsp.a(altera_avalon_jtag_uart_write.o)
 .debug_abbrev  0x0000000000000e50       0x83 ../qbert_game_6_cubes_bsp/\libhal_bsp.a(altera_avalon_timer_vars.o)
 .debug_abbrev  0x0000000000000ed3      0x11f ../qbert_game_6_cubes_bsp/\libhal_bsp.a(alt_close.o)
 .debug_abbrev  0x0000000000000ff2       0x42 ../qbert_game_6_cubes_bsp/\libhal_bsp.a(alt_dcache_flush_all.o)
 .debug_abbrev  0x0000000000001034       0xd9 ../qbert_game_6_cubes_bsp/\libhal_bsp.a(alt_dev.o)
 .debug_abbrev  0x000000000000110d      0x114 ../qbert_game_6_cubes_bsp/\libhal_bsp.a(alt_dev_llist_insert.o)
 .debug_abbrev  0x0000000000001221       0x79 ../qbert_game_6_cubes_bsp/\libhal_bsp.a(alt_do_ctors.o)
 .debug_abbrev  0x000000000000129a       0x79 ../qbert_game_6_cubes_bsp/\libhal_bsp.a(alt_do_dtors.o)
 .debug_abbrev  0x0000000000001313       0x5a ../qbert_game_6_cubes_bsp/\libhal_bsp.a(alt_errno.o)
 .debug_abbrev  0x000000000000136d       0x42 ../qbert_game_6_cubes_bsp/\libhal_bsp.a(alt_icache_flush_all.o)
 .debug_abbrev  0x00000000000013af      0x114 ../qbert_game_6_cubes_bsp/\libhal_bsp.a(alt_io_redirect.o)
 .debug_abbrev  0x00000000000014c3      0x148 ../qbert_game_6_cubes_bsp/\libhal_bsp.a(alt_open.o)
 .debug_abbrev  0x000000000000160b       0xde ../qbert_game_6_cubes_bsp/\libhal_bsp.a(alt_release_fd.o)
 .debug_abbrev  0x00000000000016e9       0x42 ../qbert_game_6_cubes_bsp/\libhal_bsp.a(altera_nios2_gen2_irq.o)
 .debug_abbrev  0x000000000000172b       0xf0 ../qbert_game_6_cubes_bsp/\libhal_bsp.a(alt_find_dev.o)
 .debug_abbrev  0x000000000000181b       0xf0 ../qbert_game_6_cubes_bsp/\libhal_bsp.a(alt_find_file.o)
 .debug_abbrev  0x000000000000190b      0x10d ../qbert_game_6_cubes_bsp/\libhal_bsp.a(alt_get_fd.o)
 .debug_abbrev  0x0000000000001a18       0xb8 c:/altera/15.0/nios2eds/bin/gnu/h-x86_64-mingw32/bin/../lib/gcc/nios2-elf/4.9.1/../../../../../H-x86_64-mingw32/nios2-elf/lib/mno-hw-mul\libsmallc.a(lib_a-atexit.o)
 .debug_abbrev  0x0000000000001ad0       0xa9 c:/altera/15.0/nios2eds/bin/gnu/h-x86_64-mingw32/bin/../lib/gcc/nios2-elf/4.9.1/../../../../../H-x86_64-mingw32/nios2-elf/lib/mno-hw-mul\libsmallc.a(lib_a-exit.o)
 .debug_abbrev  0x0000000000001b79       0x7f c:/altera/15.0/nios2eds/bin/gnu/h-x86_64-mingw32/bin/../lib/gcc/nios2-elf/4.9.1/../../../../../H-x86_64-mingw32/nios2-elf/lib/mno-hw-mul\libsmallc.a(lib_a-memcmp.o)
 .debug_abbrev  0x0000000000001bf8      0x1f5 c:/altera/15.0/nios2eds/bin/gnu/h-x86_64-mingw32/bin/../lib/gcc/nios2-elf/4.9.1/../../../../../H-x86_64-mingw32/nios2-elf/lib/mno-hw-mul\libsmallc.a(lib_a-__atexit.o)
 .debug_abbrev  0x0000000000001ded      0x1e9 c:/altera/15.0/nios2eds/bin/gnu/h-x86_64-mingw32/bin/../lib/gcc/nios2-elf/4.9.1/../../../../../H-x86_64-mingw32/nios2-elf/lib/mno-hw-mul\libsmallc.a(lib_a-__call_atexit.o)
 .debug_abbrev  0x0000000000001fd6       0x6f c:/altera/15.0/nios2eds/bin/gnu/h-x86_64-mingw32/bin/../lib/gcc/nios2-elf/4.9.1/mno-hw-mul\libgcc.a(lib2-mul.o)
 .debug_abbrev  0x0000000000002045       0xa6 ../qbert_game_6_cubes_bsp/\libhal_bsp.a(alt_exit.o)

.debug_line     0x0000000000000000     0x2530
 *(.debug_line)
 .debug_line    0x0000000000000000       0x66 ../qbert_game_6_cubes_bsp//obj/HAL/src/crt0.o
 .debug_line    0x0000000000000066       0x8a obj/default/hello_world.o
 .debug_line    0x00000000000000f0      0x1ff c:/altera/15.0/nios2eds/bin/gnu/h-x86_64-mingw32/bin/../lib/gcc/nios2-elf/4.9.1/../../../../../H-x86_64-mingw32/nios2-elf/lib/mno-hw-mul\libsmallc.a(lib_a-puts.o)
 .debug_line    0x00000000000002ef      0x15e c:/altera/15.0/nios2eds/bin/gnu/h-x86_64-mingw32/bin/../lib/gcc/nios2-elf/4.9.1/../../../../../H-x86_64-mingw32/nios2-elf/lib/mno-hw-mul\libsmallc.a(lib_a-strlen.o)
 .debug_line    0x000000000000044d      0x1f5 c:/altera/15.0/nios2eds/bin/gnu/h-x86_64-mingw32/bin/../lib/gcc/nios2-elf/4.9.1/../../../../../H-x86_64-mingw32/nios2-elf/lib/mno-hw-mul\libsmallc.a(lib_a-fvwrite_small_dev.o)
 .debug_line    0x0000000000000642      0x158 c:/altera/15.0/nios2eds/bin/gnu/h-x86_64-mingw32/bin/../lib/gcc/nios2-elf/4.9.1/../../../../../H-x86_64-mingw32/nios2-elf/lib/mno-hw-mul\libsmallc.a(lib_a-impure.o)
 .debug_line    0x000000000000079a      0x1f0 c:/altera/15.0/nios2eds/bin/gnu/h-x86_64-mingw32/bin/../lib/gcc/nios2-elf/4.9.1/../../../../../H-x86_64-mingw32/nios2-elf/lib/mno-hw-mul\libsmallc.a(lib_a-writer.o)
 .debug_line    0x000000000000098a       0x60 c:/altera/15.0/nios2eds/bin/gnu/h-x86_64-mingw32/bin/../lib/gcc/nios2-elf/4.9.1/../../../../../H-x86_64-mingw32/nios2-elf/lib/mno-hw-mul\libsmallc.a(lib_a-int_errno.o)
 .debug_line    0x00000000000009ea       0x8d ../qbert_game_6_cubes_bsp/\libhal_bsp.a(alt_load.o)
 .debug_line    0x0000000000000a77       0xa4 ../qbert_game_6_cubes_bsp/\libhal_bsp.a(alt_main.o)
 .debug_line    0x0000000000000b1b      0x1cc ../qbert_game_6_cubes_bsp/\libhal_bsp.a(alt_write.o)
 .debug_line    0x0000000000000ce7      0x143 ../qbert_game_6_cubes_bsp/\libhal_bsp.a(alt_sys_init.o)
 .debug_line    0x0000000000000e2a      0x112 ../qbert_game_6_cubes_bsp/\libhal_bsp.a(altera_avalon_jtag_uart_fd.o)
 .debug_line    0x0000000000000f3c       0xff ../qbert_game_6_cubes_bsp/\libhal_bsp.a(altera_avalon_jtag_uart_read.o)
 .debug_line    0x000000000000103b       0xf4 ../qbert_game_6_cubes_bsp/\libhal_bsp.a(altera_avalon_jtag_uart_write.o)
 .debug_line    0x000000000000112f       0x8a ../qbert_game_6_cubes_bsp/\libhal_bsp.a(altera_avalon_timer_vars.o)
 .debug_line    0x00000000000011b9      0x15e ../qbert_game_6_cubes_bsp/\libhal_bsp.a(alt_close.o)
 .debug_line    0x0000000000001317       0x51 ../qbert_game_6_cubes_bsp/\libhal_bsp.a(alt_dcache_flush_all.o)
 .debug_line    0x0000000000001368       0xf0 ../qbert_game_6_cubes_bsp/\libhal_bsp.a(alt_dev.o)
 .debug_line    0x0000000000001458       0xd0 ../qbert_game_6_cubes_bsp/\libhal_bsp.a(alt_dev_llist_insert.o)
 .debug_line    0x0000000000001528       0x59 ../qbert_game_6_cubes_bsp/\libhal_bsp.a(alt_do_ctors.o)
 .debug_line    0x0000000000001581       0x59 ../qbert_game_6_cubes_bsp/\libhal_bsp.a(alt_do_dtors.o)
 .debug_line    0x00000000000015da       0x51 ../qbert_game_6_cubes_bsp/\libhal_bsp.a(alt_errno.o)
 .debug_line    0x000000000000162b       0x4f ../qbert_game_6_cubes_bsp/\libhal_bsp.a(alt_icache_flush_all.o)
 .debug_line    0x000000000000167a      0x12d ../qbert_game_6_cubes_bsp/\libhal_bsp.a(alt_io_redirect.o)
 .debug_line    0x00000000000017a7      0x12d ../qbert_game_6_cubes_bsp/\libhal_bsp.a(alt_open.o)
 .debug_line    0x00000000000018d4       0xb0 ../qbert_game_6_cubes_bsp/\libhal_bsp.a(alt_release_fd.o)
 .debug_line    0x0000000000001984       0x51 ../qbert_game_6_cubes_bsp/\libhal_bsp.a(altera_nios2_gen2_irq.o)
 .debug_line    0x00000000000019d5       0xb5 ../qbert_game_6_cubes_bsp/\libhal_bsp.a(alt_find_dev.o)
 .debug_line    0x0000000000001a8a       0xd1 ../qbert_game_6_cubes_bsp/\libhal_bsp.a(alt_find_file.o)
 .debug_line    0x0000000000001b5b       0xd8 ../qbert_game_6_cubes_bsp/\libhal_bsp.a(alt_get_fd.o)
 .debug_line    0x0000000000001c33       0xea c:/altera/15.0/nios2eds/bin/gnu/h-x86_64-mingw32/bin/../lib/gcc/nios2-elf/4.9.1/../../../../../H-x86_64-mingw32/nios2-elf/lib/mno-hw-mul\libsmallc.a(lib_a-atexit.o)
 .debug_line    0x0000000000001d1d      0x15a c:/altera/15.0/nios2eds/bin/gnu/h-x86_64-mingw32/bin/../lib/gcc/nios2-elf/4.9.1/../../../../../H-x86_64-mingw32/nios2-elf/lib/mno-hw-mul\libsmallc.a(lib_a-exit.o)
 .debug_line    0x0000000000001e77      0x162 c:/altera/15.0/nios2eds/bin/gnu/h-x86_64-mingw32/bin/../lib/gcc/nios2-elf/4.9.1/../../../../../H-x86_64-mingw32/nios2-elf/lib/mno-hw-mul\libsmallc.a(lib_a-memcmp.o)
 .debug_line    0x0000000000001fd9      0x214 c:/altera/15.0/nios2eds/bin/gnu/h-x86_64-mingw32/bin/../lib/gcc/nios2-elf/4.9.1/../../../../../H-x86_64-mingw32/nios2-elf/lib/mno-hw-mul\libsmallc.a(lib_a-__atexit.o)
 .debug_line    0x00000000000021ed      0x252 c:/altera/15.0/nios2eds/bin/gnu/h-x86_64-mingw32/bin/../lib/gcc/nios2-elf/4.9.1/../../../../../H-x86_64-mingw32/nios2-elf/lib/mno-hw-mul\libsmallc.a(lib_a-__call_atexit.o)
 .debug_line    0x000000000000243f       0x80 c:/altera/15.0/nios2eds/bin/gnu/h-x86_64-mingw32/bin/../lib/gcc/nios2-elf/4.9.1/mno-hw-mul\libgcc.a(lib2-mul.o)
 .debug_line    0x00000000000024bf       0x71 ../qbert_game_6_cubes_bsp/\libhal_bsp.a(alt_exit.o)

.debug_frame    0x0000000000000000      0x878
 *(.debug_frame)
 .debug_frame   0x0000000000000000       0x38 obj/default/hello_world.o
 .debug_frame   0x0000000000000038       0x48 c:/altera/15.0/nios2eds/bin/gnu/h-x86_64-mingw32/bin/../lib/gcc/nios2-elf/4.9.1/../../../../../H-x86_64-mingw32/nios2-elf/lib/mno-hw-mul\libsmallc.a(lib_a-puts.o)
 .debug_frame   0x0000000000000080       0x20 c:/altera/15.0/nios2eds/bin/gnu/h-x86_64-mingw32/bin/../lib/gcc/nios2-elf/4.9.1/../../../../../H-x86_64-mingw32/nios2-elf/lib/mno-hw-mul\libsmallc.a(lib_a-strlen.o)
 .debug_frame   0x00000000000000a0       0x40 c:/altera/15.0/nios2eds/bin/gnu/h-x86_64-mingw32/bin/../lib/gcc/nios2-elf/4.9.1/../../../../../H-x86_64-mingw32/nios2-elf/lib/mno-hw-mul\libsmallc.a(lib_a-fvwrite_small_dev.o)
 .debug_frame   0x00000000000000e0       0x38 c:/altera/15.0/nios2eds/bin/gnu/h-x86_64-mingw32/bin/../lib/gcc/nios2-elf/4.9.1/../../../../../H-x86_64-mingw32/nios2-elf/lib/mno-hw-mul\libsmallc.a(lib_a-writer.o)
 .debug_frame   0x0000000000000118       0x5c ../qbert_game_6_cubes_bsp/\libhal_bsp.a(alt_load.o)
 .debug_frame   0x0000000000000174       0x2c ../qbert_game_6_cubes_bsp/\libhal_bsp.a(alt_main.o)
 .debug_frame   0x00000000000001a0       0x60 ../qbert_game_6_cubes_bsp/\libhal_bsp.a(alt_write.o)
 .debug_frame   0x0000000000000200       0x88 ../qbert_game_6_cubes_bsp/\libhal_bsp.a(alt_sys_init.o)
 .debug_frame   0x0000000000000288       0x60 ../qbert_game_6_cubes_bsp/\libhal_bsp.a(altera_avalon_jtag_uart_fd.o)
 .debug_frame   0x00000000000002e8       0x34 ../qbert_game_6_cubes_bsp/\libhal_bsp.a(altera_avalon_jtag_uart_read.o)
 .debug_frame   0x000000000000031c       0x34 ../qbert_game_6_cubes_bsp/\libhal_bsp.a(altera_avalon_jtag_uart_write.o)
 .debug_frame   0x0000000000000350       0x60 ../qbert_game_6_cubes_bsp/\libhal_bsp.a(alt_close.o)
 .debug_frame   0x00000000000003b0       0x34 ../qbert_game_6_cubes_bsp/\libhal_bsp.a(alt_dcache_flush_all.o)
 .debug_frame   0x00000000000003e4       0x34 ../qbert_game_6_cubes_bsp/\libhal_bsp.a(alt_dev.o)
 .debug_frame   0x0000000000000418       0x60 ../qbert_game_6_cubes_bsp/\libhal_bsp.a(alt_dev_llist_insert.o)
 .debug_frame   0x0000000000000478       0x38 ../qbert_game_6_cubes_bsp/\libhal_bsp.a(alt_do_ctors.o)
 .debug_frame   0x00000000000004b0       0x38 ../qbert_game_6_cubes_bsp/\libhal_bsp.a(alt_do_dtors.o)
 .debug_frame   0x00000000000004e8       0x34 ../qbert_game_6_cubes_bsp/\libhal_bsp.a(alt_icache_flush_all.o)
 .debug_frame   0x000000000000051c       0x64 ../qbert_game_6_cubes_bsp/\libhal_bsp.a(alt_io_redirect.o)
 .debug_frame   0x0000000000000580       0x8c ../qbert_game_6_cubes_bsp/\libhal_bsp.a(alt_open.o)
 .debug_frame   0x000000000000060c       0x3c ../qbert_game_6_cubes_bsp/\libhal_bsp.a(alt_release_fd.o)
 .debug_frame   0x0000000000000648       0x34 ../qbert_game_6_cubes_bsp/\libhal_bsp.a(altera_nios2_gen2_irq.o)
 .debug_frame   0x000000000000067c       0x38 ../qbert_game_6_cubes_bsp/\libhal_bsp.a(alt_find_dev.o)
 .debug_frame   0x00000000000006b4       0x38 ../qbert_game_6_cubes_bsp/\libhal_bsp.a(alt_find_file.o)
 .debug_frame   0x00000000000006ec       0x3c ../qbert_game_6_cubes_bsp/\libhal_bsp.a(alt_get_fd.o)
 .debug_frame   0x0000000000000728       0x20 c:/altera/15.0/nios2eds/bin/gnu/h-x86_64-mingw32/bin/../lib/gcc/nios2-elf/4.9.1/../../../../../H-x86_64-mingw32/nios2-elf/lib/mno-hw-mul\libsmallc.a(lib_a-atexit.o)
 .debug_frame   0x0000000000000748       0x28 c:/altera/15.0/nios2eds/bin/gnu/h-x86_64-mingw32/bin/../lib/gcc/nios2-elf/4.9.1/../../../../../H-x86_64-mingw32/nios2-elf/lib/mno-hw-mul\libsmallc.a(lib_a-exit.o)
 .debug_frame   0x0000000000000770       0x20 c:/altera/15.0/nios2eds/bin/gnu/h-x86_64-mingw32/bin/../lib/gcc/nios2-elf/4.9.1/../../../../../H-x86_64-mingw32/nios2-elf/lib/mno-hw-mul\libsmallc.a(lib_a-memcmp.o)
 .debug_frame   0x0000000000000790       0x48 c:/altera/15.0/nios2eds/bin/gnu/h-x86_64-mingw32/bin/../lib/gcc/nios2-elf/4.9.1/../../../../../H-x86_64-mingw32/nios2-elf/lib/mno-hw-mul\libsmallc.a(lib_a-__atexit.o)
 .debug_frame   0x00000000000007d8       0x54 c:/altera/15.0/nios2eds/bin/gnu/h-x86_64-mingw32/bin/../lib/gcc/nios2-elf/4.9.1/../../../../../H-x86_64-mingw32/nios2-elf/lib/mno-hw-mul\libsmallc.a(lib_a-__call_atexit.o)
 .debug_frame   0x000000000000082c       0x20 c:/altera/15.0/nios2eds/bin/gnu/h-x86_64-mingw32/bin/../lib/gcc/nios2-elf/4.9.1/mno-hw-mul\libgcc.a(lib2-mul.o)
 .debug_frame   0x000000000000084c       0x2c ../qbert_game_6_cubes_bsp/\libhal_bsp.a(alt_exit.o)

.debug_str      0x0000000000000000     0x1477
 *(.debug_str)
 .debug_str     0x0000000000000000      0x191 obj/default/hello_world.o
                                        0x1da (size before relaxing)
 .debug_str     0x0000000000000191      0x3c3 c:/altera/15.0/nios2eds/bin/gnu/h-x86_64-mingw32/bin/../lib/gcc/nios2-elf/4.9.1/../../../../../H-x86_64-mingw32/nios2-elf/lib/mno-hw-mul\libsmallc.a(lib_a-puts.o)
                                        0x491 (size before relaxing)
 .debug_str     0x0000000000000554       0xd3 c:/altera/15.0/nios2eds/bin/gnu/h-x86_64-mingw32/bin/../lib/gcc/nios2-elf/4.9.1/../../../../../H-x86_64-mingw32/nios2-elf/lib/mno-hw-mul\libsmallc.a(lib_a-strlen.o)
                                        0x1a9 (size before relaxing)
 .debug_str     0x0000000000000627       0x6d c:/altera/15.0/nios2eds/bin/gnu/h-x86_64-mingw32/bin/../lib/gcc/nios2-elf/4.9.1/../../../../../H-x86_64-mingw32/nios2-elf/lib/mno-hw-mul\libsmallc.a(lib_a-fvwrite_small_dev.o)
                                        0x4a8 (size before relaxing)
 .debug_str     0x0000000000000694       0xf0 c:/altera/15.0/nios2eds/bin/gnu/h-x86_64-mingw32/bin/../lib/gcc/nios2-elf/4.9.1/../../../../../H-x86_64-mingw32/nios2-elf/lib/mno-hw-mul\libsmallc.a(lib_a-impure.o)
                                        0x482 (size before relaxing)
 .debug_str     0x0000000000000784       0x3d c:/altera/15.0/nios2eds/bin/gnu/h-x86_64-mingw32/bin/../lib/gcc/nios2-elf/4.9.1/../../../../../H-x86_64-mingw32/nios2-elf/lib/mno-hw-mul\libsmallc.a(lib_a-writer.o)
                                        0x47c (size before relaxing)
 .debug_str     0x00000000000007c1       0x40 c:/altera/15.0/nios2eds/bin/gnu/h-x86_64-mingw32/bin/../lib/gcc/nios2-elf/4.9.1/../../../../../H-x86_64-mingw32/nios2-elf/lib/mno-hw-mul\libsmallc.a(lib_a-int_errno.o)
                                        0x19c (size before relaxing)
 .debug_str     0x0000000000000801      0x14a ../qbert_game_6_cubes_bsp/\libhal_bsp.a(alt_load.o)
                                        0x214 (size before relaxing)
 .debug_str     0x000000000000094b       0x70 ../qbert_game_6_cubes_bsp/\libhal_bsp.a(alt_main.o)
                                        0x19f (size before relaxing)
 .debug_str     0x00000000000009bb      0x15f ../qbert_game_6_cubes_bsp/\libhal_bsp.a(alt_write.o)
                                        0x2fa (size before relaxing)
 .debug_str     0x0000000000000b1a      0x138 ../qbert_game_6_cubes_bsp/\libhal_bsp.a(alt_sys_init.o)
                                        0x30e (size before relaxing)
 .debug_str     0x0000000000000c52       0x77 ../qbert_game_6_cubes_bsp/\libhal_bsp.a(altera_avalon_jtag_uart_fd.o)
                                        0x2d7 (size before relaxing)
 .debug_str     0x0000000000000cc9       0x48 ../qbert_game_6_cubes_bsp/\libhal_bsp.a(altera_avalon_jtag_uart_read.o)
                                        0x221 (size before relaxing)
 .debug_str     0x0000000000000d11       0x4a ../qbert_game_6_cubes_bsp/\libhal_bsp.a(altera_avalon_jtag_uart_write.o)
                                        0x217 (size before relaxing)
 .debug_str     0x0000000000000d5b       0x27 ../qbert_game_6_cubes_bsp/\libhal_bsp.a(altera_avalon_timer_vars.o)
                                        0x1bb (size before relaxing)
 .debug_str     0x0000000000000d82       0x1b ../qbert_game_6_cubes_bsp/\libhal_bsp.a(alt_close.o)
                                        0x20d (size before relaxing)
 .debug_str     0x0000000000000d9d       0x34 ../qbert_game_6_cubes_bsp/\libhal_bsp.a(alt_dcache_flush_all.o)
                                        0x157 (size before relaxing)
 .debug_str     0x0000000000000dd1       0x50 ../qbert_game_6_cubes_bsp/\libhal_bsp.a(alt_dev.o)
                                        0x307 (size before relaxing)
 .debug_str     0x0000000000000e21       0x4b ../qbert_game_6_cubes_bsp/\libhal_bsp.a(alt_dev_llist_insert.o)
                                        0x1ce (size before relaxing)
 .debug_str     0x0000000000000e6c       0x48 ../qbert_game_6_cubes_bsp/\libhal_bsp.a(alt_do_ctors.o)
                                         0xde (size before relaxing)
 .debug_str     0x0000000000000eb4       0x4c ../qbert_game_6_cubes_bsp/\libhal_bsp.a(alt_do_dtors.o)
                                         0xdd (size before relaxing)
 .debug_str     0x0000000000000f00       0x14 ../qbert_game_6_cubes_bsp/\libhal_bsp.a(alt_errno.o)
                                        0x147 (size before relaxing)
 .debug_str     0x0000000000000f14       0x34 ../qbert_game_6_cubes_bsp/\libhal_bsp.a(alt_icache_flush_all.o)
                                        0x157 (size before relaxing)
 .debug_str     0x0000000000000f48       0x56 ../qbert_game_6_cubes_bsp/\libhal_bsp.a(alt_io_redirect.o)
                                        0x318 (size before relaxing)
 .debug_str     0x0000000000000f9e       0x36 ../qbert_game_6_cubes_bsp/\libhal_bsp.a(alt_open.o)
                                        0x24d (size before relaxing)
 .debug_str     0x0000000000000fd4       0x28 ../qbert_game_6_cubes_bsp/\libhal_bsp.a(alt_release_fd.o)
                                        0x1e1 (size before relaxing)
 .debug_str     0x0000000000000ffc       0x3b ../qbert_game_6_cubes_bsp/\libhal_bsp.a(altera_nios2_gen2_irq.o)
                                        0x15e (size before relaxing)
 .debug_str     0x0000000000001037       0x24 ../qbert_game_6_cubes_bsp/\libhal_bsp.a(alt_find_dev.o)
                                        0x1ee (size before relaxing)
 .debug_str     0x000000000000105b       0x26 ../qbert_game_6_cubes_bsp/\libhal_bsp.a(alt_find_file.o)
                                        0x1fc (size before relaxing)
 .debug_str     0x0000000000001081       0x30 ../qbert_game_6_cubes_bsp/\libhal_bsp.a(alt_get_fd.o)
                                        0x21e (size before relaxing)
 .debug_str     0x00000000000010b1      0x117 c:/altera/15.0/nios2eds/bin/gnu/h-x86_64-mingw32/bin/../lib/gcc/nios2-elf/4.9.1/../../../../../H-x86_64-mingw32/nios2-elf/lib/mno-hw-mul\libsmallc.a(lib_a-atexit.o)
                                        0x1e0 (size before relaxing)
 .debug_str     0x00000000000011c8       0x4d c:/altera/15.0/nios2eds/bin/gnu/h-x86_64-mingw32/bin/../lib/gcc/nios2-elf/4.9.1/../../../../../H-x86_64-mingw32/nios2-elf/lib/mno-hw-mul\libsmallc.a(lib_a-exit.o)
                                        0x1b4 (size before relaxing)
 .debug_str     0x0000000000001215       0x45 c:/altera/15.0/nios2eds/bin/gnu/h-x86_64-mingw32/bin/../lib/gcc/nios2-elf/4.9.1/../../../../../H-x86_64-mingw32/nios2-elf/lib/mno-hw-mul\libsmallc.a(lib_a-memcmp.o)
                                        0x1a3 (size before relaxing)
 .debug_str     0x000000000000125a       0x55 c:/altera/15.0/nios2eds/bin/gnu/h-x86_64-mingw32/bin/../lib/gcc/nios2-elf/4.9.1/../../../../../H-x86_64-mingw32/nios2-elf/lib/mno-hw-mul\libsmallc.a(lib_a-__atexit.o)
                                        0x4d8 (size before relaxing)
 .debug_str     0x00000000000012af       0x58 c:/altera/15.0/nios2eds/bin/gnu/h-x86_64-mingw32/bin/../lib/gcc/nios2-elf/4.9.1/../../../../../H-x86_64-mingw32/nios2-elf/lib/mno-hw-mul\libsmallc.a(lib_a-__call_atexit.o)
                                        0x4a1 (size before relaxing)
 .debug_str     0x0000000000001307      0x146 c:/altera/15.0/nios2eds/bin/gnu/h-x86_64-mingw32/bin/../lib/gcc/nios2-elf/4.9.1/mno-hw-mul\libgcc.a(lib2-mul.o)
                                        0x191 (size before relaxing)
 .debug_str     0x000000000000144d       0x2a ../qbert_game_6_cubes_bsp/\libhal_bsp.a(alt_exit.o)
                                        0x153 (size before relaxing)

.debug_loc      0x0000000000000000      0x5e9
 *(.debug_loc)
 .debug_loc     0x0000000000000000       0x97 c:/altera/15.0/nios2eds/bin/gnu/h-x86_64-mingw32/bin/../lib/gcc/nios2-elf/4.9.1/../../../../../H-x86_64-mingw32/nios2-elf/lib/mno-hw-mul\libsmallc.a(lib_a-puts.o)
 .debug_loc     0x0000000000000097       0x1e c:/altera/15.0/nios2eds/bin/gnu/h-x86_64-mingw32/bin/../lib/gcc/nios2-elf/4.9.1/../../../../../H-x86_64-mingw32/nios2-elf/lib/mno-hw-mul\libsmallc.a(lib_a-strlen.o)
 .debug_loc     0x00000000000000b5       0xbd c:/altera/15.0/nios2eds/bin/gnu/h-x86_64-mingw32/bin/../lib/gcc/nios2-elf/4.9.1/../../../../../H-x86_64-mingw32/nios2-elf/lib/mno-hw-mul\libsmallc.a(lib_a-fvwrite_small_dev.o)
 .debug_loc     0x0000000000000172       0xa5 c:/altera/15.0/nios2eds/bin/gnu/h-x86_64-mingw32/bin/../lib/gcc/nios2-elf/4.9.1/../../../../../H-x86_64-mingw32/nios2-elf/lib/mno-hw-mul\libsmallc.a(lib_a-writer.o)
 .debug_loc     0x0000000000000217       0x2c c:/altera/15.0/nios2eds/bin/gnu/h-x86_64-mingw32/bin/../lib/gcc/nios2-elf/4.9.1/../../../../../H-x86_64-mingw32/nios2-elf/lib/mno-hw-mul\libsmallc.a(lib_a-atexit.o)
 .debug_loc     0x0000000000000243       0x1e c:/altera/15.0/nios2eds/bin/gnu/h-x86_64-mingw32/bin/../lib/gcc/nios2-elf/4.9.1/../../../../../H-x86_64-mingw32/nios2-elf/lib/mno-hw-mul\libsmallc.a(lib_a-exit.o)
 .debug_loc     0x0000000000000261       0x94 c:/altera/15.0/nios2eds/bin/gnu/h-x86_64-mingw32/bin/../lib/gcc/nios2-elf/4.9.1/../../../../../H-x86_64-mingw32/nios2-elf/lib/mno-hw-mul\libsmallc.a(lib_a-memcmp.o)
 .debug_loc     0x00000000000002f5      0x15c c:/altera/15.0/nios2eds/bin/gnu/h-x86_64-mingw32/bin/../lib/gcc/nios2-elf/4.9.1/../../../../../H-x86_64-mingw32/nios2-elf/lib/mno-hw-mul\libsmallc.a(lib_a-__atexit.o)
 .debug_loc     0x0000000000000451      0x105 c:/altera/15.0/nios2eds/bin/gnu/h-x86_64-mingw32/bin/../lib/gcc/nios2-elf/4.9.1/../../../../../H-x86_64-mingw32/nios2-elf/lib/mno-hw-mul\libsmallc.a(lib_a-__call_atexit.o)
 .debug_loc     0x0000000000000556       0x93 c:/altera/15.0/nios2eds/bin/gnu/h-x86_64-mingw32/bin/../lib/gcc/nios2-elf/4.9.1/mno-hw-mul\libgcc.a(lib2-mul.o)

.debug_macinfo
 *(.debug_macinfo)

.debug_weaknames
 *(.debug_weaknames)

.debug_funcnames
 *(.debug_funcnames)

.debug_typenames
 *(.debug_typenames)

.debug_varnames
 *(.debug_varnames)

.debug_alt_sim_info
                0x0000000000000000       0x10
 *(.debug_alt_sim_info)
 .debug_alt_sim_info
                0x0000000000000000       0x10 ../qbert_game_6_cubes_bsp//obj/HAL/src/crt0.o
                0x000000000000ce20                __alt_data_end = 0xce20
                0x000000000000ce20                PROVIDE (__alt_stack_pointer, __alt_data_end)
                0x0000000000009cc0                PROVIDE (__alt_stack_limit, __alt_stack_base)
                0x0000000000009cc0                PROVIDE (__alt_heap_start, end)
                0x000000000000ce20                PROVIDE (__alt_heap_limit, 0xce20)
OUTPUT(qbert_game_6_cubes.elf elf32-littlenios2)

.debug_ranges   0x0000000000000000       0x38
 .debug_ranges  0x0000000000000000       0x20 ../qbert_game_6_cubes_bsp//obj/HAL/src/crt0.o
 .debug_ranges  0x0000000000000020       0x18 c:/altera/15.0/nios2eds/bin/gnu/h-x86_64-mingw32/bin/../lib/gcc/nios2-elf/4.9.1/../../../../../H-x86_64-mingw32/nios2-elf/lib/mno-hw-mul\libsmallc.a(lib_a-fvwrite_small_dev.o)
