------------------------------------------------------------
TimeQuest Timing Analyzer Summary
------------------------------------------------------------

Type  : Slow 1100mV 85C Model Setup 'clk'
Slack : -6.677
TNS   : -323.228

Type  : Slow 1100mV 85C Model Hold 'clk'
Slack : 0.637
TNS   : 0.000

Type  : Slow 1100mV 85C Model Minimum Pulse Width 'clk'
Slack : -0.724
TNS   : -83.523

Type  : Slow 1100mV 0C Model Setup 'clk'
Slack : -6.804
TNS   : -315.202

Type  : Slow 1100mV 0C Model Hold 'clk'
Slack : 0.676
TNS   : 0.000

Type  : Slow 1100mV 0C Model Minimum Pulse Width 'clk'
Slack : -0.724
TNS   : -83.461

Type  : Fast 1100mV 85C Model Setup 'clk'
Slack : -2.223
TNS   : -95.412

Type  : Fast 1100mV 85C Model Hold 'clk'
Slack : 0.199
TNS   : 0.000

Type  : Fast 1100mV 85C Model Minimum Pulse Width 'clk'
Slack : -0.090
TNS   : -6.571

Type  : Fast 1100mV 0C Model Setup 'clk'
Slack : -1.965
TNS   : -79.496

Type  : Fast 1100mV 0C Model Hold 'clk'
Slack : 0.190
TNS   : 0.000

Type  : Fast 1100mV 0C Model Minimum Pulse Width 'clk'
Slack : -0.089
TNS   : -6.541

------------------------------------------------------------
