------------------------------------------------------------
TimeQuest Timing Analyzer Summary
------------------------------------------------------------

Type  : Slow 1200mV 85C Model Setup 'MTL_PLL_inst|altpll_component|auto_generated|pll1|clk[0]'
Slack : -4.142
TNS   : -1445.667

Type  : Slow 1200mV 85C Model Setup 'RAM_PLL_inst|altpll_component|auto_generated|pll1|clk[0]'
Slack : -2.936
TNS   : -122.114

Type  : Slow 1200mV 85C Model Setup 'CLOCK_50'
Slack : 15.663
TNS   : 0.000

Type  : Slow 1200mV 85C Model Hold 'CLOCK_50'
Slack : 0.358
TNS   : 0.000

Type  : Slow 1200mV 85C Model Hold 'MTL_PLL_inst|altpll_component|auto_generated|pll1|clk[0]'
Slack : 0.358
TNS   : 0.000

Type  : Slow 1200mV 85C Model Hold 'RAM_PLL_inst|altpll_component|auto_generated|pll1|clk[0]'
Slack : 0.358
TNS   : 0.000

Type  : Slow 1200mV 85C Model Recovery 'MTL_PLL_inst|altpll_component|auto_generated|pll1|clk[0]'
Slack : -3.026
TNS   : -124.959

Type  : Slow 1200mV 85C Model Recovery 'RAM_PLL_inst|altpll_component|auto_generated|pll1|clk[0]'
Slack : -1.952
TNS   : -3.904

Type  : Slow 1200mV 85C Model Removal 'RAM_PLL_inst|altpll_component|auto_generated|pll1|clk[0]'
Slack : 0.814
TNS   : 0.000

Type  : Slow 1200mV 85C Model Removal 'MTL_PLL_inst|altpll_component|auto_generated|pll1|clk[0]'
Slack : 2.034
TNS   : 0.000

Type  : Slow 1200mV 85C Model Minimum Pulse Width 'RAM_PLL_inst|altpll_component|auto_generated|pll1|clk[0]'
Slack : 4.743
TNS   : 0.000

Type  : Slow 1200mV 85C Model Minimum Pulse Width 'CLOCK_50'
Slack : 9.516
TNS   : 0.000

Type  : Slow 1200mV 85C Model Minimum Pulse Width 'MTL_PLL_inst|altpll_component|auto_generated|pll1|clk[0]'
Slack : 14.900
TNS   : 0.000

Type  : Slow 1200mV 0C Model Setup 'MTL_PLL_inst|altpll_component|auto_generated|pll1|clk[0]'
Slack : -3.643
TNS   : -1263.674

Type  : Slow 1200mV 0C Model Setup 'RAM_PLL_inst|altpll_component|auto_generated|pll1|clk[0]'
Slack : -2.632
TNS   : -109.083

Type  : Slow 1200mV 0C Model Setup 'CLOCK_50'
Slack : 16.170
TNS   : 0.000

Type  : Slow 1200mV 0C Model Hold 'RAM_PLL_inst|altpll_component|auto_generated|pll1|clk[0]'
Slack : 0.311
TNS   : 0.000

Type  : Slow 1200mV 0C Model Hold 'CLOCK_50'
Slack : 0.312
TNS   : 0.000

Type  : Slow 1200mV 0C Model Hold 'MTL_PLL_inst|altpll_component|auto_generated|pll1|clk[0]'
Slack : 0.312
TNS   : 0.000

Type  : Slow 1200mV 0C Model Recovery 'MTL_PLL_inst|altpll_component|auto_generated|pll1|clk[0]'
Slack : -2.606
TNS   : -106.932

Type  : Slow 1200mV 0C Model Recovery 'RAM_PLL_inst|altpll_component|auto_generated|pll1|clk[0]'
Slack : -1.716
TNS   : -3.432

Type  : Slow 1200mV 0C Model Removal 'RAM_PLL_inst|altpll_component|auto_generated|pll1|clk[0]'
Slack : 0.709
TNS   : 0.000

Type  : Slow 1200mV 0C Model Removal 'MTL_PLL_inst|altpll_component|auto_generated|pll1|clk[0]'
Slack : 1.795
TNS   : 0.000

Type  : Slow 1200mV 0C Model Minimum Pulse Width 'RAM_PLL_inst|altpll_component|auto_generated|pll1|clk[0]'
Slack : 4.737
TNS   : 0.000

Type  : Slow 1200mV 0C Model Minimum Pulse Width 'CLOCK_50'
Slack : 9.517
TNS   : 0.000

Type  : Slow 1200mV 0C Model Minimum Pulse Width 'MTL_PLL_inst|altpll_component|auto_generated|pll1|clk[0]'
Slack : 14.891
TNS   : 0.000

Type  : Fast 1200mV 0C Model Setup 'MTL_PLL_inst|altpll_component|auto_generated|pll1|clk[0]'
Slack : -2.188
TNS   : -750.802

Type  : Fast 1200mV 0C Model Setup 'RAM_PLL_inst|altpll_component|auto_generated|pll1|clk[0]'
Slack : -1.598
TNS   : -66.421

Type  : Fast 1200mV 0C Model Setup 'CLOCK_50'
Slack : 17.524
TNS   : 0.000

Type  : Fast 1200mV 0C Model Hold 'CLOCK_50'
Slack : 0.186
TNS   : 0.000

Type  : Fast 1200mV 0C Model Hold 'RAM_PLL_inst|altpll_component|auto_generated|pll1|clk[0]'
Slack : 0.186
TNS   : 0.000

Type  : Fast 1200mV 0C Model Hold 'MTL_PLL_inst|altpll_component|auto_generated|pll1|clk[0]'
Slack : 0.187
TNS   : 0.000

Type  : Fast 1200mV 0C Model Recovery 'MTL_PLL_inst|altpll_component|auto_generated|pll1|clk[0]'
Slack : -1.526
TNS   : -61.345

Type  : Fast 1200mV 0C Model Recovery 'RAM_PLL_inst|altpll_component|auto_generated|pll1|clk[0]'
Slack : -1.085
TNS   : -2.170

Type  : Fast 1200mV 0C Model Removal 'RAM_PLL_inst|altpll_component|auto_generated|pll1|clk[0]'
Slack : 0.404
TNS   : 0.000

Type  : Fast 1200mV 0C Model Removal 'MTL_PLL_inst|altpll_component|auto_generated|pll1|clk[0]'
Slack : 1.116
TNS   : 0.000

Type  : Fast 1200mV 0C Model Minimum Pulse Width 'RAM_PLL_inst|altpll_component|auto_generated|pll1|clk[0]'
Slack : 4.755
TNS   : 0.000

Type  : Fast 1200mV 0C Model Minimum Pulse Width 'CLOCK_50'
Slack : 9.219
TNS   : 0.000

Type  : Fast 1200mV 0C Model Minimum Pulse Width 'MTL_PLL_inst|altpll_component|auto_generated|pll1|clk[0]'
Slack : 14.934
TNS   : 0.000

------------------------------------------------------------
