------------------------------------------------------------
TimeQuest Timing Analyzer Summary
------------------------------------------------------------

Type  : Slow 1200mV 85C Model Setup 'RAM_PLL_inst|altpll_component|auto_generated|pll1|clk[0]'
Slack : -2.927
TNS   : -116.431

Type  : Slow 1200mV 85C Model Setup 'MTL_PLL_inst|altpll_component|auto_generated|pll1|clk[0]'
Slack : -2.415
TNS   : -22.034

Type  : Slow 1200mV 85C Model Setup 'CLOCK_50'
Slack : 16.400
TNS   : 0.000

Type  : Slow 1200mV 85C Model Hold 'CLOCK_50'
Slack : 0.358
TNS   : 0.000

Type  : Slow 1200mV 85C Model Hold 'RAM_PLL_inst|altpll_component|auto_generated|pll1|clk[0]'
Slack : 0.358
TNS   : 0.000

Type  : Slow 1200mV 85C Model Hold 'MTL_PLL_inst|altpll_component|auto_generated|pll1|clk[0]'
Slack : 0.376
TNS   : 0.000

Type  : Slow 1200mV 85C Model Recovery 'MTL_PLL_inst|altpll_component|auto_generated|pll1|clk[0]'
Slack : -2.760
TNS   : -131.717

Type  : Slow 1200mV 85C Model Recovery 'RAM_PLL_inst|altpll_component|auto_generated|pll1|clk[0]'
Slack : -2.368
TNS   : -4.736

Type  : Slow 1200mV 85C Model Removal 'RAM_PLL_inst|altpll_component|auto_generated|pll1|clk[0]'
Slack : 0.918
TNS   : 0.000

Type  : Slow 1200mV 85C Model Removal 'MTL_PLL_inst|altpll_component|auto_generated|pll1|clk[0]'
Slack : 2.087
TNS   : 0.000

Type  : Slow 1200mV 85C Model Minimum Pulse Width 'RAM_PLL_inst|altpll_component|auto_generated|pll1|clk[0]'
Slack : 4.746
TNS   : 0.000

Type  : Slow 1200mV 85C Model Minimum Pulse Width 'CLOCK_50'
Slack : 9.516
TNS   : 0.000

Type  : Slow 1200mV 85C Model Minimum Pulse Width 'MTL_PLL_inst|altpll_component|auto_generated|pll1|clk[0]'
Slack : 14.900
TNS   : 0.000

Type  : Slow 1200mV 0C Model Setup 'RAM_PLL_inst|altpll_component|auto_generated|pll1|clk[0]'
Slack : -2.622
TNS   : -103.621

Type  : Slow 1200mV 0C Model Setup 'MTL_PLL_inst|altpll_component|auto_generated|pll1|clk[0]'
Slack : -2.048
TNS   : -18.671

Type  : Slow 1200mV 0C Model Setup 'CLOCK_50'
Slack : 16.830
TNS   : 0.000

Type  : Slow 1200mV 0C Model Hold 'CLOCK_50'
Slack : 0.312
TNS   : 0.000

Type  : Slow 1200mV 0C Model Hold 'RAM_PLL_inst|altpll_component|auto_generated|pll1|clk[0]'
Slack : 0.312
TNS   : 0.000

Type  : Slow 1200mV 0C Model Hold 'MTL_PLL_inst|altpll_component|auto_generated|pll1|clk[0]'
Slack : 0.340
TNS   : 0.000

Type  : Slow 1200mV 0C Model Recovery 'MTL_PLL_inst|altpll_component|auto_generated|pll1|clk[0]'
Slack : -2.364
TNS   : -112.964

Type  : Slow 1200mV 0C Model Recovery 'RAM_PLL_inst|altpll_component|auto_generated|pll1|clk[0]'
Slack : -2.081
TNS   : -4.162

Type  : Slow 1200mV 0C Model Removal 'RAM_PLL_inst|altpll_component|auto_generated|pll1|clk[0]'
Slack : 0.828
TNS   : 0.000

Type  : Slow 1200mV 0C Model Removal 'MTL_PLL_inst|altpll_component|auto_generated|pll1|clk[0]'
Slack : 1.844
TNS   : 0.000

Type  : Slow 1200mV 0C Model Minimum Pulse Width 'RAM_PLL_inst|altpll_component|auto_generated|pll1|clk[0]'
Slack : 4.743
TNS   : 0.000

Type  : Slow 1200mV 0C Model Minimum Pulse Width 'CLOCK_50'
Slack : 9.514
TNS   : 0.000

Type  : Slow 1200mV 0C Model Minimum Pulse Width 'MTL_PLL_inst|altpll_component|auto_generated|pll1|clk[0]'
Slack : 14.891
TNS   : 0.000

Type  : Fast 1200mV 0C Model Setup 'RAM_PLL_inst|altpll_component|auto_generated|pll1|clk[0]'
Slack : -1.609
TNS   : -63.659

Type  : Fast 1200mV 0C Model Setup 'MTL_PLL_inst|altpll_component|auto_generated|pll1|clk[0]'
Slack : -1.167
TNS   : -10.442

Type  : Fast 1200mV 0C Model Setup 'CLOCK_50'
Slack : 17.967
TNS   : 0.000

Type  : Fast 1200mV 0C Model Hold 'CLOCK_50'
Slack : 0.186
TNS   : 0.000

Type  : Fast 1200mV 0C Model Hold 'RAM_PLL_inst|altpll_component|auto_generated|pll1|clk[0]'
Slack : 0.187
TNS   : 0.000

Type  : Fast 1200mV 0C Model Hold 'MTL_PLL_inst|altpll_component|auto_generated|pll1|clk[0]'
Slack : 0.195
TNS   : 0.000

Type  : Fast 1200mV 0C Model Recovery 'MTL_PLL_inst|altpll_component|auto_generated|pll1|clk[0]'
Slack : -1.361
TNS   : -65.131

Type  : Fast 1200mV 0C Model Recovery 'RAM_PLL_inst|altpll_component|auto_generated|pll1|clk[0]'
Slack : -1.313
TNS   : -2.626

Type  : Fast 1200mV 0C Model Removal 'RAM_PLL_inst|altpll_component|auto_generated|pll1|clk[0]'
Slack : 0.502
TNS   : 0.000

Type  : Fast 1200mV 0C Model Removal 'MTL_PLL_inst|altpll_component|auto_generated|pll1|clk[0]'
Slack : 1.139
TNS   : 0.000

Type  : Fast 1200mV 0C Model Minimum Pulse Width 'RAM_PLL_inst|altpll_component|auto_generated|pll1|clk[0]'
Slack : 4.755
TNS   : 0.000

Type  : Fast 1200mV 0C Model Minimum Pulse Width 'CLOCK_50'
Slack : 9.218
TNS   : 0.000

Type  : Fast 1200mV 0C Model Minimum Pulse Width 'MTL_PLL_inst|altpll_component|auto_generated|pll1|clk[0]'
Slack : 14.934
TNS   : 0.000

------------------------------------------------------------
