------------------------------------------------------------
TimeQuest Timing Analyzer Summary
------------------------------------------------------------

Type  : Slow 1200mV 85C Model Setup 'CLOCK_50'
Slack : 3.398
TNS   : 0.000

Type  : Slow 1200mV 85C Model Setup 'DE0_LT24_SOPC_inst|alt_pll|sd1|pll7|clk[0]'
Slack : 8.166
TNS   : 0.000

Type  : Slow 1200mV 85C Model Setup 'altera_reserved_tck'
Slack : 45.789
TNS   : 0.000

Type  : Slow 1200mV 85C Model Setup 'DE0_LT24_SOPC_inst|alt_pll|sd1|pll7|clk[2]'
Slack : 94.648
TNS   : 0.000

Type  : Slow 1200mV 85C Model Hold 'DE0_LT24_SOPC_inst|alt_pll|sd1|pll7|clk[0]'
Slack : 0.309
TNS   : 0.000

Type  : Slow 1200mV 85C Model Hold 'CLOCK_50'
Slack : 0.321
TNS   : 0.000

Type  : Slow 1200mV 85C Model Hold 'DE0_LT24_SOPC_inst|alt_pll|sd1|pll7|clk[2]'
Slack : 0.357
TNS   : 0.000

Type  : Slow 1200mV 85C Model Hold 'altera_reserved_tck'
Slack : 0.358
TNS   : 0.000

Type  : Slow 1200mV 85C Model Recovery 'DE0_LT24_SOPC_inst|alt_pll|sd1|pll7|clk[0]'
Slack : 14.267
TNS   : 0.000

Type  : Slow 1200mV 85C Model Recovery 'CLOCK_50'
Slack : 15.605
TNS   : 0.000

Type  : Slow 1200mV 85C Model Recovery 'altera_reserved_tck'
Slack : 48.337
TNS   : 0.000

Type  : Slow 1200mV 85C Model Recovery 'DE0_LT24_SOPC_inst|alt_pll|sd1|pll7|clk[2]'
Slack : 96.708
TNS   : 0.000

Type  : Slow 1200mV 85C Model Removal 'CLOCK_50'
Slack : 0.897
TNS   : 0.000

Type  : Slow 1200mV 85C Model Removal 'altera_reserved_tck'
Slack : 1.054
TNS   : 0.000

Type  : Slow 1200mV 85C Model Removal 'DE0_LT24_SOPC_inst|alt_pll|sd1|pll7|clk[2]'
Slack : 2.394
TNS   : 0.000

Type  : Slow 1200mV 85C Model Removal 'DE0_LT24_SOPC_inst|alt_pll|sd1|pll7|clk[0]'
Slack : 3.610
TNS   : 0.000

Type  : Slow 1200mV 85C Model Minimum Pulse Width 'CLOCK_50'
Slack : 9.485
TNS   : 0.000

Type  : Slow 1200mV 85C Model Minimum Pulse Width 'DE0_LT24_SOPC_inst|alt_pll|sd1|pll7|clk[0]'
Slack : 9.659
TNS   : 0.000

Type  : Slow 1200mV 85C Model Minimum Pulse Width 'altera_reserved_tck'
Slack : 49.535
TNS   : 0.000

Type  : Slow 1200mV 85C Model Minimum Pulse Width 'DE0_LT24_SOPC_inst|alt_pll|sd1|pll7|clk[2]'
Slack : 49.746
TNS   : 0.000

Type  : Slow 1200mV 0C Model Setup 'CLOCK_50'
Slack : 5.174
TNS   : 0.000

Type  : Slow 1200mV 0C Model Setup 'DE0_LT24_SOPC_inst|alt_pll|sd1|pll7|clk[0]'
Slack : 9.224
TNS   : 0.000

Type  : Slow 1200mV 0C Model Setup 'altera_reserved_tck'
Slack : 46.248
TNS   : 0.000

Type  : Slow 1200mV 0C Model Setup 'DE0_LT24_SOPC_inst|alt_pll|sd1|pll7|clk[2]'
Slack : 95.247
TNS   : 0.000

Type  : Slow 1200mV 0C Model Hold 'DE0_LT24_SOPC_inst|alt_pll|sd1|pll7|clk[0]'
Slack : 0.294
TNS   : 0.000

Type  : Slow 1200mV 0C Model Hold 'CLOCK_50'
Slack : 0.298
TNS   : 0.000

Type  : Slow 1200mV 0C Model Hold 'DE0_LT24_SOPC_inst|alt_pll|sd1|pll7|clk[2]'
Slack : 0.311
TNS   : 0.000

Type  : Slow 1200mV 0C Model Hold 'altera_reserved_tck'
Slack : 0.312
TNS   : 0.000

Type  : Slow 1200mV 0C Model Recovery 'DE0_LT24_SOPC_inst|alt_pll|sd1|pll7|clk[0]'
Slack : 14.883
TNS   : 0.000

Type  : Slow 1200mV 0C Model Recovery 'CLOCK_50'
Slack : 16.040
TNS   : 0.000

Type  : Slow 1200mV 0C Model Recovery 'altera_reserved_tck'
Slack : 48.571
TNS   : 0.000

Type  : Slow 1200mV 0C Model Recovery 'DE0_LT24_SOPC_inst|alt_pll|sd1|pll7|clk[2]'
Slack : 97.071
TNS   : 0.000

Type  : Slow 1200mV 0C Model Removal 'CLOCK_50'
Slack : 0.806
TNS   : 0.000

Type  : Slow 1200mV 0C Model Removal 'altera_reserved_tck'
Slack : 0.951
TNS   : 0.000

Type  : Slow 1200mV 0C Model Removal 'DE0_LT24_SOPC_inst|alt_pll|sd1|pll7|clk[2]'
Slack : 2.138
TNS   : 0.000

Type  : Slow 1200mV 0C Model Removal 'DE0_LT24_SOPC_inst|alt_pll|sd1|pll7|clk[0]'
Slack : 3.249
TNS   : 0.000

Type  : Slow 1200mV 0C Model Minimum Pulse Width 'CLOCK_50'
Slack : 9.485
TNS   : 0.000

Type  : Slow 1200mV 0C Model Minimum Pulse Width 'DE0_LT24_SOPC_inst|alt_pll|sd1|pll7|clk[0]'
Slack : 9.688
TNS   : 0.000

Type  : Slow 1200mV 0C Model Minimum Pulse Width 'altera_reserved_tck'
Slack : 49.497
TNS   : 0.000

Type  : Slow 1200mV 0C Model Minimum Pulse Width 'DE0_LT24_SOPC_inst|alt_pll|sd1|pll7|clk[2]'
Slack : 49.744
TNS   : 0.000

Type  : Fast 1200mV 0C Model Setup 'CLOCK_50'
Slack : 10.659
TNS   : 0.000

Type  : Fast 1200mV 0C Model Setup 'DE0_LT24_SOPC_inst|alt_pll|sd1|pll7|clk[0]'
Slack : 13.231
TNS   : 0.000

Type  : Fast 1200mV 0C Model Setup 'altera_reserved_tck'
Slack : 47.882
TNS   : 0.000

Type  : Fast 1200mV 0C Model Setup 'DE0_LT24_SOPC_inst|alt_pll|sd1|pll7|clk[2]'
Slack : 96.903
TNS   : 0.000

Type  : Fast 1200mV 0C Model Hold 'CLOCK_50'
Slack : 0.143
TNS   : 0.000

Type  : Fast 1200mV 0C Model Hold 'DE0_LT24_SOPC_inst|alt_pll|sd1|pll7|clk[0]'
Slack : 0.144
TNS   : 0.000

Type  : Fast 1200mV 0C Model Hold 'DE0_LT24_SOPC_inst|alt_pll|sd1|pll7|clk[2]'
Slack : 0.187
TNS   : 0.000

Type  : Fast 1200mV 0C Model Hold 'altera_reserved_tck'
Slack : 0.187
TNS   : 0.000

Type  : Fast 1200mV 0C Model Recovery 'DE0_LT24_SOPC_inst|alt_pll|sd1|pll7|clk[0]'
Slack : 16.590
TNS   : 0.000

Type  : Fast 1200mV 0C Model Recovery 'CLOCK_50'
Slack : 17.233
TNS   : 0.000

Type  : Fast 1200mV 0C Model Recovery 'altera_reserved_tck'
Slack : 49.345
TNS   : 0.000

Type  : Fast 1200mV 0C Model Recovery 'DE0_LT24_SOPC_inst|alt_pll|sd1|pll7|clk[2]'
Slack : 98.038
TNS   : 0.000

Type  : Fast 1200mV 0C Model Removal 'CLOCK_50'
Slack : 0.491
TNS   : 0.000

Type  : Fast 1200mV 0C Model Removal 'altera_reserved_tck'
Slack : 0.578
TNS   : 0.000

Type  : Fast 1200mV 0C Model Removal 'DE0_LT24_SOPC_inst|alt_pll|sd1|pll7|clk[2]'
Slack : 1.389
TNS   : 0.000

Type  : Fast 1200mV 0C Model Removal 'DE0_LT24_SOPC_inst|alt_pll|sd1|pll7|clk[0]'
Slack : 2.141
TNS   : 0.000

Type  : Fast 1200mV 0C Model Minimum Pulse Width 'CLOCK_50'
Slack : 9.206
TNS   : 0.000

Type  : Fast 1200mV 0C Model Minimum Pulse Width 'DE0_LT24_SOPC_inst|alt_pll|sd1|pll7|clk[0]'
Slack : 9.749
TNS   : 0.000

Type  : Fast 1200mV 0C Model Minimum Pulse Width 'altera_reserved_tck'
Slack : 49.310
TNS   : 0.000

Type  : Fast 1200mV 0C Model Minimum Pulse Width 'DE0_LT24_SOPC_inst|alt_pll|sd1|pll7|clk[2]'
Slack : 49.781
TNS   : 0.000

------------------------------------------------------------
