Archive member included to satisfy reference by file (symbol)

c:/altera/15.0/nios2eds/bin/gnu/h-x86_64-mingw32/bin/../lib/gcc/nios2-elf/4.9.1/../../../../../H-x86_64-mingw32/nios2-elf/lib/mno-hw-mul\libsmallc.a(lib_a-puts.o)
                              obj/default/test.o (puts)
c:/altera/15.0/nios2eds/bin/gnu/h-x86_64-mingw32/bin/../lib/gcc/nios2-elf/4.9.1/../../../../../H-x86_64-mingw32/nios2-elf/lib/mno-hw-mul\libsmallc.a(lib_a-strlen.o)
                              c:/altera/15.0/nios2eds/bin/gnu/h-x86_64-mingw32/bin/../lib/gcc/nios2-elf/4.9.1/../../../../../H-x86_64-mingw32/nios2-elf/lib/mno-hw-mul\libsmallc.a(lib_a-puts.o) (strlen)
c:/altera/15.0/nios2eds/bin/gnu/h-x86_64-mingw32/bin/../lib/gcc/nios2-elf/4.9.1/../../../../../H-x86_64-mingw32/nios2-elf/lib/mno-hw-mul\libsmallc.a(lib_a-fvwrite_small_dev.o)
                              c:/altera/15.0/nios2eds/bin/gnu/h-x86_64-mingw32/bin/../lib/gcc/nios2-elf/4.9.1/../../../../../H-x86_64-mingw32/nios2-elf/lib/mno-hw-mul\libsmallc.a(lib_a-puts.o) (__sfvwrite_small_dev)
c:/altera/15.0/nios2eds/bin/gnu/h-x86_64-mingw32/bin/../lib/gcc/nios2-elf/4.9.1/../../../../../H-x86_64-mingw32/nios2-elf/lib/mno-hw-mul\libsmallc.a(lib_a-impure.o)
                              c:/altera/15.0/nios2eds/bin/gnu/h-x86_64-mingw32/bin/../lib/gcc/nios2-elf/4.9.1/../../../../../H-x86_64-mingw32/nios2-elf/lib/mno-hw-mul\libsmallc.a(lib_a-puts.o) (_impure_ptr)
c:/altera/15.0/nios2eds/bin/gnu/h-x86_64-mingw32/bin/../lib/gcc/nios2-elf/4.9.1/../../../../../H-x86_64-mingw32/nios2-elf/lib/mno-hw-mul\libsmallc.a(lib_a-writer.o)
                              c:/altera/15.0/nios2eds/bin/gnu/h-x86_64-mingw32/bin/../lib/gcc/nios2-elf/4.9.1/../../../../../H-x86_64-mingw32/nios2-elf/lib/mno-hw-mul\libsmallc.a(lib_a-fvwrite_small_dev.o) (_write_r)
c:/altera/15.0/nios2eds/bin/gnu/h-x86_64-mingw32/bin/../lib/gcc/nios2-elf/4.9.1/../../../../../H-x86_64-mingw32/nios2-elf/lib/mno-hw-mul\libsmallc.a(lib_a-int_errno.o)
                              c:/altera/15.0/nios2eds/bin/gnu/h-x86_64-mingw32/bin/../lib/gcc/nios2-elf/4.9.1/../../../../../H-x86_64-mingw32/nios2-elf/lib/mno-hw-mul\libsmallc.a(lib_a-writer.o) (errno)
../qbert_project_bsp/\libhal_bsp.a(alt_load.o)
                              ../qbert_project_bsp//obj/HAL/src/crt0.o (alt_load)
../qbert_project_bsp/\libhal_bsp.a(alt_main.o)
                              ../qbert_project_bsp//obj/HAL/src/crt0.o (alt_main)
../qbert_project_bsp/\libhal_bsp.a(alt_write.o)
                              c:/altera/15.0/nios2eds/bin/gnu/h-x86_64-mingw32/bin/../lib/gcc/nios2-elf/4.9.1/../../../../../H-x86_64-mingw32/nios2-elf/lib/mno-hw-mul\libsmallc.a(lib_a-writer.o) (write)
../qbert_project_bsp/\libhal_bsp.a(alt_sys_init.o)
                              ../qbert_project_bsp/\libhal_bsp.a(alt_main.o) (alt_irq_init)
../qbert_project_bsp/\libhal_bsp.a(altera_avalon_jtag_uart_fd.o)
                              ../qbert_project_bsp/\libhal_bsp.a(alt_sys_init.o) (altera_avalon_jtag_uart_read_fd)
../qbert_project_bsp/\libhal_bsp.a(altera_avalon_jtag_uart_read.o)
                              ../qbert_project_bsp/\libhal_bsp.a(altera_avalon_jtag_uart_fd.o) (altera_avalon_jtag_uart_read)
../qbert_project_bsp/\libhal_bsp.a(altera_avalon_jtag_uart_write.o)
                              ../qbert_project_bsp/\libhal_bsp.a(altera_avalon_jtag_uart_fd.o) (altera_avalon_jtag_uart_write)
../qbert_project_bsp/\libhal_bsp.a(altera_avalon_timer_vars.o)
                              ../qbert_project_bsp/\libhal_bsp.a(alt_sys_init.o) (altera_avalon_timer_ts_base)
../qbert_project_bsp/\libhal_bsp.a(alt_close.o)
                              ../qbert_project_bsp/\libhal_bsp.a(alt_main.o) (close)
../qbert_project_bsp/\libhal_bsp.a(alt_dcache_flush_all.o)
                              ../qbert_project_bsp/\libhal_bsp.a(alt_load.o) (alt_dcache_flush_all)
../qbert_project_bsp/\libhal_bsp.a(alt_dev.o)
                              ../qbert_project_bsp/\libhal_bsp.a(alt_sys_init.o) (alt_dev_list)
../qbert_project_bsp/\libhal_bsp.a(alt_dev_llist_insert.o)
                              ../qbert_project_bsp/\libhal_bsp.a(alt_sys_init.o) (alt_dev_llist_insert)
../qbert_project_bsp/\libhal_bsp.a(alt_do_ctors.o)
                              ../qbert_project_bsp/\libhal_bsp.a(alt_main.o) (_do_ctors)
../qbert_project_bsp/\libhal_bsp.a(alt_do_dtors.o)
                              ../qbert_project_bsp/\libhal_bsp.a(alt_main.o) (_do_dtors)
../qbert_project_bsp/\libhal_bsp.a(alt_errno.o)
                              ../qbert_project_bsp/\libhal_bsp.a(alt_write.o) (alt_errno)
../qbert_project_bsp/\libhal_bsp.a(alt_icache_flush_all.o)
                              ../qbert_project_bsp/\libhal_bsp.a(alt_load.o) (alt_icache_flush_all)
../qbert_project_bsp/\libhal_bsp.a(alt_io_redirect.o)
                              ../qbert_project_bsp/\libhal_bsp.a(alt_main.o) (alt_io_redirect)
../qbert_project_bsp/\libhal_bsp.a(alt_open.o)
                              ../qbert_project_bsp/\libhal_bsp.a(alt_io_redirect.o) (open)
../qbert_project_bsp/\libhal_bsp.a(alt_release_fd.o)
                              ../qbert_project_bsp/\libhal_bsp.a(alt_close.o) (alt_release_fd)
../qbert_project_bsp/\libhal_bsp.a(altera_nios2_gen2_irq.o)
                              ../qbert_project_bsp/\libhal_bsp.a(alt_sys_init.o) (altera_nios2_gen2_irq_init)
../qbert_project_bsp/\libhal_bsp.a(alt_find_dev.o)
                              ../qbert_project_bsp/\libhal_bsp.a(alt_open.o) (alt_find_dev)
../qbert_project_bsp/\libhal_bsp.a(alt_find_file.o)
                              ../qbert_project_bsp/\libhal_bsp.a(alt_open.o) (alt_find_file)
../qbert_project_bsp/\libhal_bsp.a(alt_get_fd.o)
                              ../qbert_project_bsp/\libhal_bsp.a(alt_open.o) (alt_get_fd)
c:/altera/15.0/nios2eds/bin/gnu/h-x86_64-mingw32/bin/../lib/gcc/nios2-elf/4.9.1/../../../../../H-x86_64-mingw32/nios2-elf/lib/mno-hw-mul\libsmallc.a(lib_a-atexit.o)
                              ../qbert_project_bsp/\libhal_bsp.a(alt_main.o) (atexit)
c:/altera/15.0/nios2eds/bin/gnu/h-x86_64-mingw32/bin/../lib/gcc/nios2-elf/4.9.1/../../../../../H-x86_64-mingw32/nios2-elf/lib/mno-hw-mul\libsmallc.a(lib_a-exit.o)
                              ../qbert_project_bsp/\libhal_bsp.a(alt_main.o) (exit)
c:/altera/15.0/nios2eds/bin/gnu/h-x86_64-mingw32/bin/../lib/gcc/nios2-elf/4.9.1/../../../../../H-x86_64-mingw32/nios2-elf/lib/mno-hw-mul\libsmallc.a(lib_a-memcmp.o)
                              ../qbert_project_bsp/\libhal_bsp.a(alt_find_dev.o) (memcmp)
c:/altera/15.0/nios2eds/bin/gnu/h-x86_64-mingw32/bin/../lib/gcc/nios2-elf/4.9.1/../../../../../H-x86_64-mingw32/nios2-elf/lib/mno-hw-mul\libsmallc.a(lib_a-__atexit.o)
                              c:/altera/15.0/nios2eds/bin/gnu/h-x86_64-mingw32/bin/../lib/gcc/nios2-elf/4.9.1/../../../../../H-x86_64-mingw32/nios2-elf/lib/mno-hw-mul\libsmallc.a(lib_a-atexit.o) (__register_exitproc)
c:/altera/15.0/nios2eds/bin/gnu/h-x86_64-mingw32/bin/../lib/gcc/nios2-elf/4.9.1/../../../../../H-x86_64-mingw32/nios2-elf/lib/mno-hw-mul\libsmallc.a(lib_a-__call_atexit.o)
                              c:/altera/15.0/nios2eds/bin/gnu/h-x86_64-mingw32/bin/../lib/gcc/nios2-elf/4.9.1/../../../../../H-x86_64-mingw32/nios2-elf/lib/mno-hw-mul\libsmallc.a(lib_a-exit.o) (__call_exitprocs)
c:/altera/15.0/nios2eds/bin/gnu/h-x86_64-mingw32/bin/../lib/gcc/nios2-elf/4.9.1/mno-hw-mul\libgcc.a(lib2-mul.o)
                              ../qbert_project_bsp/\libhal_bsp.a(alt_write.o) (__mulsi3)
../qbert_project_bsp/\libhal_bsp.a(alt_exit.o)
                              c:/altera/15.0/nios2eds/bin/gnu/h-x86_64-mingw32/bin/../lib/gcc/nios2-elf/4.9.1/../../../../../H-x86_64-mingw32/nios2-elf/lib/mno-hw-mul\libsmallc.a(lib_a-exit.o) (_exit)

Allocating common symbols
Common symbol       size              file

errno               0x4               c:/altera/15.0/nios2eds/bin/gnu/h-x86_64-mingw32/bin/../lib/gcc/nios2-elf/4.9.1/../../../../../H-x86_64-mingw32/nios2-elf/lib/mno-hw-mul\libsmallc.a(lib_a-int_errno.o)

Memory Configuration

Name             Origin             Length             Attributes
reset            0x0000000000008000 0x0000000000000020
onchip_mem       0x0000000000008020 0x0000000000004e00
*default*        0x0000000000000000 0xffffffffffffffff

Linker script and memory map

LOAD ../qbert_project_bsp//obj/HAL/src/crt0.o
LOAD obj/default/test.o
LOAD c:/altera/15.0/nios2eds/bin/gnu/h-x86_64-mingw32/bin/../lib/gcc/nios2-elf/4.9.1/../../../../../H-x86_64-mingw32/nios2-elf/lib/mno-hw-mul\libstdc++.a
LOAD c:/altera/15.0/nios2eds/bin/gnu/h-x86_64-mingw32/bin/../lib/gcc/nios2-elf/4.9.1/../../../../../H-x86_64-mingw32/nios2-elf/lib/mno-hw-mul\libm.a
LOAD c:/altera/15.0/nios2eds/bin/gnu/h-x86_64-mingw32/bin/../lib/gcc/nios2-elf/4.9.1/mno-hw-mul\libgcc.a
START GROUP
LOAD c:/altera/15.0/nios2eds/bin/gnu/h-x86_64-mingw32/bin/../lib/gcc/nios2-elf/4.9.1/../../../../../H-x86_64-mingw32/nios2-elf/lib/mno-hw-mul\libsmallc.a
LOAD c:/altera/15.0/nios2eds/bin/gnu/h-x86_64-mingw32/bin/../lib/gcc/nios2-elf/4.9.1/mno-hw-mul\libgcc.a
LOAD ../qbert_project_bsp/\libhal_bsp.a
LOAD c:/altera/15.0/nios2eds/bin/gnu/h-x86_64-mingw32/bin/../lib/gcc/nios2-elf/4.9.1/../../../../../H-x86_64-mingw32/nios2-elf/lib/mno-hw-mul\libm.a
END GROUP
LOAD c:/altera/15.0/nios2eds/bin/gnu/h-x86_64-mingw32/bin/../lib/gcc/nios2-elf/4.9.1/mno-hw-mul\libgcc.a
                0x0000000000008000                __alt_mem_onchip_mem = 0x8000

.entry          0x0000000000008000       0x20
 *(.entry)
 .entry         0x0000000000008000       0x20 ../qbert_project_bsp//obj/HAL/src/crt0.o
                0x0000000000008000                __reset

.exceptions     0x0000000000008020        0x0
                0x0000000000008020                PROVIDE (__ram_exceptions_start, ABSOLUTE (.))
                0x0000000000008020                . = ALIGN (0x20)
 *(.irq)
 *(.exceptions.entry.label)
 *(.exceptions.entry.user)
 *(.exceptions.entry.ecc_fatal)
 *(.exceptions.entry)
 *(.exceptions.irqtest.user)
 *(.exceptions.irqtest)
 *(.exceptions.irqhandler.user)
 *(.exceptions.irqhandler)
 *(.exceptions.irqreturn.user)
 *(.exceptions.irqreturn)
 *(.exceptions.notirq.label)
 *(.exceptions.notirq.user)
 *(.exceptions.notirq)
 *(.exceptions.soft.user)
 *(.exceptions.soft)
 *(.exceptions.unknown.user)
 *(.exceptions.unknown)
 *(.exceptions.exit.label)
 *(.exceptions.exit.user)
 *(.exceptions.exit)
 *(.exceptions)
                0x0000000000008020                PROVIDE (__ram_exceptions_end, ABSOLUTE (.))
                0x0000000000008020                PROVIDE (__flash_exceptions_start, LOADADDR (.exceptions))

.text           0x0000000000008020     0x1664
                0x0000000000008020                PROVIDE (stext, ABSOLUTE (.))
 *(.interp)
 *(.hash)
 *(.dynsym)
 *(.dynstr)
 *(.gnu.version)
 *(.gnu.version_d)
 *(.gnu.version_r)
 *(.rel.init)
 *(.rela.init)
 *(.rel.text .rel.text.* .rel.gnu.linkonce.t.*)
 *(.rela.text .rela.text.* .rela.gnu.linkonce.t.*)
 *(.rel.fini)
 *(.rela.fini)
 *(.rel.rodata .rel.rodata.* .rel.gnu.linkonce.r.*)
 *(.rela.rodata .rela.rodata.* .rela.gnu.linkonce.r.*)
 *(.rel.data .rel.data.* .rel.gnu.linkonce.d.*)
 *(.rela.data .rela.data.* .rela.gnu.linkonce.d.*)
 *(.rel.tdata .rel.tdata.* .rel.gnu.linkonce.td.*)
 *(.rela.tdata .rela.tdata.* .rela.gnu.linkonce.td.*)
 *(.rel.tbss .rel.tbss.* .rel.gnu.linkonce.tb.*)
 *(.rela.tbss .rela.tbss.* .rela.gnu.linkonce.tb.*)
 *(.rel.ctors)
 *(.rela.ctors)
 *(.rel.dtors)
 *(.rela.dtors)
 *(.rel.got)
 *(.rela.got)
 *(.rel.sdata .rel.sdata.* .rel.gnu.linkonce.s.*)
 *(.rela.sdata .rela.sdata.* .rela.gnu.linkonce.s.*)
 *(.rel.sbss .rel.sbss.* .rel.gnu.linkonce.sb.*)
 *(.rela.sbss .rela.sbss.* .rela.gnu.linkonce.sb.*)
 *(.rel.sdata2 .rel.sdata2.* .rel.gnu.linkonce.s2.*)
 *(.rela.sdata2 .rela.sdata2.* .rela.gnu.linkonce.s2.*)
 *(.rel.sbss2 .rel.sbss2.* .rel.gnu.linkonce.sb2.*)
 *(.rela.sbss2 .rela.sbss2.* .rela.gnu.linkonce.sb2.*)
 *(.rel.bss .rel.bss.* .rel.gnu.linkonce.b.*)
 *(.rela.bss .rela.bss.* .rela.gnu.linkonce.b.*)
 *(.rel.plt)
 *(.rela.plt)
 *(.rel.dyn)
 *(.init)
 *(.plt)
 *(.text .stub .text.* .gnu.linkonce.t.*)
 .text          0x0000000000008020       0x3c ../qbert_project_bsp//obj/HAL/src/crt0.o
                0x0000000000008020                _start
 .text          0x000000000000805c       0xdc obj/default/test.o
                0x000000000000805c                main
 .text          0x0000000000008138       0x94 c:/altera/15.0/nios2eds/bin/gnu/h-x86_64-mingw32/bin/../lib/gcc/nios2-elf/4.9.1/../../../../../H-x86_64-mingw32/nios2-elf/lib/mno-hw-mul\libsmallc.a(lib_a-puts.o)
                0x0000000000008138                _puts_r
                0x00000000000081b8                puts
 .text          0x00000000000081cc       0x1c c:/altera/15.0/nios2eds/bin/gnu/h-x86_64-mingw32/bin/../lib/gcc/nios2-elf/4.9.1/../../../../../H-x86_64-mingw32/nios2-elf/lib/mno-hw-mul\libsmallc.a(lib_a-strlen.o)
                0x00000000000081cc                strlen
 .text          0x00000000000081e8       0xac c:/altera/15.0/nios2eds/bin/gnu/h-x86_64-mingw32/bin/../lib/gcc/nios2-elf/4.9.1/../../../../../H-x86_64-mingw32/nios2-elf/lib/mno-hw-mul\libsmallc.a(lib_a-fvwrite_small_dev.o)
                0x00000000000081e8                __sfvwrite_small_dev
 .text          0x0000000000008294        0x0 c:/altera/15.0/nios2eds/bin/gnu/h-x86_64-mingw32/bin/../lib/gcc/nios2-elf/4.9.1/../../../../../H-x86_64-mingw32/nios2-elf/lib/mno-hw-mul\libsmallc.a(lib_a-impure.o)
 .text          0x0000000000008294       0x58 c:/altera/15.0/nios2eds/bin/gnu/h-x86_64-mingw32/bin/../lib/gcc/nios2-elf/4.9.1/../../../../../H-x86_64-mingw32/nios2-elf/lib/mno-hw-mul\libsmallc.a(lib_a-writer.o)
                0x0000000000008294                _write_r
 .text          0x00000000000082ec        0x0 c:/altera/15.0/nios2eds/bin/gnu/h-x86_64-mingw32/bin/../lib/gcc/nios2-elf/4.9.1/../../../../../H-x86_64-mingw32/nios2-elf/lib/mno-hw-mul\libsmallc.a(lib_a-int_errno.o)
 .text          0x00000000000082ec       0xe4 ../qbert_project_bsp/\libhal_bsp.a(alt_load.o)
                0x0000000000008350                alt_load
 .text          0x00000000000083d0       0x78 ../qbert_project_bsp/\libhal_bsp.a(alt_main.o)
                0x00000000000083d0                alt_main
 .text          0x0000000000008448      0x150 ../qbert_project_bsp/\libhal_bsp.a(alt_write.o)
                0x0000000000008498                write
 .text          0x0000000000008598       0xc8 ../qbert_project_bsp/\libhal_bsp.a(alt_sys_init.o)
                0x00000000000085d0                alt_irq_init
                0x0000000000008604                alt_sys_init
 .text          0x0000000000008660       0xc0 ../qbert_project_bsp/\libhal_bsp.a(altera_avalon_jtag_uart_fd.o)
                0x0000000000008660                altera_avalon_jtag_uart_read_fd
                0x00000000000086c0                altera_avalon_jtag_uart_write_fd
 .text          0x0000000000008720       0xe4 ../qbert_project_bsp/\libhal_bsp.a(altera_avalon_jtag_uart_read.o)
                0x0000000000008720                altera_avalon_jtag_uart_read
 .text          0x0000000000008804       0x94 ../qbert_project_bsp/\libhal_bsp.a(altera_avalon_jtag_uart_write.o)
                0x0000000000008804                altera_avalon_jtag_uart_write
 .text          0x0000000000008898        0x0 ../qbert_project_bsp/\libhal_bsp.a(altera_avalon_timer_vars.o)
 .text          0x0000000000008898      0x128 ../qbert_project_bsp/\libhal_bsp.a(alt_close.o)
                0x00000000000088e8                close
 .text          0x00000000000089c0       0x1c ../qbert_project_bsp/\libhal_bsp.a(alt_dcache_flush_all.o)
                0x00000000000089c0                alt_dcache_flush_all
 .text          0x00000000000089dc       0x2c ../qbert_project_bsp/\libhal_bsp.a(alt_dev.o)
 .text          0x0000000000008a08       0xf4 ../qbert_project_bsp/\libhal_bsp.a(alt_dev_llist_insert.o)
                0x0000000000008a58                alt_dev_llist_insert
 .text          0x0000000000008afc       0x5c ../qbert_project_bsp/\libhal_bsp.a(alt_do_ctors.o)
                0x0000000000008afc                _do_ctors
 .text          0x0000000000008b58       0x5c ../qbert_project_bsp/\libhal_bsp.a(alt_do_dtors.o)
                0x0000000000008b58                _do_dtors
 .text          0x0000000000008bb4        0x0 ../qbert_project_bsp/\libhal_bsp.a(alt_errno.o)
 .text          0x0000000000008bb4       0x1c ../qbert_project_bsp/\libhal_bsp.a(alt_icache_flush_all.o)
                0x0000000000008bb4                alt_icache_flush_all
 .text          0x0000000000008bd0      0x158 ../qbert_project_bsp/\libhal_bsp.a(alt_io_redirect.o)
                0x0000000000008cb0                alt_io_redirect
 .text          0x0000000000008d28      0x2a4 ../qbert_project_bsp/\libhal_bsp.a(alt_open.o)
                0x0000000000008e6c                open
 .text          0x0000000000008fcc       0x80 ../qbert_project_bsp/\libhal_bsp.a(alt_release_fd.o)
                0x0000000000008fcc                alt_release_fd
 .text          0x000000000000904c       0x20 ../qbert_project_bsp/\libhal_bsp.a(altera_nios2_gen2_irq.o)
                0x000000000000904c                altera_nios2_gen2_irq_init
 .text          0x000000000000906c       0x90 ../qbert_project_bsp/\libhal_bsp.a(alt_find_dev.o)
                0x000000000000906c                alt_find_dev
 .text          0x00000000000090fc      0x114 ../qbert_project_bsp/\libhal_bsp.a(alt_find_file.o)
                0x00000000000090fc                alt_find_file
 .text          0x0000000000009210       0xd4 ../qbert_project_bsp/\libhal_bsp.a(alt_get_fd.o)
                0x0000000000009210                alt_get_fd
 .text          0x00000000000092e4       0x14 c:/altera/15.0/nios2eds/bin/gnu/h-x86_64-mingw32/bin/../lib/gcc/nios2-elf/4.9.1/../../../../../H-x86_64-mingw32/nios2-elf/lib/mno-hw-mul\libsmallc.a(lib_a-atexit.o)
                0x00000000000092e4                atexit
 .text          0x00000000000092f8       0x20 c:/altera/15.0/nios2eds/bin/gnu/h-x86_64-mingw32/bin/../lib/gcc/nios2-elf/4.9.1/../../../../../H-x86_64-mingw32/nios2-elf/lib/mno-hw-mul\libsmallc.a(lib_a-exit.o)
                0x00000000000092f8                exit
 .text          0x0000000000009318       0x30 c:/altera/15.0/nios2eds/bin/gnu/h-x86_64-mingw32/bin/../lib/gcc/nios2-elf/4.9.1/../../../../../H-x86_64-mingw32/nios2-elf/lib/mno-hw-mul\libsmallc.a(lib_a-memcmp.o)
                0x0000000000009318                memcmp
 .text          0x0000000000009348      0x144 c:/altera/15.0/nios2eds/bin/gnu/h-x86_64-mingw32/bin/../lib/gcc/nios2-elf/4.9.1/../../../../../H-x86_64-mingw32/nios2-elf/lib/mno-hw-mul\libsmallc.a(lib_a-__atexit.o)
                0x0000000000009348                __register_exitproc
 .text          0x000000000000948c      0x19c c:/altera/15.0/nios2eds/bin/gnu/h-x86_64-mingw32/bin/../lib/gcc/nios2-elf/4.9.1/../../../../../H-x86_64-mingw32/nios2-elf/lib/mno-hw-mul\libsmallc.a(lib_a-__call_atexit.o)
                0x000000000000948c                __call_exitprocs
 .text          0x0000000000009628       0x28 c:/altera/15.0/nios2eds/bin/gnu/h-x86_64-mingw32/bin/../lib/gcc/nios2-elf/4.9.1/mno-hw-mul\libgcc.a(lib2-mul.o)
                0x0000000000009628                __mulsi3
 .text          0x0000000000009650       0x34 ../qbert_project_bsp/\libhal_bsp.a(alt_exit.o)
                0x0000000000009650                _exit
 *(.gnu.warning.*)
 *(.fini)
                0x0000000000009684                PROVIDE (__etext, ABSOLUTE (.))
                0x0000000000009684                PROVIDE (_etext, ABSOLUTE (.))
                0x0000000000009684                PROVIDE (etext, ABSOLUTE (.))
 *(.eh_frame_hdr)
                0x0000000000009684                . = ALIGN (0x4)
                0x0000000000009684                PROVIDE (__preinit_array_start, ABSOLUTE (.))
 *(.preinit_array)
                0x0000000000009684                PROVIDE (__preinit_array_end, ABSOLUTE (.))
                0x0000000000009684                PROVIDE (__init_array_start, ABSOLUTE (.))
 *(.init_array)
                0x0000000000009684                PROVIDE (__init_array_end, ABSOLUTE (.))
                0x0000000000009684                PROVIDE (__fini_array_start, ABSOLUTE (.))
 *(.fini_array)
                0x0000000000009684                PROVIDE (__fini_array_end, ABSOLUTE (.))
 *(.eh_frame)
 *(.gcc_except_table .gcc_except_table.*)
 *(.dynamic)
                0x0000000000009684                PROVIDE (__CTOR_LIST__, ABSOLUTE (.))
 *(.ctors)
 *(SORT(.ctors.*))
                0x0000000000009684                PROVIDE (__CTOR_END__, ABSOLUTE (.))
                0x0000000000009684                PROVIDE (__DTOR_LIST__, ABSOLUTE (.))
 *(.dtors)
 *(SORT(.dtors.*))
                0x0000000000009684                PROVIDE (__DTOR_END__, ABSOLUTE (.))
 *(.jcr)
                0x0000000000009684                . = ALIGN (0x4)

.rodata         0x0000000000009684       0x48
                0x0000000000009684                PROVIDE (__ram_rodata_start, ABSOLUTE (.))
                0x0000000000009684                . = ALIGN (0x4)
 *(.rodata .rodata.* .gnu.linkonce.r.*)
 .rodata        0x0000000000009684       0x10 obj/default/test.o
 .rodata.str1.4
                0x0000000000009694        0x4 c:/altera/15.0/nios2eds/bin/gnu/h-x86_64-mingw32/bin/../lib/gcc/nios2-elf/4.9.1/../../../../../H-x86_64-mingw32/nios2-elf/lib/mno-hw-mul\libsmallc.a(lib_a-puts.o)
 .rodata        0x0000000000009698       0x14 ../qbert_project_bsp/\libhal_bsp.a(alt_main.o)
 .rodata        0x00000000000096ac       0x14 ../qbert_project_bsp/\libhal_bsp.a(alt_sys_init.o)
 .rodata        0x00000000000096c0        0xc ../qbert_project_bsp/\libhal_bsp.a(alt_dev.o)
 *(.rodata1)
                0x00000000000096cc                . = ALIGN (0x4)
                0x00000000000096cc                PROVIDE (__ram_rodata_end, ABSOLUTE (.))
                0x0000000000009684                PROVIDE (__flash_rodata_start, LOADADDR (.rodata))

.rwdata         0x00000000000096cc      0x2d4 load address 0x00000000000099a0
                0x00000000000096cc                PROVIDE (__ram_rwdata_start, ABSOLUTE (.))
                0x00000000000096cc                . = ALIGN (0x4)
 *(.got.plt)
 *(.got)
 *(.data1)
 *(.data .data.* .gnu.linkonce.d.*)
 .data          0x00000000000096cc        0x0 ../qbert_project_bsp//obj/HAL/src/crt0.o
 .data          0x00000000000096cc        0x0 obj/default/test.o
 .data          0x00000000000096cc        0x0 c:/altera/15.0/nios2eds/bin/gnu/h-x86_64-mingw32/bin/../lib/gcc/nios2-elf/4.9.1/../../../../../H-x86_64-mingw32/nios2-elf/lib/mno-hw-mul\libsmallc.a(lib_a-puts.o)
 .data          0x00000000000096cc        0x0 c:/altera/15.0/nios2eds/bin/gnu/h-x86_64-mingw32/bin/../lib/gcc/nios2-elf/4.9.1/../../../../../H-x86_64-mingw32/nios2-elf/lib/mno-hw-mul\libsmallc.a(lib_a-strlen.o)
 .data          0x00000000000096cc        0x0 c:/altera/15.0/nios2eds/bin/gnu/h-x86_64-mingw32/bin/../lib/gcc/nios2-elf/4.9.1/../../../../../H-x86_64-mingw32/nios2-elf/lib/mno-hw-mul\libsmallc.a(lib_a-fvwrite_small_dev.o)
 .data          0x00000000000096cc       0xe0 c:/altera/15.0/nios2eds/bin/gnu/h-x86_64-mingw32/bin/../lib/gcc/nios2-elf/4.9.1/../../../../../H-x86_64-mingw32/nios2-elf/lib/mno-hw-mul\libsmallc.a(lib_a-impure.o)
 .data          0x00000000000097ac        0x0 c:/altera/15.0/nios2eds/bin/gnu/h-x86_64-mingw32/bin/../lib/gcc/nios2-elf/4.9.1/../../../../../H-x86_64-mingw32/nios2-elf/lib/mno-hw-mul\libsmallc.a(lib_a-writer.o)
 .data          0x00000000000097ac        0x0 c:/altera/15.0/nios2eds/bin/gnu/h-x86_64-mingw32/bin/../lib/gcc/nios2-elf/4.9.1/../../../../../H-x86_64-mingw32/nios2-elf/lib/mno-hw-mul\libsmallc.a(lib_a-int_errno.o)
 .data          0x00000000000097ac        0x0 ../qbert_project_bsp/\libhal_bsp.a(alt_load.o)
 .data          0x00000000000097ac        0x0 ../qbert_project_bsp/\libhal_bsp.a(alt_main.o)
 .data          0x00000000000097ac        0x0 ../qbert_project_bsp/\libhal_bsp.a(alt_write.o)
 .data          0x00000000000097ac       0x2c ../qbert_project_bsp/\libhal_bsp.a(alt_sys_init.o)
 .data          0x00000000000097d8        0x0 ../qbert_project_bsp/\libhal_bsp.a(altera_avalon_jtag_uart_fd.o)
 .data          0x00000000000097d8        0x0 ../qbert_project_bsp/\libhal_bsp.a(altera_avalon_jtag_uart_read.o)
 .data          0x00000000000097d8        0x0 ../qbert_project_bsp/\libhal_bsp.a(altera_avalon_jtag_uart_write.o)
 .data          0x00000000000097d8        0x0 ../qbert_project_bsp/\libhal_bsp.a(altera_avalon_timer_vars.o)
 .data          0x00000000000097d8        0x0 ../qbert_project_bsp/\libhal_bsp.a(alt_close.o)
 .data          0x00000000000097d8        0x0 ../qbert_project_bsp/\libhal_bsp.a(alt_dcache_flush_all.o)
 .data          0x00000000000097d8      0x1a8 ../qbert_project_bsp/\libhal_bsp.a(alt_dev.o)
                0x00000000000097d8                alt_dev_null
                0x0000000000009800                alt_fd_list
 .data          0x0000000000009980        0x0 ../qbert_project_bsp/\libhal_bsp.a(alt_dev_llist_insert.o)
 .data          0x0000000000009980        0x0 ../qbert_project_bsp/\libhal_bsp.a(alt_do_ctors.o)
 .data          0x0000000000009980        0x0 ../qbert_project_bsp/\libhal_bsp.a(alt_do_dtors.o)
 .data          0x0000000000009980        0x0 ../qbert_project_bsp/\libhal_bsp.a(alt_errno.o)
 .data          0x0000000000009980        0x0 ../qbert_project_bsp/\libhal_bsp.a(alt_icache_flush_all.o)
 .data          0x0000000000009980        0x0 ../qbert_project_bsp/\libhal_bsp.a(alt_io_redirect.o)
 .data          0x0000000000009980        0x0 ../qbert_project_bsp/\libhal_bsp.a(alt_open.o)
 .data          0x0000000000009980        0x0 ../qbert_project_bsp/\libhal_bsp.a(alt_release_fd.o)
 .data          0x0000000000009980        0x0 ../qbert_project_bsp/\libhal_bsp.a(altera_nios2_gen2_irq.o)
 .data          0x0000000000009980        0x0 ../qbert_project_bsp/\libhal_bsp.a(alt_find_dev.o)
 .data          0x0000000000009980        0x0 ../qbert_project_bsp/\libhal_bsp.a(alt_find_file.o)
 .data          0x0000000000009980        0x0 ../qbert_project_bsp/\libhal_bsp.a(alt_get_fd.o)
 .data          0x0000000000009980        0x0 c:/altera/15.0/nios2eds/bin/gnu/h-x86_64-mingw32/bin/../lib/gcc/nios2-elf/4.9.1/../../../../../H-x86_64-mingw32/nios2-elf/lib/mno-hw-mul\libsmallc.a(lib_a-atexit.o)
 .data          0x0000000000009980        0x0 c:/altera/15.0/nios2eds/bin/gnu/h-x86_64-mingw32/bin/../lib/gcc/nios2-elf/4.9.1/../../../../../H-x86_64-mingw32/nios2-elf/lib/mno-hw-mul\libsmallc.a(lib_a-exit.o)
 .data          0x0000000000009980        0x0 c:/altera/15.0/nios2eds/bin/gnu/h-x86_64-mingw32/bin/../lib/gcc/nios2-elf/4.9.1/../../../../../H-x86_64-mingw32/nios2-elf/lib/mno-hw-mul\libsmallc.a(lib_a-memcmp.o)
 .data          0x0000000000009980        0x0 c:/altera/15.0/nios2eds/bin/gnu/h-x86_64-mingw32/bin/../lib/gcc/nios2-elf/4.9.1/../../../../../H-x86_64-mingw32/nios2-elf/lib/mno-hw-mul\libsmallc.a(lib_a-__atexit.o)
 .data          0x0000000000009980        0x0 c:/altera/15.0/nios2eds/bin/gnu/h-x86_64-mingw32/bin/../lib/gcc/nios2-elf/4.9.1/../../../../../H-x86_64-mingw32/nios2-elf/lib/mno-hw-mul\libsmallc.a(lib_a-__call_atexit.o)
 .data          0x0000000000009980        0x0 c:/altera/15.0/nios2eds/bin/gnu/h-x86_64-mingw32/bin/../lib/gcc/nios2-elf/4.9.1/mno-hw-mul\libgcc.a(lib2-mul.o)
 .data          0x0000000000009980        0x0 ../qbert_project_bsp/\libhal_bsp.a(alt_exit.o)
                0x0000000000011980                _gp = ABSOLUTE ((. + 0x8000))
                0x0000000000011980                PROVIDE (gp, _gp)
 *(.rwdata .rwdata.*)
 *(.sdata .sdata.* .gnu.linkonce.s.*)
 .sdata         0x0000000000009980        0x8 c:/altera/15.0/nios2eds/bin/gnu/h-x86_64-mingw32/bin/../lib/gcc/nios2-elf/4.9.1/../../../../../H-x86_64-mingw32/nios2-elf/lib/mno-hw-mul\libsmallc.a(lib_a-impure.o)
                0x0000000000009980                _global_impure_ptr
                0x0000000000009984                _impure_ptr
 .sdata         0x0000000000009988       0x14 ../qbert_project_bsp/\libhal_bsp.a(alt_dev.o)
                0x0000000000009988                alt_fs_list
                0x0000000000009990                alt_dev_list
                0x0000000000009998                alt_max_fd
 .sdata         0x000000000000999c        0x4 ../qbert_project_bsp/\libhal_bsp.a(alt_errno.o)
                0x000000000000999c                alt_errno
 *(.sdata2 .sdata2.* .gnu.linkonce.s2.*)
                0x00000000000099a0                . = ALIGN (0x4)
                0x00000000000099a0                _edata = ABSOLUTE (.)
                0x00000000000099a0                PROVIDE (edata, ABSOLUTE (.))
                0x00000000000099a0                PROVIDE (__ram_rwdata_end, ABSOLUTE (.))
                0x00000000000099a0                PROVIDE (__flash_rwdata_start, LOADADDR (.rwdata))

.bss            0x0000000000009c74       0x18
                0x0000000000009c74                __bss_start = ABSOLUTE (.)
                0x0000000000009c74                PROVIDE (__sbss_start, ABSOLUTE (.))
                0x0000000000009c74                PROVIDE (___sbss_start, ABSOLUTE (.))
 *(.dynsbss)
 *(.sbss .sbss.* .gnu.linkonce.sb.*)
 .sbss          0x0000000000009c74        0x4 c:/altera/15.0/nios2eds/bin/gnu/h-x86_64-mingw32/bin/../lib/gcc/nios2-elf/4.9.1/../../../../../H-x86_64-mingw32/nios2-elf/lib/mno-hw-mul\libsmallc.a(lib_a-int_errno.o)
                0x0000000000009c74                errno
 .sbss          0x0000000000009c78        0xc ../qbert_project_bsp/\libhal_bsp.a(alt_main.o)
                0x0000000000009c78                alt_argc
                0x0000000000009c7c                alt_argv
                0x0000000000009c80                alt_envp
 .sbss          0x0000000000009c84        0x8 ../qbert_project_bsp/\libhal_bsp.a(altera_avalon_timer_vars.o)
                0x0000000000009c84                altera_avalon_timer_ts_base
                0x0000000000009c88                altera_avalon_timer_ts_freq
 *(.sbss2 .sbss2.* .gnu.linkonce.sb2.*)
 *(.scommon)
                0x0000000000009c8c                PROVIDE (__sbss_end, ABSOLUTE (.))
                0x0000000000009c8c                PROVIDE (___sbss_end, ABSOLUTE (.))
 *(.dynbss)
 *(.bss .bss.* .gnu.linkonce.b.*)
 .bss           0x0000000000009c8c        0x0 ../qbert_project_bsp//obj/HAL/src/crt0.o
 .bss           0x0000000000009c8c        0x0 obj/default/test.o
 .bss           0x0000000000009c8c        0x0 c:/altera/15.0/nios2eds/bin/gnu/h-x86_64-mingw32/bin/../lib/gcc/nios2-elf/4.9.1/../../../../../H-x86_64-mingw32/nios2-elf/lib/mno-hw-mul\libsmallc.a(lib_a-puts.o)
 .bss           0x0000000000009c8c        0x0 c:/altera/15.0/nios2eds/bin/gnu/h-x86_64-mingw32/bin/../lib/gcc/nios2-elf/4.9.1/../../../../../H-x86_64-mingw32/nios2-elf/lib/mno-hw-mul\libsmallc.a(lib_a-strlen.o)
 .bss           0x0000000000009c8c        0x0 c:/altera/15.0/nios2eds/bin/gnu/h-x86_64-mingw32/bin/../lib/gcc/nios2-elf/4.9.1/../../../../../H-x86_64-mingw32/nios2-elf/lib/mno-hw-mul\libsmallc.a(lib_a-fvwrite_small_dev.o)
 .bss           0x0000000000009c8c        0x0 c:/altera/15.0/nios2eds/bin/gnu/h-x86_64-mingw32/bin/../lib/gcc/nios2-elf/4.9.1/../../../../../H-x86_64-mingw32/nios2-elf/lib/mno-hw-mul\libsmallc.a(lib_a-impure.o)
 .bss           0x0000000000009c8c        0x0 c:/altera/15.0/nios2eds/bin/gnu/h-x86_64-mingw32/bin/../lib/gcc/nios2-elf/4.9.1/../../../../../H-x86_64-mingw32/nios2-elf/lib/mno-hw-mul\libsmallc.a(lib_a-writer.o)
 .bss           0x0000000000009c8c        0x0 c:/altera/15.0/nios2eds/bin/gnu/h-x86_64-mingw32/bin/../lib/gcc/nios2-elf/4.9.1/../../../../../H-x86_64-mingw32/nios2-elf/lib/mno-hw-mul\libsmallc.a(lib_a-int_errno.o)
 .bss           0x0000000000009c8c        0x0 ../qbert_project_bsp/\libhal_bsp.a(alt_load.o)
 .bss           0x0000000000009c8c        0x0 ../qbert_project_bsp/\libhal_bsp.a(alt_main.o)
 .bss           0x0000000000009c8c        0x0 ../qbert_project_bsp/\libhal_bsp.a(alt_write.o)
 .bss           0x0000000000009c8c        0x0 ../qbert_project_bsp/\libhal_bsp.a(alt_sys_init.o)
 .bss           0x0000000000009c8c        0x0 ../qbert_project_bsp/\libhal_bsp.a(altera_avalon_jtag_uart_fd.o)
 .bss           0x0000000000009c8c        0x0 ../qbert_project_bsp/\libhal_bsp.a(altera_avalon_jtag_uart_read.o)
 .bss           0x0000000000009c8c        0x0 ../qbert_project_bsp/\libhal_bsp.a(altera_avalon_jtag_uart_write.o)
 .bss           0x0000000000009c8c        0x0 ../qbert_project_bsp/\libhal_bsp.a(altera_avalon_timer_vars.o)
 .bss           0x0000000000009c8c        0x0 ../qbert_project_bsp/\libhal_bsp.a(alt_close.o)
 .bss           0x0000000000009c8c        0x0 ../qbert_project_bsp/\libhal_bsp.a(alt_dcache_flush_all.o)
 .bss           0x0000000000009c8c        0x0 ../qbert_project_bsp/\libhal_bsp.a(alt_dev.o)
 .bss           0x0000000000009c8c        0x0 ../qbert_project_bsp/\libhal_bsp.a(alt_dev_llist_insert.o)
 .bss           0x0000000000009c8c        0x0 ../qbert_project_bsp/\libhal_bsp.a(alt_do_ctors.o)
 .bss           0x0000000000009c8c        0x0 ../qbert_project_bsp/\libhal_bsp.a(alt_do_dtors.o)
 .bss           0x0000000000009c8c        0x0 ../qbert_project_bsp/\libhal_bsp.a(alt_errno.o)
 .bss           0x0000000000009c8c        0x0 ../qbert_project_bsp/\libhal_bsp.a(alt_icache_flush_all.o)
 .bss           0x0000000000009c8c        0x0 ../qbert_project_bsp/\libhal_bsp.a(alt_io_redirect.o)
 .bss           0x0000000000009c8c        0x0 ../qbert_project_bsp/\libhal_bsp.a(alt_open.o)
 .bss           0x0000000000009c8c        0x0 ../qbert_project_bsp/\libhal_bsp.a(alt_release_fd.o)
 .bss           0x0000000000009c8c        0x0 ../qbert_project_bsp/\libhal_bsp.a(altera_nios2_gen2_irq.o)
 .bss           0x0000000000009c8c        0x0 ../qbert_project_bsp/\libhal_bsp.a(alt_find_dev.o)
 .bss           0x0000000000009c8c        0x0 ../qbert_project_bsp/\libhal_bsp.a(alt_find_file.o)
 .bss           0x0000000000009c8c        0x0 ../qbert_project_bsp/\libhal_bsp.a(alt_get_fd.o)
 .bss           0x0000000000009c8c        0x0 c:/altera/15.0/nios2eds/bin/gnu/h-x86_64-mingw32/bin/../lib/gcc/nios2-elf/4.9.1/../../../../../H-x86_64-mingw32/nios2-elf/lib/mno-hw-mul\libsmallc.a(lib_a-atexit.o)
 .bss           0x0000000000009c8c        0x0 c:/altera/15.0/nios2eds/bin/gnu/h-x86_64-mingw32/bin/../lib/gcc/nios2-elf/4.9.1/../../../../../H-x86_64-mingw32/nios2-elf/lib/mno-hw-mul\libsmallc.a(lib_a-exit.o)
 .bss           0x0000000000009c8c        0x0 c:/altera/15.0/nios2eds/bin/gnu/h-x86_64-mingw32/bin/../lib/gcc/nios2-elf/4.9.1/../../../../../H-x86_64-mingw32/nios2-elf/lib/mno-hw-mul\libsmallc.a(lib_a-memcmp.o)
 .bss           0x0000000000009c8c        0x0 c:/altera/15.0/nios2eds/bin/gnu/h-x86_64-mingw32/bin/../lib/gcc/nios2-elf/4.9.1/../../../../../H-x86_64-mingw32/nios2-elf/lib/mno-hw-mul\libsmallc.a(lib_a-__atexit.o)
 .bss           0x0000000000009c8c        0x0 c:/altera/15.0/nios2eds/bin/gnu/h-x86_64-mingw32/bin/../lib/gcc/nios2-elf/4.9.1/../../../../../H-x86_64-mingw32/nios2-elf/lib/mno-hw-mul\libsmallc.a(lib_a-__call_atexit.o)
 .bss           0x0000000000009c8c        0x0 c:/altera/15.0/nios2eds/bin/gnu/h-x86_64-mingw32/bin/../lib/gcc/nios2-elf/4.9.1/mno-hw-mul\libgcc.a(lib2-mul.o)
 .bss           0x0000000000009c8c        0x0 ../qbert_project_bsp/\libhal_bsp.a(alt_exit.o)
 *(COMMON)
                0x0000000000009c8c                . = ALIGN (0x4)
                0x0000000000009c8c                __bss_end = ABSOLUTE (.)

.onchip_mem     0x0000000000009c8c        0x0
                0x0000000000009c8c                PROVIDE (_alt_partition_onchip_mem_start, ABSOLUTE (.))
 *(.onchip_mem .onchip_mem. onchip_mem.*)
                0x0000000000009c8c                . = ALIGN (0x4)
                0x0000000000009c8c                PROVIDE (_alt_partition_onchip_mem_end, ABSOLUTE (.))
                0x0000000000009c8c                _end = ABSOLUTE (.)
                0x0000000000009c8c                end = ABSOLUTE (.)
                0x0000000000009c8c                __alt_stack_base = ABSOLUTE (.)
                0x0000000000009c8c                PROVIDE (_alt_partition_onchip_mem_load_addr, LOADADDR (.onchip_mem))

.stab
 *(.stab)

.stabstr
 *(.stabstr)

.stab.excl
 *(.stab.excl)

.stab.exclstr
 *(.stab.exclstr)

.stab.index
 *(.stab.index)

.stab.indexstr
 *(.stab.indexstr)

.comment        0x0000000000000000       0x23
 *(.comment)
 .comment       0x0000000000000000       0x23 obj/default/test.o
                                         0x24 (size before relaxing)
 .comment       0x0000000000000000       0x24 c:/altera/15.0/nios2eds/bin/gnu/h-x86_64-mingw32/bin/../lib/gcc/nios2-elf/4.9.1/../../../../../H-x86_64-mingw32/nios2-elf/lib/mno-hw-mul\libsmallc.a(lib_a-puts.o)
 .comment       0x0000000000000000       0x24 c:/altera/15.0/nios2eds/bin/gnu/h-x86_64-mingw32/bin/../lib/gcc/nios2-elf/4.9.1/../../../../../H-x86_64-mingw32/nios2-elf/lib/mno-hw-mul\libsmallc.a(lib_a-strlen.o)
 .comment       0x0000000000000000       0x24 c:/altera/15.0/nios2eds/bin/gnu/h-x86_64-mingw32/bin/../lib/gcc/nios2-elf/4.9.1/../../../../../H-x86_64-mingw32/nios2-elf/lib/mno-hw-mul\libsmallc.a(lib_a-fvwrite_small_dev.o)
 .comment       0x0000000000000000       0x24 c:/altera/15.0/nios2eds/bin/gnu/h-x86_64-mingw32/bin/../lib/gcc/nios2-elf/4.9.1/../../../../../H-x86_64-mingw32/nios2-elf/lib/mno-hw-mul\libsmallc.a(lib_a-impure.o)
 .comment       0x0000000000000000       0x24 c:/altera/15.0/nios2eds/bin/gnu/h-x86_64-mingw32/bin/../lib/gcc/nios2-elf/4.9.1/../../../../../H-x86_64-mingw32/nios2-elf/lib/mno-hw-mul\libsmallc.a(lib_a-writer.o)
 .comment       0x0000000000000000       0x24 c:/altera/15.0/nios2eds/bin/gnu/h-x86_64-mingw32/bin/../lib/gcc/nios2-elf/4.9.1/../../../../../H-x86_64-mingw32/nios2-elf/lib/mno-hw-mul\libsmallc.a(lib_a-int_errno.o)
 .comment       0x0000000000000000       0x24 ../qbert_project_bsp/\libhal_bsp.a(alt_load.o)
 .comment       0x0000000000000000       0x24 ../qbert_project_bsp/\libhal_bsp.a(alt_main.o)
 .comment       0x0000000000000000       0x24 ../qbert_project_bsp/\libhal_bsp.a(alt_write.o)
 .comment       0x0000000000000000       0x24 ../qbert_project_bsp/\libhal_bsp.a(alt_sys_init.o)
 .comment       0x0000000000000000       0x24 ../qbert_project_bsp/\libhal_bsp.a(altera_avalon_jtag_uart_fd.o)
 .comment       0x0000000000000000       0x24 ../qbert_project_bsp/\libhal_bsp.a(altera_avalon_jtag_uart_read.o)
 .comment       0x0000000000000000       0x24 ../qbert_project_bsp/\libhal_bsp.a(altera_avalon_jtag_uart_write.o)
 .comment       0x0000000000000000       0x24 ../qbert_project_bsp/\libhal_bsp.a(altera_avalon_timer_vars.o)
 .comment       0x0000000000000000       0x24 ../qbert_project_bsp/\libhal_bsp.a(alt_close.o)
 .comment       0x0000000000000000       0x24 ../qbert_project_bsp/\libhal_bsp.a(alt_dcache_flush_all.o)
 .comment       0x0000000000000000       0x24 ../qbert_project_bsp/\libhal_bsp.a(alt_dev.o)
 .comment       0x0000000000000000       0x24 ../qbert_project_bsp/\libhal_bsp.a(alt_dev_llist_insert.o)
 .comment       0x0000000000000000       0x24 ../qbert_project_bsp/\libhal_bsp.a(alt_do_ctors.o)
 .comment       0x0000000000000000       0x24 ../qbert_project_bsp/\libhal_bsp.a(alt_do_dtors.o)
 .comment       0x0000000000000000       0x24 ../qbert_project_bsp/\libhal_bsp.a(alt_errno.o)
 .comment       0x0000000000000000       0x24 ../qbert_project_bsp/\libhal_bsp.a(alt_icache_flush_all.o)
 .comment       0x0000000000000000       0x24 ../qbert_project_bsp/\libhal_bsp.a(alt_io_redirect.o)
 .comment       0x0000000000000000       0x24 ../qbert_project_bsp/\libhal_bsp.a(alt_open.o)
 .comment       0x0000000000000000       0x24 ../qbert_project_bsp/\libhal_bsp.a(alt_release_fd.o)
 .comment       0x0000000000000000       0x24 ../qbert_project_bsp/\libhal_bsp.a(altera_nios2_gen2_irq.o)
 .comment       0x0000000000000000       0x24 ../qbert_project_bsp/\libhal_bsp.a(alt_find_dev.o)
 .comment       0x0000000000000000       0x24 ../qbert_project_bsp/\libhal_bsp.a(alt_find_file.o)
 .comment       0x0000000000000000       0x24 ../qbert_project_bsp/\libhal_bsp.a(alt_get_fd.o)
 .comment       0x0000000000000000       0x24 c:/altera/15.0/nios2eds/bin/gnu/h-x86_64-mingw32/bin/../lib/gcc/nios2-elf/4.9.1/../../../../../H-x86_64-mingw32/nios2-elf/lib/mno-hw-mul\libsmallc.a(lib_a-atexit.o)
 .comment       0x0000000000000000       0x24 c:/altera/15.0/nios2eds/bin/gnu/h-x86_64-mingw32/bin/../lib/gcc/nios2-elf/4.9.1/../../../../../H-x86_64-mingw32/nios2-elf/lib/mno-hw-mul\libsmallc.a(lib_a-exit.o)
 .comment       0x0000000000000000       0x24 c:/altera/15.0/nios2eds/bin/gnu/h-x86_64-mingw32/bin/../lib/gcc/nios2-elf/4.9.1/../../../../../H-x86_64-mingw32/nios2-elf/lib/mno-hw-mul\libsmallc.a(lib_a-memcmp.o)
 .comment       0x0000000000000000       0x24 c:/altera/15.0/nios2eds/bin/gnu/h-x86_64-mingw32/bin/../lib/gcc/nios2-elf/4.9.1/../../../../../H-x86_64-mingw32/nios2-elf/lib/mno-hw-mul\libsmallc.a(lib_a-__atexit.o)
 .comment       0x0000000000000000       0x24 c:/altera/15.0/nios2eds/bin/gnu/h-x86_64-mingw32/bin/../lib/gcc/nios2-elf/4.9.1/../../../../../H-x86_64-mingw32/nios2-elf/lib/mno-hw-mul\libsmallc.a(lib_a-__call_atexit.o)
 .comment       0x0000000000000000       0x24 c:/altera/15.0/nios2eds/bin/gnu/h-x86_64-mingw32/bin/../lib/gcc/nios2-elf/4.9.1/mno-hw-mul\libgcc.a(lib2-mul.o)
 .comment       0x0000000000000000       0x24 ../qbert_project_bsp/\libhal_bsp.a(alt_exit.o)

.debug
 *(.debug)

.line
 *(.line)

.debug_srcinfo
 *(.debug_srcinfo)

.debug_sfnames
 *(.debug_sfnames)

.debug_aranges  0x0000000000000000      0x4a8
 *(.debug_aranges)
 .debug_aranges
                0x0000000000000000       0x28 ../qbert_project_bsp//obj/HAL/src/crt0.o
 .debug_aranges
                0x0000000000000028       0x20 obj/default/test.o
 .debug_aranges
                0x0000000000000048       0x20 c:/altera/15.0/nios2eds/bin/gnu/h-x86_64-mingw32/bin/../lib/gcc/nios2-elf/4.9.1/../../../../../H-x86_64-mingw32/nios2-elf/lib/mno-hw-mul\libsmallc.a(lib_a-puts.o)
 .debug_aranges
                0x0000000000000068       0x20 c:/altera/15.0/nios2eds/bin/gnu/h-x86_64-mingw32/bin/../lib/gcc/nios2-elf/4.9.1/../../../../../H-x86_64-mingw32/nios2-elf/lib/mno-hw-mul\libsmallc.a(lib_a-strlen.o)
 .debug_aranges
                0x0000000000000088       0x20 c:/altera/15.0/nios2eds/bin/gnu/h-x86_64-mingw32/bin/../lib/gcc/nios2-elf/4.9.1/../../../../../H-x86_64-mingw32/nios2-elf/lib/mno-hw-mul\libsmallc.a(lib_a-fvwrite_small_dev.o)
 .debug_aranges
                0x00000000000000a8       0x18 c:/altera/15.0/nios2eds/bin/gnu/h-x86_64-mingw32/bin/../lib/gcc/nios2-elf/4.9.1/../../../../../H-x86_64-mingw32/nios2-elf/lib/mno-hw-mul\libsmallc.a(lib_a-impure.o)
 .debug_aranges
                0x00000000000000c0       0x20 c:/altera/15.0/nios2eds/bin/gnu/h-x86_64-mingw32/bin/../lib/gcc/nios2-elf/4.9.1/../../../../../H-x86_64-mingw32/nios2-elf/lib/mno-hw-mul\libsmallc.a(lib_a-writer.o)
 .debug_aranges
                0x00000000000000e0       0x18 c:/altera/15.0/nios2eds/bin/gnu/h-x86_64-mingw32/bin/../lib/gcc/nios2-elf/4.9.1/../../../../../H-x86_64-mingw32/nios2-elf/lib/mno-hw-mul\libsmallc.a(lib_a-int_errno.o)
 .debug_aranges
                0x00000000000000f8       0x20 ../qbert_project_bsp/\libhal_bsp.a(alt_load.o)
 .debug_aranges
                0x0000000000000118       0x20 ../qbert_project_bsp/\libhal_bsp.a(alt_main.o)
 .debug_aranges
                0x0000000000000138       0x20 ../qbert_project_bsp/\libhal_bsp.a(alt_write.o)
 .debug_aranges
                0x0000000000000158       0x20 ../qbert_project_bsp/\libhal_bsp.a(alt_sys_init.o)
 .debug_aranges
                0x0000000000000178       0x20 ../qbert_project_bsp/\libhal_bsp.a(altera_avalon_jtag_uart_fd.o)
 .debug_aranges
                0x0000000000000198       0x20 ../qbert_project_bsp/\libhal_bsp.a(altera_avalon_jtag_uart_read.o)
 .debug_aranges
                0x00000000000001b8       0x20 ../qbert_project_bsp/\libhal_bsp.a(altera_avalon_jtag_uart_write.o)
 .debug_aranges
                0x00000000000001d8       0x18 ../qbert_project_bsp/\libhal_bsp.a(altera_avalon_timer_vars.o)
 .debug_aranges
                0x00000000000001f0       0x20 ../qbert_project_bsp/\libhal_bsp.a(alt_close.o)
 .debug_aranges
                0x0000000000000210       0x20 ../qbert_project_bsp/\libhal_bsp.a(alt_dcache_flush_all.o)
 .debug_aranges
                0x0000000000000230       0x20 ../qbert_project_bsp/\libhal_bsp.a(alt_dev.o)
 .debug_aranges
                0x0000000000000250       0x20 ../qbert_project_bsp/\libhal_bsp.a(alt_dev_llist_insert.o)
 .debug_aranges
                0x0000000000000270       0x20 ../qbert_project_bsp/\libhal_bsp.a(alt_do_ctors.o)
 .debug_aranges
                0x0000000000000290       0x20 ../qbert_project_bsp/\libhal_bsp.a(alt_do_dtors.o)
 .debug_aranges
                0x00000000000002b0       0x18 ../qbert_project_bsp/\libhal_bsp.a(alt_errno.o)
 .debug_aranges
                0x00000000000002c8       0x20 ../qbert_project_bsp/\libhal_bsp.a(alt_icache_flush_all.o)
 .debug_aranges
                0x00000000000002e8       0x20 ../qbert_project_bsp/\libhal_bsp.a(alt_io_redirect.o)
 .debug_aranges
                0x0000000000000308       0x20 ../qbert_project_bsp/\libhal_bsp.a(alt_open.o)
 .debug_aranges
                0x0000000000000328       0x20 ../qbert_project_bsp/\libhal_bsp.a(alt_release_fd.o)
 .debug_aranges
                0x0000000000000348       0x20 ../qbert_project_bsp/\libhal_bsp.a(altera_nios2_gen2_irq.o)
 .debug_aranges
                0x0000000000000368       0x20 ../qbert_project_bsp/\libhal_bsp.a(alt_find_dev.o)
 .debug_aranges
                0x0000000000000388       0x20 ../qbert_project_bsp/\libhal_bsp.a(alt_find_file.o)
 .debug_aranges
                0x00000000000003a8       0x20 ../qbert_project_bsp/\libhal_bsp.a(alt_get_fd.o)
 .debug_aranges
                0x00000000000003c8       0x20 c:/altera/15.0/nios2eds/bin/gnu/h-x86_64-mingw32/bin/../lib/gcc/nios2-elf/4.9.1/../../../../../H-x86_64-mingw32/nios2-elf/lib/mno-hw-mul\libsmallc.a(lib_a-atexit.o)
 .debug_aranges
                0x00000000000003e8       0x20 c:/altera/15.0/nios2eds/bin/gnu/h-x86_64-mingw32/bin/../lib/gcc/nios2-elf/4.9.1/../../../../../H-x86_64-mingw32/nios2-elf/lib/mno-hw-mul\libsmallc.a(lib_a-exit.o)
 .debug_aranges
                0x0000000000000408       0x20 c:/altera/15.0/nios2eds/bin/gnu/h-x86_64-mingw32/bin/../lib/gcc/nios2-elf/4.9.1/../../../../../H-x86_64-mingw32/nios2-elf/lib/mno-hw-mul\libsmallc.a(lib_a-memcmp.o)
 .debug_aranges
                0x0000000000000428       0x20 c:/altera/15.0/nios2eds/bin/gnu/h-x86_64-mingw32/bin/../lib/gcc/nios2-elf/4.9.1/../../../../../H-x86_64-mingw32/nios2-elf/lib/mno-hw-mul\libsmallc.a(lib_a-__atexit.o)
 .debug_aranges
                0x0000000000000448       0x20 c:/altera/15.0/nios2eds/bin/gnu/h-x86_64-mingw32/bin/../lib/gcc/nios2-elf/4.9.1/../../../../../H-x86_64-mingw32/nios2-elf/lib/mno-hw-mul\libsmallc.a(lib_a-__call_atexit.o)
 .debug_aranges
                0x0000000000000468       0x20 c:/altera/15.0/nios2eds/bin/gnu/h-x86_64-mingw32/bin/../lib/gcc/nios2-elf/4.9.1/mno-hw-mul\libgcc.a(lib2-mul.o)
 .debug_aranges
                0x0000000000000488       0x20 ../qbert_project_bsp/\libhal_bsp.a(alt_exit.o)

.debug_pubnames
 *(.debug_pubnames)

.debug_info     0x0000000000000000     0x5ff1
 *(.debug_info .gnu.linkonce.wi.*)
 .debug_info    0x0000000000000000       0x93 ../qbert_project_bsp//obj/HAL/src/crt0.o
 .debug_info    0x0000000000000093       0xfb obj/default/test.o
 .debug_info    0x000000000000018e      0x685 c:/altera/15.0/nios2eds/bin/gnu/h-x86_64-mingw32/bin/../lib/gcc/nios2-elf/4.9.1/../../../../../H-x86_64-mingw32/nios2-elf/lib/mno-hw-mul\libsmallc.a(lib_a-puts.o)
 .debug_info    0x0000000000000813       0xc2 c:/altera/15.0/nios2eds/bin/gnu/h-x86_64-mingw32/bin/../lib/gcc/nios2-elf/4.9.1/../../../../../H-x86_64-mingw32/nios2-elf/lib/mno-hw-mul\libsmallc.a(lib_a-strlen.o)
 .debug_info    0x00000000000008d5      0x656 c:/altera/15.0/nios2eds/bin/gnu/h-x86_64-mingw32/bin/../lib/gcc/nios2-elf/4.9.1/../../../../../H-x86_64-mingw32/nios2-elf/lib/mno-hw-mul\libsmallc.a(lib_a-fvwrite_small_dev.o)
 .debug_info    0x0000000000000f2b      0x5a7 c:/altera/15.0/nios2eds/bin/gnu/h-x86_64-mingw32/bin/../lib/gcc/nios2-elf/4.9.1/../../../../../H-x86_64-mingw32/nios2-elf/lib/mno-hw-mul\libsmallc.a(lib_a-impure.o)
 .debug_info    0x00000000000014d2      0x639 c:/altera/15.0/nios2eds/bin/gnu/h-x86_64-mingw32/bin/../lib/gcc/nios2-elf/4.9.1/../../../../../H-x86_64-mingw32/nios2-elf/lib/mno-hw-mul\libsmallc.a(lib_a-writer.o)
 .debug_info    0x0000000000001b0b       0x83 c:/altera/15.0/nios2eds/bin/gnu/h-x86_64-mingw32/bin/../lib/gcc/nios2-elf/4.9.1/../../../../../H-x86_64-mingw32/nios2-elf/lib/mno-hw-mul\libsmallc.a(lib_a-int_errno.o)
 .debug_info    0x0000000000001b8e      0x13e ../qbert_project_bsp/\libhal_bsp.a(alt_load.o)
 .debug_info    0x0000000000001ccc      0x12a ../qbert_project_bsp/\libhal_bsp.a(alt_main.o)
 .debug_info    0x0000000000001df6      0x4b0 ../qbert_project_bsp/\libhal_bsp.a(alt_write.o)
 .debug_info    0x00000000000022a6      0x3d8 ../qbert_project_bsp/\libhal_bsp.a(alt_sys_init.o)
 .debug_info    0x000000000000267e      0x3a0 ../qbert_project_bsp/\libhal_bsp.a(altera_avalon_jtag_uart_fd.o)
 .debug_info    0x0000000000002a1e      0x1af ../qbert_project_bsp/\libhal_bsp.a(altera_avalon_jtag_uart_read.o)
 .debug_info    0x0000000000002bcd      0x18e ../qbert_project_bsp/\libhal_bsp.a(altera_avalon_jtag_uart_write.o)
 .debug_info    0x0000000000002d5b       0xe2 ../qbert_project_bsp/\libhal_bsp.a(altera_avalon_timer_vars.o)
 .debug_info    0x0000000000002e3d      0x31a ../qbert_project_bsp/\libhal_bsp.a(alt_close.o)
 .debug_info    0x0000000000003157       0x8b ../qbert_project_bsp/\libhal_bsp.a(alt_dcache_flush_all.o)
 .debug_info    0x00000000000031e2      0x495 ../qbert_project_bsp/\libhal_bsp.a(alt_dev.o)
 .debug_info    0x0000000000003677      0x1a2 ../qbert_project_bsp/\libhal_bsp.a(alt_dev_llist_insert.o)
 .debug_info    0x0000000000003819       0x83 ../qbert_project_bsp/\libhal_bsp.a(alt_do_ctors.o)
 .debug_info    0x000000000000389c       0x83 ../qbert_project_bsp/\libhal_bsp.a(alt_do_dtors.o)
 .debug_info    0x000000000000391f       0x9f ../qbert_project_bsp/\libhal_bsp.a(alt_errno.o)
 .debug_info    0x00000000000039be       0x8b ../qbert_project_bsp/\libhal_bsp.a(alt_icache_flush_all.o)
 .debug_info    0x0000000000003a49      0x49e ../qbert_project_bsp/\libhal_bsp.a(alt_io_redirect.o)
 .debug_info    0x0000000000003ee7      0x3b4 ../qbert_project_bsp/\libhal_bsp.a(alt_open.o)
 .debug_info    0x000000000000429b      0x2b0 ../qbert_project_bsp/\libhal_bsp.a(alt_release_fd.o)
 .debug_info    0x000000000000454b       0x8b ../qbert_project_bsp/\libhal_bsp.a(altera_nios2_gen2_irq.o)
 .debug_info    0x00000000000045d6      0x2e2 ../qbert_project_bsp/\libhal_bsp.a(alt_find_dev.o)
 .debug_info    0x00000000000048b8      0x2df ../qbert_project_bsp/\libhal_bsp.a(alt_find_file.o)
 .debug_info    0x0000000000004b97      0x309 ../qbert_project_bsp/\libhal_bsp.a(alt_get_fd.o)
 .debug_info    0x0000000000004ea0      0x10a c:/altera/15.0/nios2eds/bin/gnu/h-x86_64-mingw32/bin/../lib/gcc/nios2-elf/4.9.1/../../../../../H-x86_64-mingw32/nios2-elf/lib/mno-hw-mul\libsmallc.a(lib_a-atexit.o)
 .debug_info    0x0000000000004faa       0xed c:/altera/15.0/nios2eds/bin/gnu/h-x86_64-mingw32/bin/../lib/gcc/nios2-elf/4.9.1/../../../../../H-x86_64-mingw32/nios2-elf/lib/mno-hw-mul\libsmallc.a(lib_a-exit.o)
 .debug_info    0x0000000000005097       0xed c:/altera/15.0/nios2eds/bin/gnu/h-x86_64-mingw32/bin/../lib/gcc/nios2-elf/4.9.1/../../../../../H-x86_64-mingw32/nios2-elf/lib/mno-hw-mul\libsmallc.a(lib_a-memcmp.o)
 .debug_info    0x0000000000005184      0x661 c:/altera/15.0/nios2eds/bin/gnu/h-x86_64-mingw32/bin/../lib/gcc/nios2-elf/4.9.1/../../../../../H-x86_64-mingw32/nios2-elf/lib/mno-hw-mul\libsmallc.a(lib_a-__atexit.o)
 .debug_info    0x00000000000057e5      0x673 c:/altera/15.0/nios2eds/bin/gnu/h-x86_64-mingw32/bin/../lib/gcc/nios2-elf/4.9.1/../../../../../H-x86_64-mingw32/nios2-elf/lib/mno-hw-mul\libsmallc.a(lib_a-__call_atexit.o)
 .debug_info    0x0000000000005e58       0xb4 c:/altera/15.0/nios2eds/bin/gnu/h-x86_64-mingw32/bin/../lib/gcc/nios2-elf/4.9.1/mno-hw-mul\libgcc.a(lib2-mul.o)
 .debug_info    0x0000000000005f0c       0xe5 ../qbert_project_bsp/\libhal_bsp.a(alt_exit.o)

.debug_abbrev   0x0000000000000000     0x20fa
 *(.debug_abbrev)
 .debug_abbrev  0x0000000000000000       0x12 ../qbert_project_bsp//obj/HAL/src/crt0.o
 .debug_abbrev  0x0000000000000012       0x6f obj/default/test.o
 .debug_abbrev  0x0000000000000081      0x1ed c:/altera/15.0/nios2eds/bin/gnu/h-x86_64-mingw32/bin/../lib/gcc/nios2-elf/4.9.1/../../../../../H-x86_64-mingw32/nios2-elf/lib/mno-hw-mul\libsmallc.a(lib_a-puts.o)
 .debug_abbrev  0x000000000000026e       0x7f c:/altera/15.0/nios2eds/bin/gnu/h-x86_64-mingw32/bin/../lib/gcc/nios2-elf/4.9.1/../../../../../H-x86_64-mingw32/nios2-elf/lib/mno-hw-mul\libsmallc.a(lib_a-strlen.o)
 .debug_abbrev  0x00000000000002ed      0x1c3 c:/altera/15.0/nios2eds/bin/gnu/h-x86_64-mingw32/bin/../lib/gcc/nios2-elf/4.9.1/../../../../../H-x86_64-mingw32/nios2-elf/lib/mno-hw-mul\libsmallc.a(lib_a-fvwrite_small_dev.o)
 .debug_abbrev  0x00000000000004b0      0x14a c:/altera/15.0/nios2eds/bin/gnu/h-x86_64-mingw32/bin/../lib/gcc/nios2-elf/4.9.1/../../../../../H-x86_64-mingw32/nios2-elf/lib/mno-hw-mul\libsmallc.a(lib_a-impure.o)
 .debug_abbrev  0x00000000000005fa      0x1a8 c:/altera/15.0/nios2eds/bin/gnu/h-x86_64-mingw32/bin/../lib/gcc/nios2-elf/4.9.1/../../../../../H-x86_64-mingw32/nios2-elf/lib/mno-hw-mul\libsmallc.a(lib_a-writer.o)
 .debug_abbrev  0x00000000000007a2       0x37 c:/altera/15.0/nios2eds/bin/gnu/h-x86_64-mingw32/bin/../lib/gcc/nios2-elf/4.9.1/../../../../../H-x86_64-mingw32/nios2-elf/lib/mno-hw-mul\libsmallc.a(lib_a-int_errno.o)
 .debug_abbrev  0x00000000000007d9       0x9f ../qbert_project_bsp/\libhal_bsp.a(alt_load.o)
 .debug_abbrev  0x0000000000000878       0xba ../qbert_project_bsp/\libhal_bsp.a(alt_main.o)
 .debug_abbrev  0x0000000000000932      0x133 ../qbert_project_bsp/\libhal_bsp.a(alt_write.o)
 .debug_abbrev  0x0000000000000a65      0x157 ../qbert_project_bsp/\libhal_bsp.a(alt_sys_init.o)
 .debug_abbrev  0x0000000000000bbc       0xf7 ../qbert_project_bsp/\libhal_bsp.a(altera_avalon_jtag_uart_fd.o)
 .debug_abbrev  0x0000000000000cb3       0xd7 ../qbert_project_bsp/\libhal_bsp.a(altera_avalon_jtag_uart_read.o)
 .debug_abbrev  0x0000000000000d8a       0xd5 ../qbert_project_bsp/\libhal_bsp.a(altera_avalon_jtag_uart_write.o)
 .debug_abbrev  0x0000000000000e5f       0x83 ../qbert_project_bsp/\libhal_bsp.a(altera_avalon_timer_vars.o)
 .debug_abbrev  0x0000000000000ee2      0x11f ../qbert_project_bsp/\libhal_bsp.a(alt_close.o)
 .debug_abbrev  0x0000000000001001       0x42 ../qbert_project_bsp/\libhal_bsp.a(alt_dcache_flush_all.o)
 .debug_abbrev  0x0000000000001043       0xd9 ../qbert_project_bsp/\libhal_bsp.a(alt_dev.o)
 .debug_abbrev  0x000000000000111c      0x114 ../qbert_project_bsp/\libhal_bsp.a(alt_dev_llist_insert.o)
 .debug_abbrev  0x0000000000001230       0x79 ../qbert_project_bsp/\libhal_bsp.a(alt_do_ctors.o)
 .debug_abbrev  0x00000000000012a9       0x79 ../qbert_project_bsp/\libhal_bsp.a(alt_do_dtors.o)
 .debug_abbrev  0x0000000000001322       0x5a ../qbert_project_bsp/\libhal_bsp.a(alt_errno.o)
 .debug_abbrev  0x000000000000137c       0x42 ../qbert_project_bsp/\libhal_bsp.a(alt_icache_flush_all.o)
 .debug_abbrev  0x00000000000013be      0x114 ../qbert_project_bsp/\libhal_bsp.a(alt_io_redirect.o)
 .debug_abbrev  0x00000000000014d2      0x148 ../qbert_project_bsp/\libhal_bsp.a(alt_open.o)
 .debug_abbrev  0x000000000000161a       0xde ../qbert_project_bsp/\libhal_bsp.a(alt_release_fd.o)
 .debug_abbrev  0x00000000000016f8       0x42 ../qbert_project_bsp/\libhal_bsp.a(altera_nios2_gen2_irq.o)
 .debug_abbrev  0x000000000000173a       0xf0 ../qbert_project_bsp/\libhal_bsp.a(alt_find_dev.o)
 .debug_abbrev  0x000000000000182a       0xf0 ../qbert_project_bsp/\libhal_bsp.a(alt_find_file.o)
 .debug_abbrev  0x000000000000191a      0x10d ../qbert_project_bsp/\libhal_bsp.a(alt_get_fd.o)
 .debug_abbrev  0x0000000000001a27       0xb8 c:/altera/15.0/nios2eds/bin/gnu/h-x86_64-mingw32/bin/../lib/gcc/nios2-elf/4.9.1/../../../../../H-x86_64-mingw32/nios2-elf/lib/mno-hw-mul\libsmallc.a(lib_a-atexit.o)
 .debug_abbrev  0x0000000000001adf       0xa9 c:/altera/15.0/nios2eds/bin/gnu/h-x86_64-mingw32/bin/../lib/gcc/nios2-elf/4.9.1/../../../../../H-x86_64-mingw32/nios2-elf/lib/mno-hw-mul\libsmallc.a(lib_a-exit.o)
 .debug_abbrev  0x0000000000001b88       0x7f c:/altera/15.0/nios2eds/bin/gnu/h-x86_64-mingw32/bin/../lib/gcc/nios2-elf/4.9.1/../../../../../H-x86_64-mingw32/nios2-elf/lib/mno-hw-mul\libsmallc.a(lib_a-memcmp.o)
 .debug_abbrev  0x0000000000001c07      0x1f5 c:/altera/15.0/nios2eds/bin/gnu/h-x86_64-mingw32/bin/../lib/gcc/nios2-elf/4.9.1/../../../../../H-x86_64-mingw32/nios2-elf/lib/mno-hw-mul\libsmallc.a(lib_a-__atexit.o)
 .debug_abbrev  0x0000000000001dfc      0x1e9 c:/altera/15.0/nios2eds/bin/gnu/h-x86_64-mingw32/bin/../lib/gcc/nios2-elf/4.9.1/../../../../../H-x86_64-mingw32/nios2-elf/lib/mno-hw-mul\libsmallc.a(lib_a-__call_atexit.o)
 .debug_abbrev  0x0000000000001fe5       0x6f c:/altera/15.0/nios2eds/bin/gnu/h-x86_64-mingw32/bin/../lib/gcc/nios2-elf/4.9.1/mno-hw-mul\libgcc.a(lib2-mul.o)
 .debug_abbrev  0x0000000000002054       0xa6 ../qbert_project_bsp/\libhal_bsp.a(alt_exit.o)

.debug_line     0x0000000000000000     0x251c
 *(.debug_line)
 .debug_line    0x0000000000000000       0x66 ../qbert_project_bsp//obj/HAL/src/crt0.o
 .debug_line    0x0000000000000066       0x76 obj/default/test.o
 .debug_line    0x00000000000000dc      0x1ff c:/altera/15.0/nios2eds/bin/gnu/h-x86_64-mingw32/bin/../lib/gcc/nios2-elf/4.9.1/../../../../../H-x86_64-mingw32/nios2-elf/lib/mno-hw-mul\libsmallc.a(lib_a-puts.o)
 .debug_line    0x00000000000002db      0x15e c:/altera/15.0/nios2eds/bin/gnu/h-x86_64-mingw32/bin/../lib/gcc/nios2-elf/4.9.1/../../../../../H-x86_64-mingw32/nios2-elf/lib/mno-hw-mul\libsmallc.a(lib_a-strlen.o)
 .debug_line    0x0000000000000439      0x1f5 c:/altera/15.0/nios2eds/bin/gnu/h-x86_64-mingw32/bin/../lib/gcc/nios2-elf/4.9.1/../../../../../H-x86_64-mingw32/nios2-elf/lib/mno-hw-mul\libsmallc.a(lib_a-fvwrite_small_dev.o)
 .debug_line    0x000000000000062e      0x158 c:/altera/15.0/nios2eds/bin/gnu/h-x86_64-mingw32/bin/../lib/gcc/nios2-elf/4.9.1/../../../../../H-x86_64-mingw32/nios2-elf/lib/mno-hw-mul\libsmallc.a(lib_a-impure.o)
 .debug_line    0x0000000000000786      0x1f0 c:/altera/15.0/nios2eds/bin/gnu/h-x86_64-mingw32/bin/../lib/gcc/nios2-elf/4.9.1/../../../../../H-x86_64-mingw32/nios2-elf/lib/mno-hw-mul\libsmallc.a(lib_a-writer.o)
 .debug_line    0x0000000000000976       0x60 c:/altera/15.0/nios2eds/bin/gnu/h-x86_64-mingw32/bin/../lib/gcc/nios2-elf/4.9.1/../../../../../H-x86_64-mingw32/nios2-elf/lib/mno-hw-mul\libsmallc.a(lib_a-int_errno.o)
 .debug_line    0x00000000000009d6       0x8d ../qbert_project_bsp/\libhal_bsp.a(alt_load.o)
 .debug_line    0x0000000000000a63       0xa4 ../qbert_project_bsp/\libhal_bsp.a(alt_main.o)
 .debug_line    0x0000000000000b07      0x1cc ../qbert_project_bsp/\libhal_bsp.a(alt_write.o)
 .debug_line    0x0000000000000cd3      0x143 ../qbert_project_bsp/\libhal_bsp.a(alt_sys_init.o)
 .debug_line    0x0000000000000e16      0x112 ../qbert_project_bsp/\libhal_bsp.a(altera_avalon_jtag_uart_fd.o)
 .debug_line    0x0000000000000f28       0xff ../qbert_project_bsp/\libhal_bsp.a(altera_avalon_jtag_uart_read.o)
 .debug_line    0x0000000000001027       0xf4 ../qbert_project_bsp/\libhal_bsp.a(altera_avalon_jtag_uart_write.o)
 .debug_line    0x000000000000111b       0x8a ../qbert_project_bsp/\libhal_bsp.a(altera_avalon_timer_vars.o)
 .debug_line    0x00000000000011a5      0x15e ../qbert_project_bsp/\libhal_bsp.a(alt_close.o)
 .debug_line    0x0000000000001303       0x51 ../qbert_project_bsp/\libhal_bsp.a(alt_dcache_flush_all.o)
 .debug_line    0x0000000000001354       0xf0 ../qbert_project_bsp/\libhal_bsp.a(alt_dev.o)
 .debug_line    0x0000000000001444       0xd0 ../qbert_project_bsp/\libhal_bsp.a(alt_dev_llist_insert.o)
 .debug_line    0x0000000000001514       0x59 ../qbert_project_bsp/\libhal_bsp.a(alt_do_ctors.o)
 .debug_line    0x000000000000156d       0x59 ../qbert_project_bsp/\libhal_bsp.a(alt_do_dtors.o)
 .debug_line    0x00000000000015c6       0x51 ../qbert_project_bsp/\libhal_bsp.a(alt_errno.o)
 .debug_line    0x0000000000001617       0x4f ../qbert_project_bsp/\libhal_bsp.a(alt_icache_flush_all.o)
 .debug_line    0x0000000000001666      0x12d ../qbert_project_bsp/\libhal_bsp.a(alt_io_redirect.o)
 .debug_line    0x0000000000001793      0x12d ../qbert_project_bsp/\libhal_bsp.a(alt_open.o)
 .debug_line    0x00000000000018c0       0xb0 ../qbert_project_bsp/\libhal_bsp.a(alt_release_fd.o)
 .debug_line    0x0000000000001970       0x51 ../qbert_project_bsp/\libhal_bsp.a(altera_nios2_gen2_irq.o)
 .debug_line    0x00000000000019c1       0xb5 ../qbert_project_bsp/\libhal_bsp.a(alt_find_dev.o)
 .debug_line    0x0000000000001a76       0xd1 ../qbert_project_bsp/\libhal_bsp.a(alt_find_file.o)
 .debug_line    0x0000000000001b47       0xd8 ../qbert_project_bsp/\libhal_bsp.a(alt_get_fd.o)
 .debug_line    0x0000000000001c1f       0xea c:/altera/15.0/nios2eds/bin/gnu/h-x86_64-mingw32/bin/../lib/gcc/nios2-elf/4.9.1/../../../../../H-x86_64-mingw32/nios2-elf/lib/mno-hw-mul\libsmallc.a(lib_a-atexit.o)
 .debug_line    0x0000000000001d09      0x15a c:/altera/15.0/nios2eds/bin/gnu/h-x86_64-mingw32/bin/../lib/gcc/nios2-elf/4.9.1/../../../../../H-x86_64-mingw32/nios2-elf/lib/mno-hw-mul\libsmallc.a(lib_a-exit.o)
 .debug_line    0x0000000000001e63      0x162 c:/altera/15.0/nios2eds/bin/gnu/h-x86_64-mingw32/bin/../lib/gcc/nios2-elf/4.9.1/../../../../../H-x86_64-mingw32/nios2-elf/lib/mno-hw-mul\libsmallc.a(lib_a-memcmp.o)
 .debug_line    0x0000000000001fc5      0x214 c:/altera/15.0/nios2eds/bin/gnu/h-x86_64-mingw32/bin/../lib/gcc/nios2-elf/4.9.1/../../../../../H-x86_64-mingw32/nios2-elf/lib/mno-hw-mul\libsmallc.a(lib_a-__atexit.o)
 .debug_line    0x00000000000021d9      0x252 c:/altera/15.0/nios2eds/bin/gnu/h-x86_64-mingw32/bin/../lib/gcc/nios2-elf/4.9.1/../../../../../H-x86_64-mingw32/nios2-elf/lib/mno-hw-mul\libsmallc.a(lib_a-__call_atexit.o)
 .debug_line    0x000000000000242b       0x80 c:/altera/15.0/nios2eds/bin/gnu/h-x86_64-mingw32/bin/../lib/gcc/nios2-elf/4.9.1/mno-hw-mul\libgcc.a(lib2-mul.o)
 .debug_line    0x00000000000024ab       0x71 ../qbert_project_bsp/\libhal_bsp.a(alt_exit.o)

.debug_frame    0x0000000000000000      0x878
 *(.debug_frame)
 .debug_frame   0x0000000000000000       0x38 obj/default/test.o
 .debug_frame   0x0000000000000038       0x48 c:/altera/15.0/nios2eds/bin/gnu/h-x86_64-mingw32/bin/../lib/gcc/nios2-elf/4.9.1/../../../../../H-x86_64-mingw32/nios2-elf/lib/mno-hw-mul\libsmallc.a(lib_a-puts.o)
 .debug_frame   0x0000000000000080       0x20 c:/altera/15.0/nios2eds/bin/gnu/h-x86_64-mingw32/bin/../lib/gcc/nios2-elf/4.9.1/../../../../../H-x86_64-mingw32/nios2-elf/lib/mno-hw-mul\libsmallc.a(lib_a-strlen.o)
 .debug_frame   0x00000000000000a0       0x40 c:/altera/15.0/nios2eds/bin/gnu/h-x86_64-mingw32/bin/../lib/gcc/nios2-elf/4.9.1/../../../../../H-x86_64-mingw32/nios2-elf/lib/mno-hw-mul\libsmallc.a(lib_a-fvwrite_small_dev.o)
 .debug_frame   0x00000000000000e0       0x38 c:/altera/15.0/nios2eds/bin/gnu/h-x86_64-mingw32/bin/../lib/gcc/nios2-elf/4.9.1/../../../../../H-x86_64-mingw32/nios2-elf/lib/mno-hw-mul\libsmallc.a(lib_a-writer.o)
 .debug_frame   0x0000000000000118       0x5c ../qbert_project_bsp/\libhal_bsp.a(alt_load.o)
 .debug_frame   0x0000000000000174       0x2c ../qbert_project_bsp/\libhal_bsp.a(alt_main.o)
 .debug_frame   0x00000000000001a0       0x60 ../qbert_project_bsp/\libhal_bsp.a(alt_write.o)
 .debug_frame   0x0000000000000200       0x88 ../qbert_project_bsp/\libhal_bsp.a(alt_sys_init.o)
 .debug_frame   0x0000000000000288       0x60 ../qbert_project_bsp/\libhal_bsp.a(altera_avalon_jtag_uart_fd.o)
 .debug_frame   0x00000000000002e8       0x34 ../qbert_project_bsp/\libhal_bsp.a(altera_avalon_jtag_uart_read.o)
 .debug_frame   0x000000000000031c       0x34 ../qbert_project_bsp/\libhal_bsp.a(altera_avalon_jtag_uart_write.o)
 .debug_frame   0x0000000000000350       0x60 ../qbert_project_bsp/\libhal_bsp.a(alt_close.o)
 .debug_frame   0x00000000000003b0       0x34 ../qbert_project_bsp/\libhal_bsp.a(alt_dcache_flush_all.o)
 .debug_frame   0x00000000000003e4       0x34 ../qbert_project_bsp/\libhal_bsp.a(alt_dev.o)
 .debug_frame   0x0000000000000418       0x60 ../qbert_project_bsp/\libhal_bsp.a(alt_dev_llist_insert.o)
 .debug_frame   0x0000000000000478       0x38 ../qbert_project_bsp/\libhal_bsp.a(alt_do_ctors.o)
 .debug_frame   0x00000000000004b0       0x38 ../qbert_project_bsp/\libhal_bsp.a(alt_do_dtors.o)
 .debug_frame   0x00000000000004e8       0x34 ../qbert_project_bsp/\libhal_bsp.a(alt_icache_flush_all.o)
 .debug_frame   0x000000000000051c       0x64 ../qbert_project_bsp/\libhal_bsp.a(alt_io_redirect.o)
 .debug_frame   0x0000000000000580       0x8c ../qbert_project_bsp/\libhal_bsp.a(alt_open.o)
 .debug_frame   0x000000000000060c       0x3c ../qbert_project_bsp/\libhal_bsp.a(alt_release_fd.o)
 .debug_frame   0x0000000000000648       0x34 ../qbert_project_bsp/\libhal_bsp.a(altera_nios2_gen2_irq.o)
 .debug_frame   0x000000000000067c       0x38 ../qbert_project_bsp/\libhal_bsp.a(alt_find_dev.o)
 .debug_frame   0x00000000000006b4       0x38 ../qbert_project_bsp/\libhal_bsp.a(alt_find_file.o)
 .debug_frame   0x00000000000006ec       0x3c ../qbert_project_bsp/\libhal_bsp.a(alt_get_fd.o)
 .debug_frame   0x0000000000000728       0x20 c:/altera/15.0/nios2eds/bin/gnu/h-x86_64-mingw32/bin/../lib/gcc/nios2-elf/4.9.1/../../../../../H-x86_64-mingw32/nios2-elf/lib/mno-hw-mul\libsmallc.a(lib_a-atexit.o)
 .debug_frame   0x0000000000000748       0x28 c:/altera/15.0/nios2eds/bin/gnu/h-x86_64-mingw32/bin/../lib/gcc/nios2-elf/4.9.1/../../../../../H-x86_64-mingw32/nios2-elf/lib/mno-hw-mul\libsmallc.a(lib_a-exit.o)
 .debug_frame   0x0000000000000770       0x20 c:/altera/15.0/nios2eds/bin/gnu/h-x86_64-mingw32/bin/../lib/gcc/nios2-elf/4.9.1/../../../../../H-x86_64-mingw32/nios2-elf/lib/mno-hw-mul\libsmallc.a(lib_a-memcmp.o)
 .debug_frame   0x0000000000000790       0x48 c:/altera/15.0/nios2eds/bin/gnu/h-x86_64-mingw32/bin/../lib/gcc/nios2-elf/4.9.1/../../../../../H-x86_64-mingw32/nios2-elf/lib/mno-hw-mul\libsmallc.a(lib_a-__atexit.o)
 .debug_frame   0x00000000000007d8       0x54 c:/altera/15.0/nios2eds/bin/gnu/h-x86_64-mingw32/bin/../lib/gcc/nios2-elf/4.9.1/../../../../../H-x86_64-mingw32/nios2-elf/lib/mno-hw-mul\libsmallc.a(lib_a-__call_atexit.o)
 .debug_frame   0x000000000000082c       0x20 c:/altera/15.0/nios2eds/bin/gnu/h-x86_64-mingw32/bin/../lib/gcc/nios2-elf/4.9.1/mno-hw-mul\libgcc.a(lib2-mul.o)
 .debug_frame   0x000000000000084c       0x2c ../qbert_project_bsp/\libhal_bsp.a(alt_exit.o)

.debug_str      0x0000000000000000     0x1412
 *(.debug_str)
 .debug_str     0x0000000000000000      0x126 obj/default/test.o
                                        0x164 (size before relaxing)
 .debug_str     0x0000000000000126      0x3c3 c:/altera/15.0/nios2eds/bin/gnu/h-x86_64-mingw32/bin/../lib/gcc/nios2-elf/4.9.1/../../../../../H-x86_64-mingw32/nios2-elf/lib/mno-hw-mul\libsmallc.a(lib_a-puts.o)
                                        0x491 (size before relaxing)
 .debug_str     0x00000000000004e9       0xd3 c:/altera/15.0/nios2eds/bin/gnu/h-x86_64-mingw32/bin/../lib/gcc/nios2-elf/4.9.1/../../../../../H-x86_64-mingw32/nios2-elf/lib/mno-hw-mul\libsmallc.a(lib_a-strlen.o)
                                        0x1a9 (size before relaxing)
 .debug_str     0x00000000000005bc       0x6d c:/altera/15.0/nios2eds/bin/gnu/h-x86_64-mingw32/bin/../lib/gcc/nios2-elf/4.9.1/../../../../../H-x86_64-mingw32/nios2-elf/lib/mno-hw-mul\libsmallc.a(lib_a-fvwrite_small_dev.o)
                                        0x4a8 (size before relaxing)
 .debug_str     0x0000000000000629       0xf0 c:/altera/15.0/nios2eds/bin/gnu/h-x86_64-mingw32/bin/../lib/gcc/nios2-elf/4.9.1/../../../../../H-x86_64-mingw32/nios2-elf/lib/mno-hw-mul\libsmallc.a(lib_a-impure.o)
                                        0x482 (size before relaxing)
 .debug_str     0x0000000000000719       0x3d c:/altera/15.0/nios2eds/bin/gnu/h-x86_64-mingw32/bin/../lib/gcc/nios2-elf/4.9.1/../../../../../H-x86_64-mingw32/nios2-elf/lib/mno-hw-mul\libsmallc.a(lib_a-writer.o)
                                        0x47c (size before relaxing)
 .debug_str     0x0000000000000756       0x40 c:/altera/15.0/nios2eds/bin/gnu/h-x86_64-mingw32/bin/../lib/gcc/nios2-elf/4.9.1/../../../../../H-x86_64-mingw32/nios2-elf/lib/mno-hw-mul\libsmallc.a(lib_a-int_errno.o)
                                        0x19c (size before relaxing)
 .debug_str     0x0000000000000796      0x150 ../qbert_project_bsp/\libhal_bsp.a(alt_load.o)
                                        0x21a (size before relaxing)
 .debug_str     0x00000000000008e6       0x70 ../qbert_project_bsp/\libhal_bsp.a(alt_main.o)
                                        0x1a5 (size before relaxing)
 .debug_str     0x0000000000000956      0x15f ../qbert_project_bsp/\libhal_bsp.a(alt_write.o)
                                        0x300 (size before relaxing)
 .debug_str     0x0000000000000ab5      0x138 ../qbert_project_bsp/\libhal_bsp.a(alt_sys_init.o)
                                        0x314 (size before relaxing)
 .debug_str     0x0000000000000bed       0x77 ../qbert_project_bsp/\libhal_bsp.a(altera_avalon_jtag_uart_fd.o)
                                        0x2dd (size before relaxing)
 .debug_str     0x0000000000000c64       0x48 ../qbert_project_bsp/\libhal_bsp.a(altera_avalon_jtag_uart_read.o)
                                        0x227 (size before relaxing)
 .debug_str     0x0000000000000cac       0x4a ../qbert_project_bsp/\libhal_bsp.a(altera_avalon_jtag_uart_write.o)
                                        0x21d (size before relaxing)
 .debug_str     0x0000000000000cf6       0x27 ../qbert_project_bsp/\libhal_bsp.a(altera_avalon_timer_vars.o)
                                        0x1c1 (size before relaxing)
 .debug_str     0x0000000000000d1d       0x1b ../qbert_project_bsp/\libhal_bsp.a(alt_close.o)
                                        0x213 (size before relaxing)
 .debug_str     0x0000000000000d38       0x34 ../qbert_project_bsp/\libhal_bsp.a(alt_dcache_flush_all.o)
                                        0x15d (size before relaxing)
 .debug_str     0x0000000000000d6c       0x50 ../qbert_project_bsp/\libhal_bsp.a(alt_dev.o)
                                        0x30d (size before relaxing)
 .debug_str     0x0000000000000dbc       0x4b ../qbert_project_bsp/\libhal_bsp.a(alt_dev_llist_insert.o)
                                        0x1d4 (size before relaxing)
 .debug_str     0x0000000000000e07       0x48 ../qbert_project_bsp/\libhal_bsp.a(alt_do_ctors.o)
                                         0xe4 (size before relaxing)
 .debug_str     0x0000000000000e4f       0x4c ../qbert_project_bsp/\libhal_bsp.a(alt_do_dtors.o)
                                         0xe3 (size before relaxing)
 .debug_str     0x0000000000000e9b       0x14 ../qbert_project_bsp/\libhal_bsp.a(alt_errno.o)
                                        0x14d (size before relaxing)
 .debug_str     0x0000000000000eaf       0x34 ../qbert_project_bsp/\libhal_bsp.a(alt_icache_flush_all.o)
                                        0x15d (size before relaxing)
 .debug_str     0x0000000000000ee3       0x56 ../qbert_project_bsp/\libhal_bsp.a(alt_io_redirect.o)
                                        0x31e (size before relaxing)
 .debug_str     0x0000000000000f39       0x36 ../qbert_project_bsp/\libhal_bsp.a(alt_open.o)
                                        0x253 (size before relaxing)
 .debug_str     0x0000000000000f6f       0x28 ../qbert_project_bsp/\libhal_bsp.a(alt_release_fd.o)
                                        0x1e7 (size before relaxing)
 .debug_str     0x0000000000000f97       0x3b ../qbert_project_bsp/\libhal_bsp.a(altera_nios2_gen2_irq.o)
                                        0x164 (size before relaxing)
 .debug_str     0x0000000000000fd2       0x24 ../qbert_project_bsp/\libhal_bsp.a(alt_find_dev.o)
                                        0x1f4 (size before relaxing)
 .debug_str     0x0000000000000ff6       0x26 ../qbert_project_bsp/\libhal_bsp.a(alt_find_file.o)
                                        0x202 (size before relaxing)
 .debug_str     0x000000000000101c       0x30 ../qbert_project_bsp/\libhal_bsp.a(alt_get_fd.o)
                                        0x224 (size before relaxing)
 .debug_str     0x000000000000104c      0x117 c:/altera/15.0/nios2eds/bin/gnu/h-x86_64-mingw32/bin/../lib/gcc/nios2-elf/4.9.1/../../../../../H-x86_64-mingw32/nios2-elf/lib/mno-hw-mul\libsmallc.a(lib_a-atexit.o)
                                        0x1e0 (size before relaxing)
 .debug_str     0x0000000000001163       0x4d c:/altera/15.0/nios2eds/bin/gnu/h-x86_64-mingw32/bin/../lib/gcc/nios2-elf/4.9.1/../../../../../H-x86_64-mingw32/nios2-elf/lib/mno-hw-mul\libsmallc.a(lib_a-exit.o)
                                        0x1b4 (size before relaxing)
 .debug_str     0x00000000000011b0       0x45 c:/altera/15.0/nios2eds/bin/gnu/h-x86_64-mingw32/bin/../lib/gcc/nios2-elf/4.9.1/../../../../../H-x86_64-mingw32/nios2-elf/lib/mno-hw-mul\libsmallc.a(lib_a-memcmp.o)
                                        0x1a3 (size before relaxing)
 .debug_str     0x00000000000011f5       0x55 c:/altera/15.0/nios2eds/bin/gnu/h-x86_64-mingw32/bin/../lib/gcc/nios2-elf/4.9.1/../../../../../H-x86_64-mingw32/nios2-elf/lib/mno-hw-mul\libsmallc.a(lib_a-__atexit.o)
                                        0x4d8 (size before relaxing)
 .debug_str     0x000000000000124a       0x58 c:/altera/15.0/nios2eds/bin/gnu/h-x86_64-mingw32/bin/../lib/gcc/nios2-elf/4.9.1/../../../../../H-x86_64-mingw32/nios2-elf/lib/mno-hw-mul\libsmallc.a(lib_a-__call_atexit.o)
                                        0x4a1 (size before relaxing)
 .debug_str     0x00000000000012a2      0x146 c:/altera/15.0/nios2eds/bin/gnu/h-x86_64-mingw32/bin/../lib/gcc/nios2-elf/4.9.1/mno-hw-mul\libgcc.a(lib2-mul.o)
                                        0x191 (size before relaxing)
 .debug_str     0x00000000000013e8       0x2a ../qbert_project_bsp/\libhal_bsp.a(alt_exit.o)
                                        0x159 (size before relaxing)

.debug_loc      0x0000000000000000      0x5e9
 *(.debug_loc)
 .debug_loc     0x0000000000000000       0x97 c:/altera/15.0/nios2eds/bin/gnu/h-x86_64-mingw32/bin/../lib/gcc/nios2-elf/4.9.1/../../../../../H-x86_64-mingw32/nios2-elf/lib/mno-hw-mul\libsmallc.a(lib_a-puts.o)
 .debug_loc     0x0000000000000097       0x1e c:/altera/15.0/nios2eds/bin/gnu/h-x86_64-mingw32/bin/../lib/gcc/nios2-elf/4.9.1/../../../../../H-x86_64-mingw32/nios2-elf/lib/mno-hw-mul\libsmallc.a(lib_a-strlen.o)
 .debug_loc     0x00000000000000b5       0xbd c:/altera/15.0/nios2eds/bin/gnu/h-x86_64-mingw32/bin/../lib/gcc/nios2-elf/4.9.1/../../../../../H-x86_64-mingw32/nios2-elf/lib/mno-hw-mul\libsmallc.a(lib_a-fvwrite_small_dev.o)
 .debug_loc     0x0000000000000172       0xa5 c:/altera/15.0/nios2eds/bin/gnu/h-x86_64-mingw32/bin/../lib/gcc/nios2-elf/4.9.1/../../../../../H-x86_64-mingw32/nios2-elf/lib/mno-hw-mul\libsmallc.a(lib_a-writer.o)
 .debug_loc     0x0000000000000217       0x2c c:/altera/15.0/nios2eds/bin/gnu/h-x86_64-mingw32/bin/../lib/gcc/nios2-elf/4.9.1/../../../../../H-x86_64-mingw32/nios2-elf/lib/mno-hw-mul\libsmallc.a(lib_a-atexit.o)
 .debug_loc     0x0000000000000243       0x1e c:/altera/15.0/nios2eds/bin/gnu/h-x86_64-mingw32/bin/../lib/gcc/nios2-elf/4.9.1/../../../../../H-x86_64-mingw32/nios2-elf/lib/mno-hw-mul\libsmallc.a(lib_a-exit.o)
 .debug_loc     0x0000000000000261       0x94 c:/altera/15.0/nios2eds/bin/gnu/h-x86_64-mingw32/bin/../lib/gcc/nios2-elf/4.9.1/../../../../../H-x86_64-mingw32/nios2-elf/lib/mno-hw-mul\libsmallc.a(lib_a-memcmp.o)
 .debug_loc     0x00000000000002f5      0x15c c:/altera/15.0/nios2eds/bin/gnu/h-x86_64-mingw32/bin/../lib/gcc/nios2-elf/4.9.1/../../../../../H-x86_64-mingw32/nios2-elf/lib/mno-hw-mul\libsmallc.a(lib_a-__atexit.o)
 .debug_loc     0x0000000000000451      0x105 c:/altera/15.0/nios2eds/bin/gnu/h-x86_64-mingw32/bin/../lib/gcc/nios2-elf/4.9.1/../../../../../H-x86_64-mingw32/nios2-elf/lib/mno-hw-mul\libsmallc.a(lib_a-__call_atexit.o)
 .debug_loc     0x0000000000000556       0x93 c:/altera/15.0/nios2eds/bin/gnu/h-x86_64-mingw32/bin/../lib/gcc/nios2-elf/4.9.1/mno-hw-mul\libgcc.a(lib2-mul.o)

.debug_macinfo
 *(.debug_macinfo)

.debug_weaknames
 *(.debug_weaknames)

.debug_funcnames
 *(.debug_funcnames)

.debug_typenames
 *(.debug_typenames)

.debug_varnames
 *(.debug_varnames)

.debug_alt_sim_info
                0x0000000000000000       0x10
 *(.debug_alt_sim_info)
 .debug_alt_sim_info
                0x0000000000000000       0x10 ../qbert_project_bsp//obj/HAL/src/crt0.o
                0x000000000000ce20                __alt_data_end = 0xce20
                0x000000000000ce20                PROVIDE (__alt_stack_pointer, __alt_data_end)
                0x0000000000009c8c                PROVIDE (__alt_stack_limit, __alt_stack_base)
                0x0000000000009c8c                PROVIDE (__alt_heap_start, end)
                0x000000000000ce20                PROVIDE (__alt_heap_limit, 0xce20)
OUTPUT(qbert_project.elf elf32-littlenios2)

.debug_ranges   0x0000000000000000       0x38
 .debug_ranges  0x0000000000000000       0x20 ../qbert_project_bsp//obj/HAL/src/crt0.o
 .debug_ranges  0x0000000000000020       0x18 c:/altera/15.0/nios2eds/bin/gnu/h-x86_64-mingw32/bin/../lib/gcc/nios2-elf/4.9.1/../../../../../H-x86_64-mingw32/nios2-elf/lib/mno-hw-mul\libsmallc.a(lib_a-fvwrite_small_dev.o)
